Archive member included to satisfy reference by file (symbol)

d:/gustavo-hd/atmel/studio/7.0/toolchain/arm/arm-gnu-toolchain/bin/../lib/gcc/arm-none-eabi/6.3.1/../../../../arm-none-eabi/lib/thumb/v7e-m\libc.a(lib_a-exit.o)
                              d:/gustavo-hd/atmel/studio/7.0/toolchain/arm/arm-gnu-toolchain/bin/../lib/gcc/arm-none-eabi/6.3.1/../../../../arm-none-eabi/lib/thumb/v7e-m/crt0.o (exit)
d:/gustavo-hd/atmel/studio/7.0/toolchain/arm/arm-gnu-toolchain/bin/../lib/gcc/arm-none-eabi/6.3.1/../../../../arm-none-eabi/lib/thumb/v7e-m\libc.a(lib_a-impure.o)
                              d:/gustavo-hd/atmel/studio/7.0/toolchain/arm/arm-gnu-toolchain/bin/../lib/gcc/arm-none-eabi/6.3.1/../../../../arm-none-eabi/lib/thumb/v7e-m\libc.a(lib_a-exit.o) (_global_impure_ptr)
d:/gustavo-hd/atmel/studio/7.0/toolchain/arm/arm-gnu-toolchain/bin/../lib/gcc/arm-none-eabi/6.3.1/../../../../arm-none-eabi/lib/thumb/v7e-m\libc.a(lib_a-init.o)
                              d:/gustavo-hd/atmel/studio/7.0/toolchain/arm/arm-gnu-toolchain/bin/../lib/gcc/arm-none-eabi/6.3.1/../../../../arm-none-eabi/lib/thumb/v7e-m/crt0.o (__libc_init_array)
d:/gustavo-hd/atmel/studio/7.0/toolchain/arm/arm-gnu-toolchain/bin/../lib/gcc/arm-none-eabi/6.3.1/../../../../arm-none-eabi/lib/thumb/v7e-m\libc.a(lib_a-iprintf.o)
                              src/main.o (iprintf)
d:/gustavo-hd/atmel/studio/7.0/toolchain/arm/arm-gnu-toolchain/bin/../lib/gcc/arm-none-eabi/6.3.1/../../../../arm-none-eabi/lib/thumb/v7e-m\libc.a(lib_a-malloc.o)
                              src/ASF/common/components/touch/mxt/mxt_device_1.o (malloc)
d:/gustavo-hd/atmel/studio/7.0/toolchain/arm/arm-gnu-toolchain/bin/../lib/gcc/arm-none-eabi/6.3.1/../../../../arm-none-eabi/lib/thumb/v7e-m\libc.a(lib_a-mallocr.o)
                              d:/gustavo-hd/atmel/studio/7.0/toolchain/arm/arm-gnu-toolchain/bin/../lib/gcc/arm-none-eabi/6.3.1/../../../../arm-none-eabi/lib/thumb/v7e-m\libc.a(lib_a-malloc.o) (_malloc_r)
d:/gustavo-hd/atmel/studio/7.0/toolchain/arm/arm-gnu-toolchain/bin/../lib/gcc/arm-none-eabi/6.3.1/../../../../arm-none-eabi/lib/thumb/v7e-m\libc.a(lib_a-memset.o)
                              d:/gustavo-hd/atmel/studio/7.0/toolchain/arm/arm-gnu-toolchain/bin/../lib/gcc/arm-none-eabi/6.3.1/../../../../arm-none-eabi/lib/thumb/v7e-m/crt0.o (memset)
d:/gustavo-hd/atmel/studio/7.0/toolchain/arm/arm-gnu-toolchain/bin/../lib/gcc/arm-none-eabi/6.3.1/../../../../arm-none-eabi/lib/thumb/v7e-m\libc.a(lib_a-mlock.o)
                              d:/gustavo-hd/atmel/studio/7.0/toolchain/arm/arm-gnu-toolchain/bin/../lib/gcc/arm-none-eabi/6.3.1/../../../../arm-none-eabi/lib/thumb/v7e-m\libc.a(lib_a-mallocr.o) (__malloc_lock)
d:/gustavo-hd/atmel/studio/7.0/toolchain/arm/arm-gnu-toolchain/bin/../lib/gcc/arm-none-eabi/6.3.1/../../../../arm-none-eabi/lib/thumb/v7e-m\libc.a(lib_a-sbrkr.o)
                              d:/gustavo-hd/atmel/studio/7.0/toolchain/arm/arm-gnu-toolchain/bin/../lib/gcc/arm-none-eabi/6.3.1/../../../../arm-none-eabi/lib/thumb/v7e-m\libc.a(lib_a-mallocr.o) (_sbrk_r)
d:/gustavo-hd/atmel/studio/7.0/toolchain/arm/arm-gnu-toolchain/bin/../lib/gcc/arm-none-eabi/6.3.1/../../../../arm-none-eabi/lib/thumb/v7e-m\libc.a(lib_a-setbuf.o)
                              src/main.o (setbuf)
d:/gustavo-hd/atmel/studio/7.0/toolchain/arm/arm-gnu-toolchain/bin/../lib/gcc/arm-none-eabi/6.3.1/../../../../arm-none-eabi/lib/thumb/v7e-m\libc.a(lib_a-setvbuf.o)
                              d:/gustavo-hd/atmel/studio/7.0/toolchain/arm/arm-gnu-toolchain/bin/../lib/gcc/arm-none-eabi/6.3.1/../../../../arm-none-eabi/lib/thumb/v7e-m\libc.a(lib_a-setbuf.o) (setvbuf)
d:/gustavo-hd/atmel/studio/7.0/toolchain/arm/arm-gnu-toolchain/bin/../lib/gcc/arm-none-eabi/6.3.1/../../../../arm-none-eabi/lib/thumb/v7e-m\libc.a(lib_a-sprintf.o)
                              src/main.o (sprintf)
d:/gustavo-hd/atmel/studio/7.0/toolchain/arm/arm-gnu-toolchain/bin/../lib/gcc/arm-none-eabi/6.3.1/../../../../arm-none-eabi/lib/thumb/v7e-m\libc.a(lib_a-strcat.o)
                              src/main.o (strcat)
d:/gustavo-hd/atmel/studio/7.0/toolchain/arm/arm-gnu-toolchain/bin/../lib/gcc/arm-none-eabi/6.3.1/../../../../arm-none-eabi/lib/thumb/v7e-m\libc.a(lib_a-strcpy.o)
                              src/main.o (strcpy)
d:/gustavo-hd/atmel/studio/7.0/toolchain/arm/arm-gnu-toolchain/bin/../lib/gcc/arm-none-eabi/6.3.1/../../../../arm-none-eabi/lib/thumb/v7e-m\libc.a(lib_a-strlen.o)
                              src/main.o (strlen)
d:/gustavo-hd/atmel/studio/7.0/toolchain/arm/arm-gnu-toolchain/bin/../lib/gcc/arm-none-eabi/6.3.1/../../../../arm-none-eabi/lib/thumb/v7e-m\libc.a(lib_a-svfprintf.o)
                              d:/gustavo-hd/atmel/studio/7.0/toolchain/arm/arm-gnu-toolchain/bin/../lib/gcc/arm-none-eabi/6.3.1/../../../../arm-none-eabi/lib/thumb/v7e-m\libc.a(lib_a-sprintf.o) (_svfprintf_r)
[...]
Memory Configuration

Name             Origin             Length             Attributes
rom              0x00400000         0x00200000         xr
ram              0x20400000         0x00060000         xrw
*default*        0x00000000         0xffffffff

Linker script and memory map

LOAD d:/gustavo-hd/atmel/studio/7.0/toolchain/arm/arm-gnu-toolchain/bin/../lib/gcc/arm-none-eabi/6.3.1/thumb/v7e-m/crti.o
LOAD d:/gustavo-hd/atmel/studio/7.0/toolchain/arm/arm-gnu-toolchain/bin/../lib/gcc/arm-none-eabi/6.3.1/thumb/v7e-m/crtbegin.o
LOAD d:/gustavo-hd/atmel/studio/7.0/toolchain/arm/arm-gnu-toolchain/bin/../lib/gcc/arm-none-eabi/6.3.1/../../../../arm-none-eabi/lib/thumb/v7e-m/crt0.o
LOAD src/ASF/sam/drivers/tc/tc.o
LOAD src/ASF/common/components/touch/mxt/mxt_device_1.o
LOAD src/ASF/common/services/clock/same70/sysclk.o
LOAD src/ASF/common/services/delay/sam/cycle_counter.o
LOAD src/ASF/common/services/serial/usart_serial.o
LOAD src/ASF/common/services/spi/sam_spi/spi_master.o
LOAD src/ASF/common/utils/interrupt/interrupt_sam_nvic.o
LOAD src/ASF/common/utils/stdio/read.o
LOAD src/ASF/common/utils/stdio/write.o
LOAD src/ASF/sam/boards/same70_xplained/init.o
LOAD src/ASF/sam/components/display/ili9488/ili9488.o
LOAD src/ASF/sam/drivers/mpu/mpu.o
LOAD src/ASF/sam/drivers/pio/pio.o
LOAD src/ASF/sam/drivers/pio/pio_handler.o
LOAD src/ASF/sam/drivers/pmc/pmc.o
LOAD src/ASF/sam/drivers/pmc/sleep.o
LOAD src/ASF/sam/drivers/spi/spi.o
LOAD src/ASF/sam/drivers/twihs/twihs.o
LOAD src/ASF/sam/drivers/uart/uart.o
LOAD src/ASF/sam/drivers/usart/usart.o
LOAD src/ASF/sam/utils/cmsis/same70/source/templates/gcc/startup_same70.o
LOAD src/ASF/sam/utils/cmsis/same70/source/templates/system_same70.o
LOAD src/ASF/sam/utils/syscalls/gcc/syscalls.o
LOAD src/main.o
START GROUP
LOAD ../src/ASF/thirdparty/CMSIS/Lib/GCC\libarm_cortexM7lfsp_math_softfp.a
LOAD d:/gustavo-hd/atmel/studio/7.0/toolchain/arm/arm-gnu-toolchain/bin/../lib/gcc/arm-none-eabi/6.3.1/../../../../arm-none-eabi/lib/thumb/v7e-m\libm.a
END GROUP
START GROUP
LOAD d:/gustavo-hd/atmel/studio/7.0/toolchain/arm/arm-gnu-toolchain/bin/../lib/gcc/arm-none-eabi/6.3.1/thumb/v7e-m\libgcc.a
LOAD d:/gustavo-hd/atmel/studio/7.0/toolchain/arm/arm-gnu-toolchain/bin/../lib/gcc/arm-none-eabi/6.3.1/../../../../arm-none-eabi/lib/thumb/v7e-m\libc.a
END GROUP
LOAD d:/gustavo-hd/atmel/studio/7.0/toolchain/arm/arm-gnu-toolchain/bin/../lib/gcc/arm-none-eabi/6.3.1/thumb/v7e-m/crtend.o
LOAD d:/gustavo-hd/atmel/studio/7.0/toolchain/arm/arm-gnu-toolchain/bin/../lib/gcc/arm-none-eabi/6.3.1/thumb/v7e-m/crtn.o
                0x00002000                STACK_SIZE = DEFINED (STACK_SIZE)?STACK_SIZE:0x2000
                0x2045fffc                __ram_end__ = ((ORIGIN (ram) + LENGTH (ram)) - 0x4)
                0x00000200                HEAP_SIZE = DEFINED (HEAP_SIZE)?HEAP_SIZE:0x200

.text           0x00400000    0x254f4
                0x00400000                . = ALIGN (0x4)
                0x00400000                _sfixed = .
 *(.vectors .vectors.*)
 .vectors       0x00400000      0x168 src/ASF/sam/utils/cmsis/same70/source/templates/gcc/startup_same70.o
                0x00400000                exception_table
 *(.text .text.* .gnu.linkonce.t.*)
 .text          0x00400168       0x6c d:/gustavo-hd/atmel/studio/7.0/toolchain/arm/arm-gnu-toolchain/bin/../lib/gcc/arm-none-eabi/6.3.1/thumb/v7e-m/crtbegin.o
 .text.tc_init  0x004001d4       0x1a src/ASF/sam/drivers/tc/tc.o
                0x004001d4                tc_init
 .text.tc_start
                0x004001ee        0x8 src/ASF/sam/drivers/tc/tc.o
                0x004001ee                tc_start
 .text.tc_stop  0x004001f6        0x8 src/ASF/sam/drivers/tc/tc.o
                0x004001f6                tc_stop
 .text.tc_write_rc
                0x004001fe        0x8 src/ASF/sam/drivers/tc/tc.o
                0x004001fe                tc_write_rc
 .text.tc_enable_interrupt
                0x00400206        0x8 src/ASF/sam/drivers/tc/tc.o
                0x00400206                tc_enable_interrupt
 .text.tc_get_status
                0x0040020e        0x8 src/ASF/sam/drivers/tc/tc.o
                0x0040020e                tc_get_status
 .text.tc_find_mck_divisor
                0x00400216       0x70 src/ASF/sam/drivers/tc/tc.o
                0x00400216                tc_find_mck_divisor
 *fill*         0x00400286        0x2 
 .text.mxt_init_device
                0x00400288      0x298 src/ASF/common/components/touch/mxt/mxt_device_1.o
                0x00400288                mxt_init_device
 .text.mxt_get_object_address
                0x00400520       0x40 src/ASF/common/components/touch/mxt/mxt_device_1.o
                0x00400520                mxt_get_object_address
 .text.mxt_write_config_object
                0x00400560       0x78 src/ASF/common/components/touch/mxt/mxt_device_1.o
                0x00400560                mxt_write_config_object
 .text.mxt_write_config_reg
                0x004005d8       0x48 src/ASF/common/components/touch/mxt/mxt_device_1.o
                0x004005d8                mxt_write_config_reg
 .text.mxt_is_message_pending
                0x00400620       0x24 src/ASF/common/components/touch/mxt/mxt_device_1.o
                0x00400620                mxt_is_message_pending
 .text.mxt_read_message
                0x00400644       0x4c src/ASF/common/components/touch/mxt/mxt_device_1.o
                0x00400644                mxt_read_message
 .text.mxt_read_touch_event
                0x00400690       0x70 src/ASF/common/components/touch/mxt/mxt_device_1.o
                0x00400690                mxt_read_touch_event
 .text.sysclk_init
                0x00400700       0x74 src/ASF/common/services/clock/same70/sysclk.o
                0x00400700                sysclk_init
 .text.usart_serial_write_packet
                0x00400774       0xd8 src/ASF/common/services/serial/usart_serial.o
                0x00400774                usart_serial_write_packet
 .text.spi_master_init
                0x0040084c       0x54 src/ASF/common/services/spi/sam_spi/spi_master.o
                0x0040084c                spi_master_init
 .text.spi_master_setup_device
                0x004008a0       0x80 src/ASF/common/services/spi/sam_spi/spi_master.o
                0x004008a0                spi_master_setup_device
 .text.spi_select_device
                0x00400920       0x30 src/ASF/common/services/spi/sam_spi/spi_master.o
                0x00400920                spi_select_device
 .text.spi_write_packet
                0x00400950       0x36 src/ASF/common/services/spi/sam_spi/spi_master.o
                0x00400950                spi_write_packet
 .text.spi_read_packet
                0x00400986       0x54 src/ASF/common/services/spi/sam_spi/spi_master.o
                0x00400986                spi_read_packet
 *fill*         0x004009da        0x2 
 .text._read    0x004009dc       0x3c src/ASF/common/utils/stdio/read.o
                0x004009dc                _read
 .text._write   0x00400a18       0x50 src/ASF/common/utils/stdio/write.o
                0x00400a18                _write
 .text.board_init
                0x00400a68      0x2bc src/ASF/sam/boards/same70_xplained/init.o
                0x00400a68                board_init
 .text.ili9488_check_box_coordinates
                0x00400d24       0x56 src/ASF/sam/components/display/ili9488/ili9488.o
 *fill*         0x00400d7a        0x2 
 .text.ili9488_write_ram_prepare
                0x00400d7c       0x3c src/ASF/sam/components/display/ili9488/ili9488.o
 .text.ili9488_write_register
                0x00400db8       0x74 src/ASF/sam/components/display/ili9488/ili9488.o
 .text.ili9488_write_ram_buffer
                0x00400e2c       0x40 src/ASF/sam/components/display/ili9488/ili9488.o
 .text.ili9488_delay
                0x00400e6c       0x1c src/ASF/sam/components/display/ili9488/ili9488.o
                0x00400e6c                ili9488_delay
 .text.ili9488_set_display_direction
                0x00400e88       0x2c src/ASF/sam/components/display/ili9488/ili9488.o
                0x00400e88                ili9488_set_display_direction
 .text.ili9488_set_window
                0x00400eb4       0x80 src/ASF/sam/components/display/ili9488/ili9488.o
                0x00400eb4                ili9488_set_window
 .text.ili9488_display_on
                0x00400f34       0x14 src/ASF/sam/components/display/ili9488/ili9488.o
                0x00400f34                ili9488_display_on
 .text.ili9488_set_foreground_color
                0x00400f48       0x28 src/ASF/sam/components/display/ili9488/ili9488.o
                0x00400f48                ili9488_set_foreground_color
 .text.ili9488_set_cursor_position
                0x00400f70       0x64 src/ASF/sam/components/display/ili9488/ili9488.o
                0x00400f70                ili9488_set_cursor_position
 .text.ili9488_init
                0x00400fd4      0x1c4 src/ASF/sam/components/display/ili9488/ili9488.o
                0x00400fd4                ili9488_init
 .text.ili9488_draw_pixel
                0x00401198       0x3c src/ASF/sam/components/display/ili9488/ili9488.o
                0x00401198                ili9488_draw_pixel
 .text.ili9488_draw_filled_rectangle
                0x004011d4       0xbc src/ASF/sam/components/display/ili9488/ili9488.o
                0x004011d4                ili9488_draw_filled_rectangle
 .text.ili9488_draw_string
                0x00401290       0xb0 src/ASF/sam/components/display/ili9488/ili9488.o
                0x00401290                ili9488_draw_string
 .text.ili9488_draw_pixmap
                0x00401340       0x78 src/ASF/sam/components/display/ili9488/ili9488.o
                0x00401340                ili9488_draw_pixmap
 .text.pio_pull_up
                0x004013b8        0xa src/ASF/sam/drivers/pio/pio.o
                0x004013b8                pio_pull_up
 .text.pio_set  0x004013c2        0x4 src/ASF/sam/drivers/pio/pio.o
                0x004013c2                pio_set
 .text.pio_get  0x004013c6       0x1a src/ASF/sam/drivers/pio/pio.o
                0x004013c6                pio_get
 .text.pio_set_peripheral
                0x004013e0       0x92 src/ASF/sam/drivers/pio/pio.o
                0x004013e0                pio_set_peripheral
 .text.pio_set_input
                0x00401472       0x36 src/ASF/sam/drivers/pio/pio.o
                0x00401472                pio_set_input
 .text.pio_set_output
                0x004014a8       0x28 src/ASF/sam/drivers/pio/pio.o
                0x004014a8                pio_set_output
 .text.pio_configure
                0x004014d0       0x90 src/ASF/sam/drivers/pio/pio.o
                0x004014d0                pio_configure
 .text.pio_get_interrupt_status
                0x00401560        0x4 src/ASF/sam/drivers/pio/pio.o
                0x00401560                pio_get_interrupt_status
 .text.pio_get_interrupt_mask
                0x00401564        0x4 src/ASF/sam/drivers/pio/pio.o
                0x00401564                pio_get_interrupt_mask
 .text.pio_set_pin_high
                0x00401568       0x1c src/ASF/sam/drivers/pio/pio.o
                0x00401568                pio_set_pin_high
 .text.pio_set_pin_low
                0x00401584       0x1c src/ASF/sam/drivers/pio/pio.o
                0x00401584                pio_set_pin_low
 .text.pio_configure_pin
                0x004015a0      0x130 src/ASF/sam/drivers/pio/pio.o
                0x004015a0                pio_configure_pin
 .text.pio_handler_process
                0x004016d0       0x50 src/ASF/sam/drivers/pio/pio_handler.o
                0x004016d0                pio_handler_process
 .text.PIOA_Handler
                0x00401720       0x14 src/ASF/sam/drivers/pio/pio_handler.o
                0x00401720                PIOA_Handler
 .text.PIOB_Handler
                0x00401734       0x14 src/ASF/sam/drivers/pio/pio_handler.o
                0x00401734                PIOB_Handler
 .text.PIOC_Handler
                0x00401748       0x14 src/ASF/sam/drivers/pio/pio_handler.o
                0x00401748                PIOC_Handler
 .text.PIOD_Handler
                0x0040175c       0x14 src/ASF/sam/drivers/pio/pio_handler.o
                0x0040175c                PIOD_Handler
 .text.PIOE_Handler
                0x00401770       0x14 src/ASF/sam/drivers/pio/pio_handler.o
                0x00401770                PIOE_Handler
 .text.pmc_mck_set_division
                0x00401784       0x38 src/ASF/sam/drivers/pmc/pmc.o
                0x00401784                pmc_mck_set_division
 .text.pmc_switch_mck_to_pllack
                0x004017bc       0x64 src/ASF/sam/drivers/pmc/pmc.o
                0x004017bc                pmc_switch_mck_to_pllack
 .text.pmc_switch_mainck_to_xtal
                0x00401820       0x54 src/ASF/sam/drivers/pmc/pmc.o
                0x00401820                pmc_switch_mainck_to_xtal
 .text.pmc_osc_is_ready_mainck
                0x00401874       0x10 src/ASF/sam/drivers/pmc/pmc.o
                0x00401874                pmc_osc_is_ready_mainck
 .text.pmc_disable_pllack
                0x00401884       0x10 src/ASF/sam/drivers/pmc/pmc.o
                0x00401884                pmc_disable_pllack
 .text.pmc_is_locked_pllack
                0x00401894       0x10 src/ASF/sam/drivers/pmc/pmc.o
                0x00401894                pmc_is_locked_pllack
 .text.pmc_enable_periph_clk
                0x004018a4       0x20 src/ASF/sam/drivers/pmc/pmc.o
                0x004018a4                pmc_enable_periph_clk
 .text.spi_enable_clock
                0x004018c4       0x2c src/ASF/sam/drivers/spi/spi.o
                0x004018c4                spi_enable_clock
 .text.spi_set_peripheral_chip_select_value
                0x004018f0       0x16 src/ASF/sam/drivers/spi/spi.o
                0x004018f0                spi_set_peripheral_chip_select_value
 .text.spi_set_delay_between_chip_select
                0x00401906       0x12 src/ASF/sam/drivers/spi/spi.o
                0x00401906                spi_set_delay_between_chip_select
 .text.spi_write
                0x00401918       0x34 src/ASF/sam/drivers/spi/spi.o
                0x00401918                spi_write
 .text.spi_set_clock_polarity
                0x0040194c       0x1e src/ASF/sam/drivers/spi/spi.o
                0x0040194c                spi_set_clock_polarity
 .text.spi_set_clock_phase
                0x0040196a       0x1e src/ASF/sam/drivers/spi/spi.o
                0x0040196a                spi_set_clock_phase
 .text.spi_configure_cs_behavior
                0x00401988       0x46 src/ASF/sam/drivers/spi/spi.o
                0x00401988                spi_configure_cs_behavior
 .text.spi_set_bits_per_transfer
                0x004019ce       0x14 src/ASF/sam/drivers/spi/spi.o
                0x004019ce                spi_set_bits_per_transfer
 .text.spi_calc_baudrate_div
                0x004019e2       0x16 src/ASF/sam/drivers/spi/spi.o
                0x004019e2                spi_calc_baudrate_div
 .text.spi_set_baudrate_div
                0x004019f8       0x28 src/ASF/sam/drivers/spi/spi.o
                0x004019f8                spi_set_baudrate_div
 .text.spi_set_transfer_delay
                0x00401a20       0x1e src/ASF/sam/drivers/spi/spi.o
                0x00401a20                spi_set_transfer_delay
 *fill*         0x00401a3e        0x2 
 .text.twihs_set_speed
                0x00401a40       0xb0 src/ASF/sam/drivers/twihs/twihs.o
                0x00401a40                twihs_set_speed
 .text.twihs_master_init
                0x00401af0       0x34 src/ASF/sam/drivers/twihs/twihs.o
                0x00401af0                twihs_master_init
 .text.twihs_master_read
                0x00401b24       0xac src/ASF/sam/drivers/twihs/twihs.o
                0x00401b24                twihs_master_read
 .text.twihs_master_write
                0x00401bd0       0xa0 src/ASF/sam/drivers/twihs/twihs.o
                0x00401bd0                twihs_master_write
 .text.uart_write
                0x00401c70       0x12 src/ASF/sam/drivers/uart/uart.o
                0x00401c70                uart_write
 .text.uart_read
                0x00401c82       0x14 src/ASF/sam/drivers/uart/uart.o
                0x00401c82                uart_read
 .text.usart_set_async_baudrate
                0x00401c96       0x5a src/ASF/sam/drivers/usart/usart.o
                0x00401c96                usart_set_async_baudrate
 .text.usart_reset
                0x00401cf0       0x28 src/ASF/sam/drivers/usart/usart.o
                0x00401cf0                usart_reset
 .text.usart_init_rs232
                0x00401d18       0x54 src/ASF/sam/drivers/usart/usart.o
                0x00401d18                usart_init_rs232
 .text.usart_enable_tx
                0x00401d6c        0x6 src/ASF/sam/drivers/usart/usart.o
                0x00401d6c                usart_enable_tx
 .text.usart_enable_rx
                0x00401d72        0x6 src/ASF/sam/drivers/usart/usart.o
                0x00401d72                usart_enable_rx
 .text.usart_write
                0x00401d78       0x16 src/ASF/sam/drivers/usart/usart.o
                0x00401d78                usart_write
 .text.usart_read
                0x00401d8e       0x18 src/ASF/sam/drivers/usart/usart.o
                0x00401d8e                usart_read
 .text.Dummy_Handler
                0x00401da6        0x2 src/ASF/sam/utils/cmsis/same70/source/templates/gcc/startup_same70.o
                0x00401da6                DACC_Handler
                0x00401da6                DebugMon_Handler
                0x00401da6                UART3_Handler
                0x00401da6                UART2_Handler
                0x00401da6                TRNG_Handler
                0x00401da6                HardFault_Handler
                0x00401da6                TC2_Handler
                0x00401da6                SysTick_Handler
                0x00401da6                AFEC1_Handler
                0x00401da6                PendSV_Handler
                0x00401da6                NMI_Handler
                0x00401da6                TC7_Handler
                0x00401da6                QSPI_Handler
                0x00401da6                ISI_Handler
                0x00401da6                MCAN0_INT0_Handler
                0x00401da6                TC9_Handler
                0x00401da6                RSWDT_Handler
                0x00401da6                USART0_Handler
                0x00401da6                RTT_Handler
                0x00401da6                USBHS_Handler
                0x00401da6                IXC_Handler
                0x00401da6                CCF_Handler
                0x00401da6                RTC_Handler
                0x00401da6                UsageFault_Handler
                0x00401da6                TC6_Handler
                0x00401da6                WDT_Handler
                0x00401da6                MCAN1_INT1_Handler
                0x00401da6                TC4_Handler
                0x00401da6                TC1_Handler
                0x00401da6                HSMCI_Handler
                0x00401da6                UART1_Handler
                0x00401da6                TC3_Handler
                0x00401da6                Dummy_Handler
                0x00401da6                TWIHS1_Handler
                0x00401da6                XDMAC_Handler
                0x00401da6                UART4_Handler
                0x00401da6                PWM1_Handler
                0x00401da6                USART1_Handler
                0x00401da6                PWM0_Handler
                0x00401da6                AFEC0_Handler
                0x00401da6                CCW_Handler
                0x00401da6                SSC_Handler
                0x00401da6                TC11_Handler
                0x00401da6                ACC_Handler
                0x00401da6                PMC_Handler
                0x00401da6                GMAC_Handler
                0x00401da6                MCAN0_INT1_Handler
                0x00401da6                GMAC_Q5_Handler
                0x00401da6                MemManage_Handler
                0x00401da6                SUPC_Handler
                0x00401da6                SVC_Handler
                0x00401da6                TC8_Handler
                0x00401da6                MCAN1_INT0_Handler
                0x00401da6                EFC_Handler
                0x00401da6                GMAC_Q1_Handler
                0x00401da6                USART2_Handler
                0x00401da6                SDRAMC_Handler
                0x00401da6                GMAC_Q2_Handler
                0x00401da6                SPI1_Handler
                0x00401da6                TC10_Handler
                0x00401da6                GMAC_Q3_Handler
                0x00401da6                TWIHS2_Handler
                0x00401da6                I2SC0_Handler
                0x00401da6                UART0_Handler
                0x00401da6                I2SC1_Handler
                0x00401da6                GMAC_Q4_Handler
                0x00401da6                FPU_Handler
                0x00401da6                BusFault_Handler
                0x00401da6                RSTC_Handler
                0x00401da6                TC5_Handler
                0x00401da6                ICM_Handler
                0x00401da6                AES_Handler
                0x00401da6                TWIHS0_Handler
                0x00401da6                SPI0_Handler
 .text.Reset_Handler
                0x00401da8       0xc8 src/ASF/sam/utils/cmsis/same70/source/templates/gcc/startup_same70.o
                0x00401da8                Reset_Handler
 .text.SystemCoreClockUpdate
                0x00401e70      0x10c src/ASF/sam/utils/cmsis/same70/source/templates/system_same70.o
                0x00401e70                SystemCoreClockUpdate
 .text.system_init_flash
                0x00401f7c       0x8c src/ASF/sam/utils/cmsis/same70/source/templates/system_same70.o
                0x00401f7c                system_init_flash
 .text._sbrk    0x00402008       0x38 src/ASF/sam/utils/syscalls/gcc/syscalls.o
                0x00402008                _sbrk
 .text._close   0x00402040        0x6 src/ASF/sam/utils/syscalls/gcc/syscalls.o
                0x00402040                _close
 .text._fstat   0x00402046        0xa src/ASF/sam/utils/syscalls/gcc/syscalls.o
                0x00402046                _fstat
 .text._isatty  0x00402050        0x4 src/ASF/sam/utils/syscalls/gcc/syscalls.o
                0x00402050                _isatty
 .text._lseek   0x00402054        0x4 src/ASF/sam/utils/syscalls/gcc/syscalls.o
                0x00402054                _lseek
 .text.callback_next
                0x00402058        0x2 src/main.o
                0x00402058                callback_next
 *fill*         0x0040205a        0x2 
 .text.usart_serial_getchar
                0x0040205c       0xdc src/main.o
 .text.usart_serial_putchar
                0x00402138       0xd4 src/main.o
 .text.init     0x0040220c       0x44 src/main.o
                0x0040220c                init
 .text.draw_screen
                0x00402250       0x28 src/main.o
                0x00402250                draw_screen
 .text.draw_mode
                0x00402278       0xec src/main.o
                0x00402278                draw_mode
 .text.draw_lines
                0x00402364       0x34 src/main.o
                0x00402364                draw_lines
 .text.draw_strings
                0x00402398       0x24 src/main.o
                0x00402398                draw_strings
 .text.draw_icons
                0x004023bc       0x58 src/main.o
                0x004023bc                draw_icons
 .text.TC0_Handler
                0x00402414       0x44 src/main.o
                0x00402414                TC0_Handler
 .text.TC_init  0x00402458       0x94 src/main.o
                0x00402458                TC_init
 .text.callback_power
                0x004024ec       0x18 src/main.o
                0x004024ec                callback_power
 .text.update_screen
                0x00402504       0xcc src/main.o
                0x00402504                update_screen
 .text.mxt_handler
                0x004025d0       0xd0 src/main.o
                0x004025d0                mxt_handler
 .text.main     0x004026a0      0x3cc src/main.o
                0x004026a0                main
 .text.__libc_init_array
                0x00402a6c       0x50 d:/gustavo-hd/atmel/studio/7.0/toolchain/arm/arm-gnu-toolchain/bin/../lib/gcc/arm-none-eabi/6.3.1/../../../../arm-none-eabi/lib/thumb/v7e-m\libc.a(lib_a-init.o)
                0x00402a6c                __libc_init_array
 .text.iprintf  0x00402abc       0x28 d:/gustavo-hd/atmel/studio/7.0/toolchain/arm/arm-gnu-toolchain/bin/../lib/gcc/arm-none-eabi/6.3.1/../../../../arm-none-eabi/lib/thumb/v7e-m\libc.a(lib_a-iprintf.o)
                0x00402abc                iprintf
 .text.malloc   0x00402ae4       0x10 d:/gustavo-hd/atmel/studio/7.0/toolchain/arm/arm-gnu-toolchain/bin/../lib/gcc/arm-none-eabi/6.3.1/../../../../arm-none-eabi/lib/thumb/v7e-m\libc.a(lib_a-malloc.o)
                0x00402ae4                malloc
 .text._malloc_r
                0x00402af4      0x560 d:/gustavo-hd/atmel/studio/7.0/toolchain/arm/arm-gnu-toolchain/bin/../lib/gcc/arm-none-eabi/6.3.1/../../../../arm-none-eabi/lib/thumb/v7e-m\libc.a(lib_a-mallocr.o)
                0x00402af4                _malloc_r
 .text.memset   0x00403054       0x9c d:/gustavo-hd/atmel/studio/7.0/toolchain/arm/arm-gnu-toolchain/bin/../lib/gcc/arm-none-eabi/6.3.1/../../../../arm-none-eabi/lib/thumb/v7e-m\libc.a(lib_a-memset.o)
                0x00403054                memset
 .text.__malloc_lock
                0x004030f0        0xc d:/gustavo-hd/atmel/studio/7.0/toolchain/arm/arm-gnu-toolchain/bin/../lib/gcc/arm-none-eabi/6.3.1/../../../../arm-none-eabi/lib/thumb/v7e-m\libc.a(lib_a-mlock.o)
                0x004030f0                __malloc_lock
 .text.__malloc_unlock
                0x004030fc        0xc d:/gustavo-hd/atmel/studio/7.0/toolchain/arm/arm-gnu-toolchain/bin/../lib/gcc/arm-none-eabi/6.3.1/../../../../arm-none-eabi/lib/thumb/v7e-m\libc.a(lib_a-mlock.o)
                0x004030fc                __malloc_unlock
 .text._sbrk_r  0x00403108       0x24 d:/gustavo-hd/atmel/studio/7.0/toolchain/arm/arm-gnu-toolchain/bin/../lib/gcc/arm-none-eabi/6.3.1/../../../../arm-none-eabi/lib/thumb/v7e-m\libc.a(lib_a-sbrkr.o)
                0x00403108                _sbrk_r
 .text.setbuf   0x0040312c       0x10 d:/gustavo-hd/atmel/studio/7.0/toolchain/arm/arm-gnu-toolchain/bin/../lib/gcc/arm-none-eabi/6.3.1/../../../../arm-none-eabi/lib/thumb/v7e-m\libc.a(lib_a-setbuf.o)
                0x0040312c                setbuf
 .text.setvbuf  0x0040313c      0x190 d:/gustavo-hd/atmel/studio/7.0/toolchain/arm/arm-gnu-toolchain/bin/../lib/gcc/arm-none-eabi/6.3.1/../../../../arm-none-eabi/lib/thumb/v7e-m\libc.a(lib_a-setvbuf.o)
                0x0040313c                setvbuf
 .text.sprintf  0x004032cc       0x4c d:/gustavo-hd/atmel/studio/7.0/toolchain/arm/arm-gnu-toolchain/bin/../lib/gcc/arm-none-eabi/6.3.1/../../../../arm-none-eabi/lib/thumb/v7e-m\libc.a(lib_a-sprintf.o)
                0x004032cc                sprintf
 .text.strcat   0x00403318       0x40 d:/gustavo-hd/atmel/studio/7.0/toolchain/arm/arm-gnu-toolchain/bin/../lib/gcc/arm-none-eabi/6.3.1/../../../../arm-none-eabi/lib/thumb/v7e-m\libc.a(lib_a-strcat.o)
                0x00403318                strcat
 .text.strcpy   0x00403358       0xbc d:/gustavo-hd/atmel/studio/7.0/toolchain/arm/arm-gnu-toolchain/bin/../lib/gcc/arm-none-eabi/6.3.1/../../../../arm-none-eabi/lib/thumb/v7e-m\libc.a(lib_a-strcpy.o)
                0x00403358                strcpy
 *fill*         0x00403414       0x2c 
 .text          0x00403440       0xdc d:/gustavo-hd/atmel/studio/7.0/toolchain/arm/arm-gnu-toolchain/bin/../lib/gcc/arm-none-eabi/6.3.1/../../../../arm-none-eabi/lib/thumb/v7e-m\libc.a(lib_a-strlen.o)
                0x00403440                strlen
 .text._svfprintf_r
                0x0040351c     0x145c d:/gustavo-hd/atmel/studio/7.0/toolchain/arm/arm-gnu-toolchain/bin/../lib/gcc/arm-none-eabi/6.3.1/../../../../arm-none-eabi/lib/thumb/v7e-m\libc.a(lib_a-svfprintf.o)
                0x0040351c                _svfprintf_r
 .text.__sprint_r.part.0
                0x00404978       0x80 d:/gustavo-hd/atmel/studio/7.0/toolchain/arm/arm-gnu-toolchain/bin/../lib/gcc/arm-none-eabi/6.3.1/../../../../arm-none-eabi/lib/thumb/v7e-m\libc.a(lib_a-vfiprintf.o)
 .text._vfiprintf_r
                0x004049f8      0xc90 d:/gustavo-hd/atmel/studio/7.0/toolchain/arm/arm-gnu-toolchain/bin/../lib/gcc/arm-none-eabi/6.3.1/../../../../arm-none-eabi/lib/thumb/v7e-m\libc.a(lib_a-vfiprintf.o)
                0x004049f8                _vfiprintf_r
 .text.__sbprintf
                0x00405688       0x84 d:/gustavo-hd/atmel/studio/7.0/toolchain/arm/arm-gnu-toolchain/bin/../lib/gcc/arm-none-eabi/6.3.1/../../../../arm-none-eabi/lib/thumb/v7e-m\libc.a(lib_a-vfiprintf.o)
 .text.__swsetup_r
                0x0040570c       0xc8 d:/gustavo-hd/atmel/studio/7.0/toolchain/arm/arm-gnu-toolchain/bin/../lib/gcc/arm-none-eabi/6.3.1/../../../../arm-none-eabi/lib/thumb/v7e-m\libc.a(lib_a-wsetup.o)
                0x0040570c                __swsetup_r
 .text.startup.register_fini
                0x004057d4       0x14 d:/gustavo-hd/atmel/studio/7.0/toolchain/arm/arm-gnu-toolchain/bin/../lib/gcc/arm-none-eabi/6.3.1/../../../../arm-none-eabi/lib/thumb/v7e-m\libc.a(lib_a-__call_atexit.o)
 .text.atexit   0x004057e8        0xc d:/gustavo-hd/atmel/studio/7.0/toolchain/arm/arm-gnu-toolchain/bin/../lib/gcc/arm-none-eabi/6.3.1/../../../../arm-none-eabi/lib/thumb/v7e-m\libc.a(lib_a-atexit.o)
                0x004057e8                atexit
 .text.quorem   0x004057f4      0x128 d:/gustavo-hd/atmel/studio/7.0/toolchain/arm/arm-gnu-toolchain/bin/../lib/gcc/arm-none-eabi/6.3.1/../../../../arm-none-eabi/lib/thumb/v7e-m\libc.a(lib_a-dtoa.o)
 *fill*         0x0040591c        0x4 
 .text._dtoa_r  0x00405920      0xe54 d:/gustavo-hd/atmel/studio/7.0/toolchain/arm/arm-gnu-toolchain/bin/../lib/gcc/arm-none-eabi/6.3.1/../../../../arm-none-eabi/lib/thumb/v7e-m\libc.a(lib_a-dtoa.o)
                0x00405920                _dtoa_r
 .text.__sflush_r
                0x00406774      0x140 d:/gustavo-hd/atmel/studio/7.0/toolchain/arm/arm-gnu-toolchain/bin/../lib/gcc/arm-none-eabi/6.3.1/../../../../arm-none-eabi/lib/thumb/v7e-m\libc.a(lib_a-fflush.o)
                0x00406774                __sflush_r
 .text._fflush_r
                0x004068b4       0x54 d:/gustavo-hd/atmel/studio/7.0/toolchain/arm/arm-gnu-toolchain/bin/../lib/gcc/arm-none-eabi/6.3.1/../../../../arm-none-eabi/lib/thumb/v7e-m\libc.a(lib_a-fflush.o)
                0x004068b4                _fflush_r
 .text._cleanup_r
                0x00406908        0xc d:/gustavo-hd/atmel/studio/7.0/toolchain/arm/arm-gnu-toolchain/bin/../lib/gcc/arm-none-eabi/6.3.1/../../../../arm-none-eabi/lib/thumb/v7e-m\libc.a(lib_a-findfp.o)
                0x00406908                _cleanup_r
 .text.std.isra.0
                0x00406914       0x50 d:/gustavo-hd/atmel/studio/7.0/toolchain/arm/arm-gnu-toolchain/bin/../lib/gcc/arm-none-eabi/6.3.1/../../../../arm-none-eabi/lib/thumb/v7e-m\libc.a(lib_a-findfp.o)
 .text.__sinit  0x00406964       0x58 d:/gustavo-hd/atmel/studio/7.0/toolchain/arm/arm-gnu-toolchain/bin/../lib/gcc/arm-none-eabi/6.3.1/../../../../arm-none-eabi/lib/thumb/v7e-m\libc.a(lib_a-findfp.o)
                0x00406964                __sinit
 .text.__sfp_lock_acquire
                0x004069bc        0xc d:/gustavo-hd/atmel/studio/7.0/toolchain/arm/arm-gnu-toolchain/bin/../lib/gcc/arm-none-eabi/6.3.1/../../../../arm-none-eabi/lib/thumb/v7e-m\libc.a(lib_a-findfp.o)
                0x004069bc                __sfp_lock_acquire
 .text.__sfp_lock_release
                0x004069c8        0xc d:/gustavo-hd/atmel/studio/7.0/toolchain/arm/arm-gnu-toolchain/bin/../lib/gcc/arm-none-eabi/6.3.1/../../../../arm-none-eabi/lib/thumb/v7e-m\libc.a(lib_a-findfp.o)
                0x004069c8                __sfp_lock_release
 .text.__libc_fini_array
                0x004069d4       0x34 d:/gustavo-hd/atmel/studio/7.0/toolchain/arm/arm-gnu-toolchain/bin/../lib/gcc/arm-none-eabi/6.3.1/../../../../arm-none-eabi/lib/thumb/v7e-m\libc.a(lib_a-fini.o)
                0x004069d4                __libc_fini_array
 .text.__fputwc
                0x00406a08       0xa0 d:/gustavo-hd/atmel/studio/7.0/toolchain/arm/arm-gnu-toolchain/bin/../lib/gcc/arm-none-eabi/6.3.1/../../../../arm-none-eabi/lib/thumb/v7e-m\libc.a(lib_a-fputwc.o)
                0x00406a08                __fputwc
 .text._fputwc_r
                0x00406aa8       0x68 d:/gustavo-hd/atmel/studio/7.0/toolchain/arm/arm-gnu-toolchain/bin/../lib/gcc/arm-none-eabi/6.3.1/../../../../arm-none-eabi/lib/thumb/v7e-m\libc.a(lib_a-fputwc.o)
                0x00406aa8                _fputwc_r
 .text._malloc_trim_r
                0x00406b10       0xa0 d:/gustavo-hd/atmel/studio/7.0/toolchain/arm/arm-gnu-toolchain/bin/../lib/gcc/arm-none-eabi/6.3.1/../../../../arm-none-eabi/lib/thumb/v7e-m\libc.a(lib_a-freer.o)
                0x00406b10                _malloc_trim_r
 .text._free_r  0x00406bb0      0x1cc d:/gustavo-hd/atmel/studio/7.0/toolchain/arm/arm-gnu-toolchain/bin/../lib/gcc/arm-none-eabi/6.3.1/../../../../arm-none-eabi/lib/thumb/v7e-m\libc.a(lib_a-freer.o)
                0x00406bb0                _free_r
 .text.__sfvwrite_r
                0x00406d7c      0x2f0 d:/gustavo-hd/atmel/studio/7.0/toolchain/arm/arm-gnu-toolchain/bin/../lib/gcc/arm-none-eabi/6.3.1/../../../../arm-none-eabi/lib/thumb/v7e-m\libc.a(lib_a-fvwrite.o)
                0x00406d7c                __sfvwrite_r
 .text._fwalk_reent
                0x0040706c       0x54 d:/gustavo-hd/atmel/studio/7.0/toolchain/arm/arm-gnu-toolchain/bin/../lib/gcc/arm-none-eabi/6.3.1/../../../../arm-none-eabi/lib/thumb/v7e-m\libc.a(lib_a-fwalk.o)
                0x0040706c                _fwalk_reent
 .text.__locale_mb_cur_max
                0x004070c0       0x1c d:/gustavo-hd/atmel/studio/7.0/toolchain/arm/arm-gnu-toolchain/bin/../lib/gcc/arm-none-eabi/6.3.1/../../../../arm-none-eabi/lib/thumb/v7e-m\libc.a(lib_a-locale.o)
                0x004070c0                __locale_mb_cur_max
 .text._localeconv_r
                0x004070dc       0x1c d:/gustavo-hd/atmel/studio/7.0/toolchain/arm/arm-gnu-toolchain/bin/../lib/gcc/arm-none-eabi/6.3.1/../../../../arm-none-eabi/lib/thumb/v7e-m\libc.a(lib_a-localeconv.o)
                0x004070dc                _localeconv_r
 .text.__retarget_lock_init_recursive
                0x004070f8        0x4 d:/gustavo-hd/atmel/studio/7.0/toolchain/arm/arm-gnu-toolchain/bin/../lib/gcc/arm-none-eabi/6.3.1/../../../../arm-none-eabi/lib/thumb/v7e-m\libc.a(lib_a-lock.o)
                0x004070f8                __retarget_lock_init_recursive
 .text.__retarget_lock_close_recursive
                0x004070fc        0x4 d:/gustavo-hd/atmel/studio/7.0/toolchain/arm/arm-gnu-toolchain/bin/../lib/gcc/arm-none-eabi/6.3.1/../../../../arm-none-eabi/lib/thumb/v7e-m\libc.a(lib_a-lock.o)
                0x004070fc                __retarget_lock_close_recursive
 .text.__retarget_lock_acquire_recursive
                0x00407100        0x4 d:/gustavo-hd/atmel/studio/7.0/toolchain/arm/arm-gnu-toolchain/bin/../lib/gcc/arm-none-eabi/6.3.1/../../../../arm-none-eabi/lib/thumb/v7e-m\libc.a(lib_a-lock.o)
                0x00407100                __retarget_lock_acquire_recursive
 .text.__retarget_lock_release_recursive
                0x00407104        0x4 d:/gustavo-hd/atmel/studio/7.0/toolchain/arm/arm-gnu-toolchain/bin/../lib/gcc/arm-none-eabi/6.3.1/../../../../arm-none-eabi/lib/thumb/v7e-m\libc.a(lib_a-lock.o)
                0x00407104                __retarget_lock_release_recursive
 .text.__swhatbuf_r
                0x00407108       0x5c d:/gustavo-hd/atmel/studio/7.0/toolchain/arm/arm-gnu-toolchain/bin/../lib/gcc/arm-none-eabi/6.3.1/../../../../arm-none-eabi/lib/thumb/v7e-m\libc.a(lib_a-makebuf.o)
                0x00407108                __swhatbuf_r
 .text.__smakebuf_r
                0x00407164       0x94 d:/gustavo-hd/atmel/studio/7.0/toolchain/arm/arm-gnu-toolchain/bin/../lib/gcc/arm-none-eabi/6.3.1/../../../../arm-none-eabi/lib/thumb/v7e-m\libc.a(lib_a-makebuf.o)
                0x00407164                __smakebuf_r
 .text.__ascii_mbtowc
                0x004071f8       0x2c d:/gustavo-hd/atmel/studio/7.0/toolchain/arm/arm-gnu-toolchain/bin/../lib/gcc/arm-none-eabi/6.3.1/../../../../arm-none-eabi/lib/thumb/v7e-m\libc.a(lib_a-mbtowc_r.o)
                0x004071f8                __ascii_mbtowc
 *fill*         0x00407224        0xc 
 .text          0x00407230       0xa0 d:/gustavo-hd/atmel/studio/7.0/toolchain/arm/arm-gnu-toolchain/bin/../lib/gcc/arm-none-eabi/6.3.1/../../../../arm-none-eabi/lib/thumb/v7e-m\libc.a(lib_a-memchr.o)
                0x00407230                memchr
 .text          0x004072d0      0x134 d:/gustavo-hd/atmel/studio/7.0/toolchain/arm/arm-gnu-toolchain/bin/../lib/gcc/arm-none-eabi/6.3.1/../../../../arm-none-eabi/lib/thumb/v7e-m\libc.a(lib_a-memcpy.o)
                0x004072d0                memcpy
 .text.memmove  0x00407404       0xc8 d:/gustavo-hd/atmel/studio/7.0/toolchain/arm/arm-gnu-toolchain/bin/../lib/gcc/arm-none-eabi/6.3.1/../../../../arm-none-eabi/lib/thumb/v7e-m\libc.a(lib_a-memmove.o)
                0x00407404                memmove
 .text._Balloc  0x004074cc       0x4c d:/gustavo-hd/atmel/studio/7.0/toolchain/arm/arm-gnu-toolchain/bin/../lib/gcc/arm-none-eabi/6.3.1/../../../../arm-none-eabi/lib/thumb/v7e-m\libc.a(lib_a-mprec.o)
                0x004074cc                _Balloc
 .text._Bfree   0x00407518       0x14 d:/gustavo-hd/atmel/studio/7.0/toolchain/arm/arm-gnu-toolchain/bin/../lib/gcc/arm-none-eabi/6.3.1/../../../../arm-none-eabi/lib/thumb/v7e-m\libc.a(lib_a-mprec.o)
                0x00407518                _Bfree
 .text.__multadd
                0x0040752c       0x80 d:/gustavo-hd/atmel/studio/7.0/toolchain/arm/arm-gnu-toolchain/bin/../lib/gcc/arm-none-eabi/6.3.1/../../../../arm-none-eabi/lib/thumb/v7e-m\libc.a(lib_a-mprec.o)
                0x0040752c                __multadd
 .text.__hi0bits
                0x004075ac       0x40 d:/gustavo-hd/atmel/studio/7.0/toolchain/arm/arm-gnu-toolchain/bin/../lib/gcc/arm-none-eabi/6.3.1/../../../../arm-none-eabi/lib/thumb/v7e-m\libc.a(lib_a-mprec.o)
                0x004075ac                __hi0bits
 .text.__lo0bits
                0x004075ec       0x60 d:/gustavo-hd/atmel/studio/7.0/toolchain/arm/arm-gnu-toolchain/bin/../lib/gcc/arm-none-eabi/6.3.1/../../../../arm-none-eabi/lib/thumb/v7e-m\libc.a(lib_a-mprec.o)
                0x004075ec                __lo0bits
 .text.__i2b    0x0040764c       0x14 d:/gustavo-hd/atmel/studio/7.0/toolchain/arm/arm-gnu-toolchain/bin/../lib/gcc/arm-none-eabi/6.3.1/../../../../arm-none-eabi/lib/thumb/v7e-m\libc.a(lib_a-mprec.o)
                0x0040764c                __i2b
 .text.__multiply
                0x00407660      0x124 d:/gustavo-hd/atmel/studio/7.0/toolchain/arm/arm-gnu-toolchain/bin/../lib/gcc/arm-none-eabi/6.3.1/../../../../arm-none-eabi/lib/thumb/v7e-m\libc.a(lib_a-mprec.o)
                0x00407660                __multiply
 .text.__pow5mult
                0x00407784       0xa0 d:/gustavo-hd/atmel/studio/7.0/toolchain/arm/arm-gnu-toolchain/bin/../lib/gcc/arm-none-eabi/6.3.1/../../../../arm-none-eabi/lib/thumb/v7e-m\libc.a(lib_a-mprec.o)
                0x00407784                __pow5mult
 .text.__lshift
                0x00407824       0xa4 d:/gustavo-hd/atmel/studio/7.0/toolchain/arm/arm-gnu-toolchain/bin/../lib/gcc/arm-none-eabi/6.3.1/../../../../arm-none-eabi/lib/thumb/v7e-m\libc.a(lib_a-mprec.o)
                0x00407824                __lshift
 .text.__mcmp   0x004078c8       0x38 d:/gustavo-hd/atmel/studio/7.0/toolchain/arm/arm-gnu-toolchain/bin/../lib/gcc/arm-none-eabi/6.3.1/../../../../arm-none-eabi/lib/thumb/v7e-m\libc.a(lib_a-mprec.o)
                0x004078c8                __mcmp
 .text.__mdiff  0x00407900      0x108 d:/gustavo-hd/atmel/studio/7.0/toolchain/arm/arm-gnu-toolchain/bin/../lib/gcc/arm-none-eabi/6.3.1/../../../../arm-none-eabi/lib/thumb/v7e-m\libc.a(lib_a-mprec.o)
                0x00407900                __mdiff
 .text.__d2b    0x00407a08       0xb8 d:/gustavo-hd/atmel/studio/7.0/toolchain/arm/arm-gnu-toolchain/bin/../lib/gcc/arm-none-eabi/6.3.1/../../../../arm-none-eabi/lib/thumb/v7e-m\libc.a(lib_a-mprec.o)
                0x00407a08                __d2b
 .text._realloc_r
                0x00407ac0      0x34c d:/gustavo-hd/atmel/studio/7.0/toolchain/arm/arm-gnu-toolchain/bin/../lib/gcc/arm-none-eabi/6.3.1/../../../../arm-none-eabi/lib/thumb/v7e-m\libc.a(lib_a-reallocr.o)
                0x00407ac0                _realloc_r
 .text.__sread  0x00407e0c       0x24 d:/gustavo-hd/atmel/studio/7.0/toolchain/arm/arm-gnu-toolchain/bin/../lib/gcc/arm-none-eabi/6.3.1/../../../../arm-none-eabi/lib/thumb/v7e-m\libc.a(lib_a-stdio.o)
                0x00407e0c                __sread
 .text.__swrite
                0x00407e30       0x3c d:/gustavo-hd/atmel/studio/7.0/toolchain/arm/arm-gnu-toolchain/bin/../lib/gcc/arm-none-eabi/6.3.1/../../../../arm-none-eabi/lib/thumb/v7e-m\libc.a(lib_a-stdio.o)
                0x00407e30                __swrite
 .text.__sseek  0x00407e6c       0x20 d:/gustavo-hd/atmel/studio/7.0/toolchain/arm/arm-gnu-toolchain/bin/../lib/gcc/arm-none-eabi/6.3.1/../../../../arm-none-eabi/lib/thumb/v7e-m\libc.a(lib_a-stdio.o)
                0x00407e6c                __sseek
 .text.__sclose
                0x00407e8c        0x8 d:/gustavo-hd/atmel/studio/7.0/toolchain/arm/arm-gnu-toolchain/bin/../lib/gcc/arm-none-eabi/6.3.1/../../../../arm-none-eabi/lib/thumb/v7e-m\libc.a(lib_a-stdio.o)
                0x00407e8c                __sclose
 .text.__ssprint_r
                0x00407e94       0xfc d:/gustavo-hd/atmel/studio/7.0/toolchain/arm/arm-gnu-toolchain/bin/../lib/gcc/arm-none-eabi/6.3.1/../../../../arm-none-eabi/lib/thumb/v7e-m\libc.a(lib_a-svfiprintf.o)
                0x00407e94                __ssprint_r
 .text.__swbuf_r
                0x00407f90       0xb0 d:/gustavo-hd/atmel/studio/7.0/toolchain/arm/arm-gnu-toolchain/bin/../lib/gcc/arm-none-eabi/6.3.1/../../../../arm-none-eabi/lib/thumb/v7e-m\libc.a(lib_a-wbuf.o)
                0x00407f90                __swbuf_r
 .text._wcrtomb_r
                0x00408040       0x54 d:/gustavo-hd/atmel/studio/7.0/toolchain/arm/arm-gnu-toolchain/bin/../lib/gcc/arm-none-eabi/6.3.1/../../../../arm-none-eabi/lib/thumb/v7e-m\libc.a(lib_a-wcrtomb.o)
                0x00408040                _wcrtomb_r
 .text.__ascii_wctomb
                0x00408094       0x1c d:/gustavo-hd/atmel/studio/7.0/toolchain/arm/arm-gnu-toolchain/bin/../lib/gcc/arm-none-eabi/6.3.1/../../../../arm-none-eabi/lib/thumb/v7e-m\libc.a(lib_a-wctomb_r.o)
                0x00408094                __ascii_wctomb
 .text._write_r
                0x004080b0       0x2c d:/gustavo-hd/atmel/studio/7.0/toolchain/arm/arm-gnu-toolchain/bin/../lib/gcc/arm-none-eabi/6.3.1/../../../../arm-none-eabi/lib/thumb/v7e-m\libc.a(lib_a-writer.o)
                0x004080b0                _write_r
 .text.__register_exitproc
                0x004080dc       0xc4 d:/gustavo-hd/atmel/studio/7.0/toolchain/arm/arm-gnu-toolchain/bin/../lib/gcc/arm-none-eabi/6.3.1/../../../../arm-none-eabi/lib/thumb/v7e-m\libc.a(lib_a-__atexit.o)
                0x004080dc                __register_exitproc
 .text._calloc_r
                0x004081a0       0x60 d:/gustavo-hd/atmel/studio/7.0/toolchain/arm/arm-gnu-toolchain/bin/../lib/gcc/arm-none-eabi/6.3.1/../../../../arm-none-eabi/lib/thumb/v7e-m\libc.a(lib_a-callocr.o)
                0x004081a0                _calloc_r
 .text._close_r
                0x00408200       0x24 d:/gustavo-hd/atmel/studio/7.0/toolchain/arm/arm-gnu-toolchain/bin/../lib/gcc/arm-none-eabi/6.3.1/../../../../arm-none-eabi/lib/thumb/v7e-m\libc.a(lib_a-closer.o)
                0x00408200                _close_r
 .text._fclose_r
                0x00408224       0xc4 d:/gustavo-hd/atmel/studio/7.0/toolchain/arm/arm-gnu-toolchain/bin/../lib/gcc/arm-none-eabi/6.3.1/../../../../arm-none-eabi/lib/thumb/v7e-m\libc.a(lib_a-fclose.o)
                0x00408224                _fclose_r
 .text._fstat_r
                0x004082e8       0x28 d:/gustavo-hd/atmel/studio/7.0/toolchain/arm/arm-gnu-toolchain/bin/../lib/gcc/arm-none-eabi/6.3.1/../../../../arm-none-eabi/lib/thumb/v7e-m\libc.a(lib_a-fstatr.o)
                0x004082e8                _fstat_r
 .text._isatty_r
                0x00408310       0x24 d:/gustavo-hd/atmel/studio/7.0/toolchain/arm/arm-gnu-toolchain/bin/../lib/gcc/arm-none-eabi/6.3.1/../../../../arm-none-eabi/lib/thumb/v7e-m\libc.a(lib_a-isattyr.o)
                0x00408310                _isatty_r
 .text._lseek_r
                0x00408334       0x2c d:/gustavo-hd/atmel/studio/7.0/toolchain/arm/arm-gnu-toolchain/bin/../lib/gcc/arm-none-eabi/6.3.1/../../../../arm-none-eabi/lib/thumb/v7e-m\libc.a(lib_a-lseekr.o)
                0x00408334                _lseek_r
 .text._read_r  0x00408360       0x2c d:/gustavo-hd/atmel/studio/7.0/toolchain/arm/arm-gnu-toolchain/bin/../lib/gcc/arm-none-eabi/6.3.1/../../../../arm-none-eabi/lib/thumb/v7e-m\libc.a(lib_a-readr.o)
                0x00408360                _read_r
 .text          0x0040838c      0x370 d:/gustavo-hd/atmel/studio/7.0/toolchain/arm/arm-gnu-toolchain/bin/../lib/gcc/arm-none-eabi/6.3.1/thumb/v7e-m\libgcc.a(_arm_addsubdf3.o)
                0x0040838c                __aeabi_drsub
                0x00408394                __aeabi_dsub
                0x00408394                __subdf3
                0x00408398                __aeabi_dadd
                0x00408398                __adddf3
                0x00408610                __floatunsidf
                0x00408610                __aeabi_ui2d
                0x00408630                __floatsidf
                0x00408630                __aeabi_i2d
                0x00408654                __aeabi_f2d
                0x00408654                __extendsfdf2
                0x00408690                __floatundidf
                0x00408690                __aeabi_ul2d
                0x004086a0                __floatdidf
                0x004086a0                __aeabi_l2d
 .text          0x004086fc      0x424 d:/gustavo-hd/atmel/studio/7.0/toolchain/arm/arm-gnu-toolchain/bin/../lib/gcc/arm-none-eabi/6.3.1/thumb/v7e-m\libgcc.a(_arm_muldivdf3.o)
                0x004086fc                __aeabi_dmul
                0x004086fc                __muldf3
                0x00408950                __divdf3
                0x00408950                __aeabi_ddiv
 .text          0x00408b20      0x110 d:/gustavo-hd/atmel/studio/7.0/toolchain/arm/arm-gnu-toolchain/bin/../lib/gcc/arm-none-eabi/6.3.1/thumb/v7e-m\libgcc.a(_arm_cmpdf2.o)
                0x00408b20                __gtdf2
                0x00408b20                __gedf2
                0x00408b28                __ltdf2
                0x00408b28                __ledf2
                0x00408b30                __nedf2
                0x00408b30                __eqdf2
                0x00408b30                __cmpdf2
                0x00408bac                __aeabi_cdrcmple
                0x00408bbc                __aeabi_cdcmpeq
                0x00408bbc                __aeabi_cdcmple
                0x00408bcc                __aeabi_dcmpeq
                0x00408be0                __aeabi_dcmplt
                0x00408bf4                __aeabi_dcmple
                0x00408c08                __aeabi_dcmpge
                0x00408c1c                __aeabi_dcmpgt
 .text          0x00408c30       0x2c d:/gustavo-hd/atmel/studio/7.0/toolchain/arm/arm-gnu-toolchain/bin/../lib/gcc/arm-none-eabi/6.3.1/thumb/v7e-m\libgcc.a(_arm_unorddf2.o)
                0x00408c30                __unorddf2
                0x00408c30                __aeabi_dcmpun
 .text          0x00408c5c       0x50 d:/gustavo-hd/atmel/studio/7.0/toolchain/arm/arm-gnu-toolchain/bin/../lib/gcc/arm-none-eabi/6.3.1/thumb/v7e-m\libgcc.a(_arm_fixdfsi.o)
                0x00408c5c                __aeabi_d2iz
                0x00408c5c                __fixdfsi
 .text          0x00408cac       0x30 d:/gustavo-hd/atmel/studio/7.0/toolchain/arm/arm-gnu-toolchain/bin/../lib/gcc/arm-none-eabi/6.3.1/thumb/v7e-m\libgcc.a(_aeabi_uldivmod.o)
                0x00408cac                __aeabi_uldivmod
 .text          0x00408cdc      0x2dc d:/gustavo-hd/atmel/studio/7.0/toolchain/arm/arm-gnu-toolchain/bin/../lib/gcc/arm-none-eabi/6.3.1/thumb/v7e-m\libgcc.a(_udivmoddi4.o)
                0x00408cdc                __udivmoddi4
 .text          0x00408fb8        0x4 d:/gustavo-hd/atmel/studio/7.0/toolchain/arm/arm-gnu-toolchain/bin/../lib/gcc/arm-none-eabi/6.3.1/thumb/v7e-m\libgcc.a(_dvmd_tls.o)
                0x00408fb8                __aeabi_idiv0
                0x00408fb8                __aeabi_ldiv0
 *(.glue_7t)
 .glue_7t       0x00408fbc        0x0 linker stubs
 *(.glue_7)
 .glue_7        0x00408fbc        0x0 linker stubs
 *(.rodata .rodata* .gnu.linkonce.r.*)
 .rodata.p_uc_charset10x14
                0x00408fbc      0x780 src/ASF/sam/components/display/ili9488/ili9488.o
                0x00408fbc                p_uc_charset10x14
 .rodata        0x0040973c       0x5d src/main.o
 *fill*         0x00409799        0x3 
 .rodata.draw_mode.str1.4
                0x0040979c       0x4b src/main.o
 *fill*         0x004097e7        0x1 
 .rodata.draw_strings.str1.4
                0x004097e8        0x5 src/main.o
 *fill*         0x004097ed        0x3 
 .rodata.image_data_gear
                0x004097f0     0x65f4 src/main.o
 .rodata.image_data_next
                0x0040fde4     0x7530 src/main.o
 .rodata.image_data_powerbutton
                0x00417314     0x846c src/main.o
 .rodata.image_data_valve
                0x0041f780     0x5a3c src/main.o
 .rodata.main.str1.4
                0x004251bc       0x27 src/main.o
 *fill*         0x004251e3        0x1 
 .rodata.mxt_handler.str1.4
                0x004251e4       0x37 src/main.o
 *fill*         0x0042521b        0x1 
 .rodata.update_screen.str1.4
                0x0042521c        0x6 src/main.o
 *fill*         0x00425222        0x2 
 .rodata._global_impure_ptr
                0x00425224        0x4 d:/gustavo-hd/atmel/studio/7.0/toolchain/arm/arm-gnu-toolchain/bin/../lib/gcc/arm-none-eabi/6.3.1/../../../../arm-none-eabi/lib/thumb/v7e-m\libc.a(lib_a-impure.o)
                0x00425224                _global_impure_ptr
 .rodata._svfprintf_r.str1.4
                0x00425228       0x42 d:/gustavo-hd/atmel/studio/7.0/toolchain/arm/arm-gnu-toolchain/bin/../lib/gcc/arm-none-eabi/6.3.1/../../../../arm-none-eabi/lib/thumb/v7e-m\libc.a(lib_a-svfprintf.o)
 *fill*         0x0042526a        0x2 
 .rodata.blanks.7223
                0x0042526c       0x10 d:/gustavo-hd/atmel/studio/7.0/toolchain/arm/arm-gnu-toolchain/bin/../lib/gcc/arm-none-eabi/6.3.1/../../../../arm-none-eabi/lib/thumb/v7e-m\libc.a(lib_a-svfprintf.o)
 .rodata.zeroes.7224
                0x0042527c       0x10 d:/gustavo-hd/atmel/studio/7.0/toolchain/arm/arm-gnu-toolchain/bin/../lib/gcc/arm-none-eabi/6.3.1/../../../../arm-none-eabi/lib/thumb/v7e-m\libc.a(lib_a-svfprintf.o)
 .rodata._vfiprintf_r.str1.4
                0x0042528c       0x2f d:/gustavo-hd/atmel/studio/7.0/toolchain/arm/arm-gnu-toolchain/bin/../lib/gcc/arm-none-eabi/6.3.1/../../../../arm-none-eabi/lib/thumb/v7e-m\libc.a(lib_a-vfiprintf.o)
 .rodata.blanks.7217
                0x0042528c       0x10 d:/gustavo-hd/atmel/studio/7.0/toolchain/arm/arm-gnu-toolchain/bin/../lib/gcc/arm-none-eabi/6.3.1/../../../../arm-none-eabi/lib/thumb/v7e-m\libc.a(lib_a-vfiprintf.o)
 .rodata.zeroes.7218
                0x0042529c       0x10 d:/gustavo-hd/atmel/studio/7.0/toolchain/arm/arm-gnu-toolchain/bin/../lib/gcc/arm-none-eabi/6.3.1/../../../../arm-none-eabi/lib/thumb/v7e-m\libc.a(lib_a-vfiprintf.o)
 .rodata._dtoa_r.str1.4
                0x004252ac       0x10 d:/gustavo-hd/atmel/studio/7.0/toolchain/arm/arm-gnu-toolchain/bin/../lib/gcc/arm-none-eabi/6.3.1/../../../../arm-none-eabi/lib/thumb/v7e-m\libc.a(lib_a-dtoa.o)
                                 0x12 (size before relaxing)
 .rodata._setlocale_r.str1.4
                0x004252bc        0xa d:/gustavo-hd/atmel/studio/7.0/toolchain/arm/arm-gnu-toolchain/bin/../lib/gcc/arm-none-eabi/6.3.1/../../../../arm-none-eabi/lib/thumb/v7e-m\libc.a(lib_a-locale.o)
                                  0xd (size before relaxing)
 *fill*         0x004252c6        0x2 
 .rodata.str1.4
                0x004252c8        0x4 d:/gustavo-hd/atmel/studio/7.0/toolchain/arm/arm-gnu-toolchain/bin/../lib/gcc/arm-none-eabi/6.3.1/../../../../arm-none-eabi/lib/thumb/v7e-m\libc.a(lib_a-locale.o)
                                  0x2 (size before relaxing)
 *fill*         0x004252cc        0x4 
 .rodata.__mprec_bigtens
                0x004252d0       0x28 d:/gustavo-hd/atmel/studio/7.0/toolchain/arm/arm-gnu-toolchain/bin/../lib/gcc/arm-none-eabi/6.3.1/../../../../arm-none-eabi/lib/thumb/v7e-m\libc.a(lib_a-mprec.o)
                0x004252d0                __mprec_bigtens
 .rodata.__mprec_tens
                0x004252f8       0xc8 d:/gustavo-hd/atmel/studio/7.0/toolchain/arm/arm-gnu-toolchain/bin/../lib/gcc/arm-none-eabi/6.3.1/../../../../arm-none-eabi/lib/thumb/v7e-m\libc.a(lib_a-mprec.o)
                0x004252f8                __mprec_tens
 .rodata.p05.6055
                0x004253c0        0xc d:/gustavo-hd/atmel/studio/7.0/toolchain/arm/arm-gnu-toolchain/bin/../lib/gcc/arm-none-eabi/6.3.1/../../../../arm-none-eabi/lib/thumb/v7e-m\libc.a(lib_a-mprec.o)
 .rodata._ctype_
                0x004253cc      0x101 d:/gustavo-hd/atmel/studio/7.0/toolchain/arm/arm-gnu-toolchain/bin/../lib/gcc/arm-none-eabi/6.3.1/../../../../arm-none-eabi/lib/thumb/v7e-m\libc.a(lib_a-ctype_.o)
                0x004253cc                _ctype_
 *(.ARM.extab* .gnu.linkonce.armextab.*)
                0x004254d0                . = ALIGN (0x4)
 *fill*         0x004254cd        0x3 
 *(.init)
 .init          0x004254d0        0x4 d:/gustavo-hd/atmel/studio/7.0/toolchain/arm/arm-gnu-toolchain/bin/../lib/gcc/arm-none-eabi/6.3.1/thumb/v7e-m/crti.o
                0x004254d0                _init
 .init          0x004254d4        0x8 d:/gustavo-hd/atmel/studio/7.0/toolchain/arm/arm-gnu-toolchain/bin/../lib/gcc/arm-none-eabi/6.3.1/thumb/v7e-m/crtn.o
                0x004254dc                . = ALIGN (0x4)
                0x004254dc                __preinit_array_start = .
 *(.preinit_array)
                0x004254dc                __preinit_array_end = .
                0x004254dc                . = ALIGN (0x4)
                0x004254dc                __init_array_start = .
 *(SORT(.init_array.*))
 .init_array.00000
                0x004254dc        0x4 d:/gustavo-hd/atmel/studio/7.0/toolchain/arm/arm-gnu-toolchain/bin/../lib/gcc/arm-none-eabi/6.3.1/../../../../arm-none-eabi/lib/thumb/v7e-m\libc.a(lib_a-__call_atexit.o)
 *(.init_array)
 .init_array    0x004254e0        0x4 d:/gustavo-hd/atmel/studio/7.0/toolchain/arm/arm-gnu-toolchain/bin/../lib/gcc/arm-none-eabi/6.3.1/thumb/v7e-m/crtbegin.o
                0x004254e4                __init_array_end = .
                0x004254e4                . = ALIGN (0x4)
 *crtbegin.o(.ctors)
 *(EXCLUDE_FILE(*crtend.o) .ctors)
 *(SORT(.ctors.*))
 *crtend.o(.ctors)
                0x004254e4                . = ALIGN (0x4)
 *(.fini)
 .fini          0x004254e4        0x4 d:/gustavo-hd/atmel/studio/7.0/toolchain/arm/arm-gnu-toolchain/bin/../lib/gcc/arm-none-eabi/6.3.1/thumb/v7e-m/crti.o
                0x004254e4                _fini
 .fini          0x004254e8        0x8 d:/gustavo-hd/atmel/studio/7.0/toolchain/arm/arm-gnu-toolchain/bin/../lib/gcc/arm-none-eabi/6.3.1/thumb/v7e-m/crtn.o
                0x004254f0                . = ALIGN (0x4)
                0x004254f0                __fini_array_start = .
 *(.fini_array)
 .fini_array    0x004254f0        0x4 d:/gustavo-hd/atmel/studio/7.0/toolchain/arm/arm-gnu-toolchain/bin/../lib/gcc/arm-none-eabi/6.3.1/thumb/v7e-m/crtbegin.o
 *(SORT(.fini_array.*))
                0x004254f4                __fini_array_end = .
 *crtbegin.o(.dtors)
 *(EXCLUDE_FILE(*crtend.o) .dtors)
 *(SORT(.dtors.*))
 *crtend.o(.dtors)
                0x004254f4                . = ALIGN (0x4)
                0x004254f4                _efixed = .
                [!provide]                PROVIDE (__exidx_start, .)

.vfp11_veneer   0x004254f4        0x0
 .vfp11_veneer  0x004254f4        0x0 linker stubs

.v4_bx          0x004254f4        0x0
 .v4_bx         0x004254f4        0x0 linker stubs

.iplt           0x004254f4        0x0
 .iplt          0x004254f4        0x0 d:/gustavo-hd/atmel/studio/7.0/toolchain/arm/arm-gnu-toolchain/bin/../lib/gcc/arm-none-eabi/6.3.1/thumb/v7e-m/crtbegin.o

.ARM.exidx      0x004254f4        0x8
 *(.ARM.exidx* .gnu.linkonce.armexidx.*)
 .ARM.exidx     0x004254f4        0x8 d:/gustavo-hd/atmel/studio/7.0/toolchain/arm/arm-gnu-toolchain/bin/../lib/gcc/arm-none-eabi/6.3.1/thumb/v7e-m\libgcc.a(_udivmoddi4.o)
                [!provide]                PROVIDE (__exidx_end, .)

.eh_frame       0x004254fc        0x0
 .eh_frame      0x004254fc        0x0 d:/gustavo-hd/atmel/studio/7.0/toolchain/arm/arm-gnu-toolchain/bin/../lib/gcc/arm-none-eabi/6.3.1/thumb/v7e-m/crtbegin.o

.rel.dyn        0x004254fc        0x0
 .rel.iplt      0x004254fc        0x0 d:/gustavo-hd/atmel/studio/7.0/toolchain/arm/arm-gnu-toolchain/bin/../lib/gcc/arm-none-eabi/6.3.1/thumb/v7e-m/crtbegin.o

.jcr            0x004254fc        0x0
 .jcr           0x004254fc        0x0 d:/gustavo-hd/atmel/studio/7.0/toolchain/arm/arm-gnu-toolchain/bin/../lib/gcc/arm-none-eabi/6.3.1/thumb/v7e-m/crtbegin.o

.igot.plt       0x004254fc        0x0
 .igot.plt      0x004254fc        0x0 d:/gustavo-hd/atmel/studio/7.0/toolchain/arm/arm-gnu-toolchain/bin/../lib/gcc/arm-none-eabi/6.3.1/thumb/v7e-m/crtbegin.o
                0x004254fc                . = ALIGN (0x4)
                0x004254fc                _etext = .

.relocate       0x20400000      0xae8 load address 0x004254fc
                0x20400000                . = ALIGN (0x4)
                0x20400000                _srelocate = .
 *(.ramfunc .ramfunc.*)
 .ramfunc       0x20400000        0xa src/ASF/common/services/delay/sam/cycle_counter.o
                0x20400000                portable_delay_cycles
 *(.data .data.*)
 .data.g_interrupt_enabled
                0x2040000a        0x1 src/ASF/common/utils/interrupt/interrupt_sam_nvic.o
                0x2040000a                g_interrupt_enabled
 *fill*         0x2040000b        0x1 
 .data.SystemCoreClock
                0x2040000c        0x4 src/ASF/sam/utils/cmsis/same70/source/templates/system_same70.o
                0x2040000c                SystemCoreClock
 .data.c_centrifuga
                0x20400010       0x3c src/main.o
                0x20400010                c_centrifuga
 .data.c_diario
                0x2040004c       0x3c src/main.o
                0x2040004c                c_diario
 .data.c_enxague
                0x20400088       0x3c src/main.o
                0x20400088                c_enxague
 .data.c_pesado
                0x204000c4       0x3c src/main.o
                0x204000c4                c_pesado
 .data.c_rapido
                0x20400100       0x3c src/main.o
                0x20400100                c_rapido
 .data._impure_ptr
                0x2040013c        0x4 d:/gustavo-hd/atmel/studio/7.0/toolchain/arm/arm-gnu-toolchain/bin/../lib/gcc/arm-none-eabi/6.3.1/../../../../arm-none-eabi/lib/thumb/v7e-m\libc.a(lib_a-impure.o)
                0x2040013c                _impure_ptr
 .data.impure_data
                0x20400140      0x428 d:/gustavo-hd/atmel/studio/7.0/toolchain/arm/arm-gnu-toolchain/bin/../lib/gcc/arm-none-eabi/6.3.1/../../../../arm-none-eabi/lib/thumb/v7e-m\libc.a(lib_a-impure.o)
 .data.__malloc_av_
                0x20400568      0x408 d:/gustavo-hd/atmel/studio/7.0/toolchain/arm/arm-gnu-toolchain/bin/../lib/gcc/arm-none-eabi/6.3.1/../../../../arm-none-eabi/lib/thumb/v7e-m\libc.a(lib_a-mallocr.o)
                0x20400568                __malloc_av_
 .data.__malloc_sbrk_base
                0x20400970        0x4 d:/gustavo-hd/atmel/studio/7.0/toolchain/arm/arm-gnu-toolchain/bin/../lib/gcc/arm-none-eabi/6.3.1/../../../../arm-none-eabi/lib/thumb/v7e-m\libc.a(lib_a-mallocr.o)
                0x20400970                __malloc_sbrk_base
 .data.__malloc_trim_threshold
                0x20400974        0x4 d:/gustavo-hd/atmel/studio/7.0/toolchain/arm/arm-gnu-toolchain/bin/../lib/gcc/arm-none-eabi/6.3.1/../../../../arm-none-eabi/lib/thumb/v7e-m\libc.a(lib_a-mallocr.o)
                0x20400974                __malloc_trim_threshold
 .data.__atexit_recursive_mutex
                0x20400978        0x4 d:/gustavo-hd/atmel/studio/7.0/toolchain/arm/arm-gnu-toolchain/bin/../lib/gcc/arm-none-eabi/6.3.1/../../../../arm-none-eabi/lib/thumb/v7e-m\libc.a(lib_a-__call_atexit.o)
                0x20400978                __atexit_recursive_mutex
 .data.__global_locale
                0x2040097c      0x16c d:/gustavo-hd/atmel/studio/7.0/toolchain/arm/arm-gnu-toolchain/bin/../lib/gcc/arm-none-eabi/6.3.1/../../../../arm-none-eabi/lib/thumb/v7e-m\libc.a(lib_a-locale.o)
                0x2040097c                __global_locale
                0x20400ae8                . = ALIGN (0x4)
                0x20400ae8                _erelocate = .

.bss            0x20400ae8      0x4e0 load address 0x00425fe4
                0x20400ae8                . = ALIGN (0x4)
                0x20400ae8                _sbss = .
                0x20400ae8                _szero = .
 *(.bss .bss.*)
 .bss           0x20400ae8       0x1c d:/gustavo-hd/atmel/studio/7.0/toolchain/arm/arm-gnu-toolchain/bin/../lib/gcc/arm-none-eabi/6.3.1/thumb/v7e-m/crtbegin.o
 .bss.g_ul_pixel_cache
                0x20400b04      0x3c0 src/ASF/sam/components/display/ili9488/ili9488.o
 .bss.gs_interrupt_sources
                0x20400ec4       0x70 src/ASF/sam/drivers/pio/pio_handler.o
 .bss.ul_reg_val.9451
                0x20400f34        0x4 src/ASF/sam/drivers/usart/usart.o
 .bss.heap.6420
                0x20400f38        0x4 src/ASF/sam/utils/syscalls/gcc/syscalls.o
 .bss.count_mode
                0x20400f3c        0x4 src/main.o
                0x20400f3c                count_mode
 .bss.__malloc_current_mallinfo
                0x20400f40       0x28 d:/gustavo-hd/atmel/studio/7.0/toolchain/arm/arm-gnu-toolchain/bin/../lib/gcc/arm-none-eabi/6.3.1/../../../../arm-none-eabi/lib/thumb/v7e-m\libc.a(lib_a-mallocr.o)
                0x20400f40                __malloc_current_mallinfo
 .bss.__malloc_max_sbrked_mem
                0x20400f68        0x4 d:/gustavo-hd/atmel/studio/7.0/toolchain/arm/arm-gnu-toolchain/bin/../lib/gcc/arm-none-eabi/6.3.1/../../../../arm-none-eabi/lib/thumb/v7e-m\libc.a(lib_a-mallocr.o)
                0x20400f68                __malloc_max_sbrked_mem
 .bss.__malloc_max_total_mem
                0x20400f6c        0x4 d:/gustavo-hd/atmel/studio/7.0/toolchain/arm/arm-gnu-toolchain/bin/../lib/gcc/arm-none-eabi/6.3.1/../../../../arm-none-eabi/lib/thumb/v7e-m\libc.a(lib_a-mallocr.o)
                0x20400f6c                __malloc_max_total_mem
 .bss.__malloc_top_pad
                0x20400f70        0x4 d:/gustavo-hd/atmel/studio/7.0/toolchain/arm/arm-gnu-toolchain/bin/../lib/gcc/arm-none-eabi/6.3.1/../../../../arm-none-eabi/lib/thumb/v7e-m\libc.a(lib_a-mallocr.o)
                0x20400f70                __malloc_top_pad
 *(COMMON)
 COMMON         0x20400f74        0x4 src/ASF/common/utils/stdio/read.o
                0x20400f74                ptr_get
 COMMON         0x20400f78        0x8 src/ASF/common/utils/stdio/write.o
                0x20400f78                ptr_put
                0x20400f7c                stdio_base
 COMMON         0x20400f80       0x1d src/main.o
                0x20400f80                minuto
                0x20400f84                tempo
                0x20400f88                started
                0x20400f89                locked
                0x20400f8a                nextmode
                0x20400f8c                g_ili9488_display_opt
                0x20400f9c                start
 *fill*         0x20400f9d        0x3 
 COMMON         0x20400fa0       0x21 d:/gustavo-hd/atmel/studio/7.0/toolchain/arm/arm-gnu-toolchain/bin/../lib/gcc/arm-none-eabi/6.3.1/../../../../arm-none-eabi/lib/thumb/v7e-m\libc.a(lib_a-lock.o)
                0x20400fa0                __lock___atexit_recursive_mutex
                0x20400fa4                __lock___arc4random_mutex
                0x20400fa8                __lock___env_recursive_mutex
                0x20400fac                __lock___sinit_recursive_mutex
                0x20400fb0                __lock___malloc_recursive_mutex
                0x20400fb4                __lock___at_quick_exit_mutex
                0x20400fb8                __lock___dd_hash_mutex
                0x20400fbc                __lock___tz_mutex
                0x20400fc0                __lock___sfp_recursive_mutex
 *fill*         0x20400fc1        0x3 
 COMMON         0x20400fc4        0x4 d:/gustavo-hd/atmel/studio/7.0/toolchain/arm/arm-gnu-toolchain/bin/../lib/gcc/arm-none-eabi/6.3.1/../../../../arm-none-eabi/lib/thumb/v7e-m\libc.a(lib_a-reent.o)
                0x20400fc4                errno
                0x20400fc8                . = ALIGN (0x4)
                0x20400fc8                _ebss = .
                0x20400fc8                _ezero = .

.stack          0x20400fc8     0x2000 load address 0x004264c4
                0x20400fc8                . = ALIGN (0x8)
                0x20400fc8                _sstack = .
                0x20402fc8                . = (. + STACK_SIZE)
 *fill*         0x20400fc8     0x2000 
                0x20402fc8                . = ALIGN (0x8)
                0x20402fc8                _estack = .

.heap           0x20402fc8      0x200 load address 0x004284c4
                0x20402fc8                . = ALIGN (0x8)
                0x20402fc8                _sheap = .
                0x204031c8                . = (. + HEAP_SIZE)
 *fill*         0x20402fc8      0x200 
                0x204031c8                . = ALIGN (0x8)
                0x204031c8                _eheap = .
                0x204031c8                . = ALIGN (0x4)
                0x204031c8                _end = .
                0x2045ffff                _ram_end_ = ((ORIGIN (ram) + LENGTH (ram)) - 0x1)
OUTPUT(APS2.elf elf32-littlearm)

.ARM.attributes
                0x00000000       0x2e
 .ARM.attributes
                0x00000000       0x1e d:/gustavo-hd/atmel/studio/7.0/toolchain/arm/arm-gnu-toolchain/bin/../lib/gcc/arm-none-eabi/6.3.1/thumb/v7e-m/crti.o
 .ARM.attributes
                0x0000001e       0x2e d:/gustavo-hd/atmel/studio/7.0/toolchain/arm/arm-gnu-toolchain/bin/../lib/gcc/arm-none-eabi/6.3.1/thumb/v7e-m/crtbegin.o
 .ARM.attributes
                0x0000004c       0x37 src/ASF/sam/drivers/tc/tc.o
 .ARM.attributes
                0x00000083       0x37 src/ASF/common/components/touch/mxt/mxt_device_1.o
 .ARM.attributes
                0x000000ba       0x37 src/ASF/common/services/clock/same70/sysclk.o
 .ARM.attributes
                0x000000f1       0x37 src/ASF/common/services/delay/sam/cycle_counter.o
 .ARM.attributes
                0x00000128       0x37 src/ASF/common/services/serial/usart_serial.o
 .ARM.attributes
                0x0000015f       0x37 src/ASF/common/services/spi/sam_spi/spi_master.o
 .ARM.attributes
                0x00000196       0x37 src/ASF/common/utils/interrupt/interrupt_sam_nvic.o
 .ARM.attributes
                0x000001cd       0x37 src/ASF/common/utils/stdio/read.o
 .ARM.attributes
                0x00000204       0x37 src/ASF/common/utils/stdio/write.o
 .ARM.attributes
                0x0000023b       0x37 src/ASF/sam/boards/same70_xplained/init.o
 .ARM.attributes
                0x00000272       0x37 src/ASF/sam/components/display/ili9488/ili9488.o
 .ARM.attributes
                0x000002a9       0x37 src/ASF/sam/drivers/pio/pio.o
 .ARM.attributes
                0x000002e0       0x37 src/ASF/sam/drivers/pio/pio_handler.o
 .ARM.attributes
                0x00000317       0x37 src/ASF/sam/drivers/pmc/pmc.o
 .ARM.attributes
                0x0000034e       0x37 src/ASF/sam/drivers/spi/spi.o
 .ARM.attributes
                0x00000385       0x37 src/ASF/sam/drivers/twihs/twihs.o
 .ARM.attributes
                0x000003bc       0x37 src/ASF/sam/drivers/uart/uart.o
 .ARM.attributes
                0x000003f3       0x37 src/ASF/sam/drivers/usart/usart.o
 .ARM.attributes
                0x0000042a       0x37 src/ASF/sam/utils/cmsis/same70/source/templates/gcc/startup_same70.o
 .ARM.attributes
                0x00000461       0x37 src/ASF/sam/utils/cmsis/same70/source/templates/system_same70.o
 .ARM.attributes
                0x00000498       0x37 src/ASF/sam/utils/syscalls/gcc/syscalls.o
 .ARM.attributes
                0x000004cf       0x37 src/main.o
 .ARM.attributes
                0x00000506       0x2e d:/gustavo-hd/atmel/studio/7.0/toolchain/arm/arm-gnu-toolchain/bin/../lib/gcc/arm-none-eabi/6.3.1/../../../../arm-none-eabi/lib/thumb/v7e-m\libc.a(lib_a-impure.o)
 .ARM.attributes
                0x00000534       0x2e d:/gustavo-hd/atmel/studio/7.0/toolchain/arm/arm-gnu-toolchain/bin/../lib/gcc/arm-none-eabi/6.3.1/../../../../arm-none-eabi/lib/thumb/v7e-m\libc.a(lib_a-init.o)
 .ARM.attributes
                0x00000562       0x2e d:/gustavo-hd/atmel/studio/7.0/toolchain/arm/arm-gnu-toolchain/bin/../lib/gcc/arm-none-eabi/6.3.1/../../../../arm-none-eabi/lib/thumb/v7e-m\libc.a(lib_a-iprintf.o)
 .ARM.attributes
                0x00000590       0x2e d:/gustavo-hd/atmel/studio/7.0/toolchain/arm/arm-gnu-toolchain/bin/../lib/gcc/arm-none-eabi/6.3.1/../../../../arm-none-eabi/lib/thumb/v7e-m\libc.a(lib_a-malloc.o)
 .ARM.attributes
                0x000005be       0x2e d:/gustavo-hd/atmel/studio/7.0/toolchain/arm/arm-gnu-toolchain/bin/../lib/gcc/arm-none-eabi/6.3.1/../../../../arm-none-eabi/lib/thumb/v7e-m\libc.a(lib_a-mallocr.o)
 .ARM.attributes
                0x000005ec       0x2e d:/gustavo-hd/atmel/studio/7.0/toolchain/arm/arm-gnu-toolchain/bin/../lib/gcc/arm-none-eabi/6.3.1/../../../../arm-none-eabi/lib/thumb/v7e-m\libc.a(lib_a-memset.o)
 .ARM.attributes
                0x0000061a       0x2e d:/gustavo-hd/atmel/studio/7.0/toolchain/arm/arm-gnu-toolchain/bin/../lib/gcc/arm-none-eabi/6.3.1/../../../../arm-none-eabi/lib/thumb/v7e-m\libc.a(lib_a-mlock.o)
 .ARM.attributes
                0x00000648       0x2e d:/gustavo-hd/atmel/studio/7.0/toolchain/arm/arm-gnu-toolchain/bin/../lib/gcc/arm-none-eabi/6.3.1/../../../../arm-none-eabi/lib/thumb/v7e-m\libc.a(lib_a-sbrkr.o)
 .ARM.attributes
                0x00000676       0x2e d:/gustavo-hd/atmel/studio/7.0/toolchain/arm/arm-gnu-toolchain/bin/../lib/gcc/arm-none-eabi/6.3.1/../../../../arm-none-eabi/lib/thumb/v7e-m\libc.a(lib_a-setbuf.o)
 .ARM.attributes
                0x000006a4       0x2e d:/gustavo-hd/atmel/studio/7.0/toolchain/arm/arm-gnu-toolchain/bin/../lib/gcc/arm-none-eabi/6.3.1/../../../../arm-none-eabi/lib/thumb/v7e-m\libc.a(lib_a-setvbuf.o)
 .ARM.attributes
                0x000006d2       0x2e d:/gustavo-hd/atmel/studio/7.0/toolchain/arm/arm-gnu-toolchain/bin/../lib/gcc/arm-none-eabi/6.3.1/../../../../arm-none-eabi/lib/thumb/v7e-m\libc.a(lib_a-sprintf.o)
 .ARM.attributes
                0x00000700       0x2e d:/gustavo-hd/atmel/studio/7.0/toolchain/arm/arm-gnu-toolchain/bin/../lib/gcc/arm-none-eabi/6.3.1/../../../../arm-none-eabi/lib/thumb/v7e-m\libc.a(lib_a-strcat.o)
 .ARM.attributes
                0x0000072e       0x2e d:/gustavo-hd/atmel/studio/7.0/toolchain/arm/arm-gnu-toolchain/bin/../lib/gcc/arm-none-eabi/6.3.1/../../../../arm-none-eabi/lib/thumb/v7e-m\libc.a(lib_a-strcpy.o)
 .ARM.attributes
                0x0000075c       0x1c d:/gustavo-hd/atmel/studio/7.0/toolchain/arm/arm-gnu-toolchain/bin/../lib/gcc/arm-none-eabi/6.3.1/../../../../arm-none-eabi/lib/thumb/v7e-m\libc.a(lib_a-strlen.o)
 .ARM.attributes
                0x00000778       0x2e d:/gustavo-hd/atmel/studio/7.0/toolchain/arm/arm-gnu-toolchain/bin/../lib/gcc/arm-none-eabi/6.3.1/../../../../arm-none-eabi/lib/thumb/v7e-m\libc.a(lib_a-svfprintf.o)
 .ARM.attributes
                0x000007a6       0x2e d:/gustavo-hd/atmel/studio/7.0/toolchain/arm/arm-gnu-toolchain/bin/../lib/gcc/arm-none-eabi/6.3.1/../../../../arm-none-eabi/lib/thumb/v7e-m\libc.a(lib_a-vfiprintf.o)
 .ARM.attributes
                0x000007d4       0x2e d:/gustavo-hd/atmel/studio/7.0/toolchain/arm/arm-gnu-toolchain/bin/../lib/gcc/arm-none-eabi/6.3.1/../../../../arm-none-eabi/lib/thumb/v7e-m\libc.a(lib_a-wsetup.o)
 .ARM.attributes
                0x00000802       0x2e d:/gustavo-hd/atmel/studio/7.0/toolchain/arm/arm-gnu-toolchain/bin/../lib/gcc/arm-none-eabi/6.3.1/../../../../arm-none-eabi/lib/thumb/v7e-m\libc.a(lib_a-__call_atexit.o)
 .ARM.attributes
                0x00000830       0x2e d:/gustavo-hd/atmel/studio/7.0/toolchain/arm/arm-gnu-toolchain/bin/../lib/gcc/arm-none-eabi/6.3.1/../../../../arm-none-eabi/lib/thumb/v7e-m\libc.a(lib_a-atexit.o)
 .ARM.attributes
                0x0000085e       0x2e d:/gustavo-hd/atmel/studio/7.0/toolchain/arm/arm-gnu-toolchain/bin/../lib/gcc/arm-none-eabi/6.3.1/../../../../arm-none-eabi/lib/thumb/v7e-m\libc.a(lib_a-dtoa.o)
 .ARM.attributes
                0x0000088c       0x2e d:/gustavo-hd/atmel/studio/7.0/toolchain/arm/arm-gnu-toolchain/bin/../lib/gcc/arm-none-eabi/6.3.1/../../../../arm-none-eabi/lib/thumb/v7e-m\libc.a(lib_a-fflush.o)
 .ARM.attributes
                0x000008ba       0x2e d:/gustavo-hd/atmel/studio/7.0/toolchain/arm/arm-gnu-toolchain/bin/../lib/gcc/arm-none-eabi/6.3.1/../../../../arm-none-eabi/lib/thumb/v7e-m\libc.a(lib_a-findfp.o)
 .ARM.attributes
                0x000008e8       0x2e d:/gustavo-hd/atmel/studio/7.0/toolchain/arm/arm-gnu-toolchain/bin/../lib/gcc/arm-none-eabi/6.3.1/../../../../arm-none-eabi/lib/thumb/v7e-m\libc.a(lib_a-fini.o)
 .ARM.attributes
                0x00000916       0x2e d:/gustavo-hd/atmel/studio/7.0/toolchain/arm/arm-gnu-toolchain/bin/../lib/gcc/arm-none-eabi/6.3.1/../../../../arm-none-eabi/lib/thumb/v7e-m\libc.a(lib_a-fputwc.o)
 .ARM.attributes
                0x00000944       0x2e d:/gustavo-hd/atmel/studio/7.0/toolchain/arm/arm-gnu-toolchain/bin/../lib/gcc/arm-none-eabi/6.3.1/../../../../arm-none-eabi/lib/thumb/v7e-m\libc.a(lib_a-freer.o)
 .ARM.attributes
                0x00000972       0x2e d:/gustavo-hd/atmel/studio/7.0/toolchain/arm/arm-gnu-toolchain/bin/../lib/gcc/arm-none-eabi/6.3.1/../../../../arm-none-eabi/lib/thumb/v7e-m\libc.a(lib_a-fvwrite.o)
 .ARM.attributes
                0x000009a0       0x2e d:/gustavo-hd/atmel/studio/7.0/toolchain/arm/arm-gnu-toolchain/bin/../lib/gcc/arm-none-eabi/6.3.1/../../../../arm-none-eabi/lib/thumb/v7e-m\libc.a(lib_a-fwalk.o)
 .ARM.attributes
                0x000009ce       0x2e d:/gustavo-hd/atmel/studio/7.0/toolchain/arm/arm-gnu-toolchain/bin/../lib/gcc/arm-none-eabi/6.3.1/../../../../arm-none-eabi/lib/thumb/v7e-m\libc.a(lib_a-locale.o)
 .ARM.attributes
                0x000009fc       0x2e d:/gustavo-hd/atmel/studio/7.0/toolchain/arm/arm-gnu-toolchain/bin/../lib/gcc/arm-none-eabi/6.3.1/../../../../arm-none-eabi/lib/thumb/v7e-m\libc.a(lib_a-localeconv.o)
 .ARM.attributes
                0x00000a2a       0x2e d:/gustavo-hd/atmel/studio/7.0/toolchain/arm/arm-gnu-toolchain/bin/../lib/gcc/arm-none-eabi/6.3.1/../../../../arm-none-eabi/lib/thumb/v7e-m\libc.a(lib_a-lock.o)
 .ARM.attributes
                0x00000a58       0x2e d:/gustavo-hd/atmel/studio/7.0/toolchain/arm/arm-gnu-toolchain/bin/../lib/gcc/arm-none-eabi/6.3.1/../../../../arm-none-eabi/lib/thumb/v7e-m\libc.a(lib_a-makebuf.o)
 .ARM.attributes
                0x00000a86       0x2e d:/gustavo-hd/atmel/studio/7.0/toolchain/arm/arm-gnu-toolchain/bin/../lib/gcc/arm-none-eabi/6.3.1/../../../../arm-none-eabi/lib/thumb/v7e-m\libc.a(lib_a-mbtowc_r.o)
 .ARM.attributes
                0x00000ab4       0x1c d:/gustavo-hd/atmel/studio/7.0/toolchain/arm/arm-gnu-toolchain/bin/../lib/gcc/arm-none-eabi/6.3.1/../../../../arm-none-eabi/lib/thumb/v7e-m\libc.a(lib_a-memchr.o)
 .ARM.attributes
                0x00000ad0       0x1c d:/gustavo-hd/atmel/studio/7.0/toolchain/arm/arm-gnu-toolchain/bin/../lib/gcc/arm-none-eabi/6.3.1/../../../../arm-none-eabi/lib/thumb/v7e-m\libc.a(lib_a-memcpy.o)
 .ARM.attributes
                0x00000aec       0x2e d:/gustavo-hd/atmel/studio/7.0/toolchain/arm/arm-gnu-toolchain/bin/../lib/gcc/arm-none-eabi/6.3.1/../../../../arm-none-eabi/lib/thumb/v7e-m\libc.a(lib_a-memmove.o)
 .ARM.attributes
                0x00000b1a       0x2e d:/gustavo-hd/atmel/studio/7.0/toolchain/arm/arm-gnu-toolchain/bin/../lib/gcc/arm-none-eabi/6.3.1/../../../../arm-none-eabi/lib/thumb/v7e-m\libc.a(lib_a-mprec.o)
 .ARM.attributes
                0x00000b48       0x2e d:/gustavo-hd/atmel/studio/7.0/toolchain/arm/arm-gnu-toolchain/bin/../lib/gcc/arm-none-eabi/6.3.1/../../../../arm-none-eabi/lib/thumb/v7e-m\libc.a(lib_a-reallocr.o)
 .ARM.attributes
                0x00000b76       0x2e d:/gustavo-hd/atmel/studio/7.0/toolchain/arm/arm-gnu-toolchain/bin/../lib/gcc/arm-none-eabi/6.3.1/../../../../arm-none-eabi/lib/thumb/v7e-m\libc.a(lib_a-reent.o)
 .ARM.attributes
                0x00000ba4       0x2e d:/gustavo-hd/atmel/studio/7.0/toolchain/arm/arm-gnu-toolchain/bin/../lib/gcc/arm-none-eabi/6.3.1/../../../../arm-none-eabi/lib/thumb/v7e-m\libc.a(lib_a-stdio.o)
 .ARM.attributes
                0x00000bd2       0x2e d:/gustavo-hd/atmel/studio/7.0/toolchain/arm/arm-gnu-toolchain/bin/../lib/gcc/arm-none-eabi/6.3.1/../../../../arm-none-eabi/lib/thumb/v7e-m\libc.a(lib_a-svfiprintf.o)
 .ARM.attributes
                0x00000c00       0x2e d:/gustavo-hd/atmel/studio/7.0/toolchain/arm/arm-gnu-toolchain/bin/../lib/gcc/arm-none-eabi/6.3.1/../../../../arm-none-eabi/lib/thumb/v7e-m\libc.a(lib_a-wbuf.o)
 .ARM.attributes
                0x00000c2e       0x2e d:/gustavo-hd/atmel/studio/7.0/toolchain/arm/arm-gnu-toolchain/bin/../lib/gcc/arm-none-eabi/6.3.1/../../../../arm-none-eabi/lib/thumb/v7e-m\libc.a(lib_a-wcrtomb.o)
 .ARM.attributes
                0x00000c5c       0x2e d:/gustavo-hd/atmel/studio/7.0/toolchain/arm/arm-gnu-toolchain/bin/../lib/gcc/arm-none-eabi/6.3.1/../../../../arm-none-eabi/lib/thumb/v7e-m\libc.a(lib_a-wctomb_r.o)
 .ARM.attributes
                0x00000c8a       0x2e d:/gustavo-hd/atmel/studio/7.0/toolchain/arm/arm-gnu-toolchain/bin/../lib/gcc/arm-none-eabi/6.3.1/../../../../arm-none-eabi/lib/thumb/v7e-m\libc.a(lib_a-writer.o)
 .ARM.attributes
                0x00000cb8       0x2e d:/gustavo-hd/atmel/studio/7.0/toolchain/arm/arm-gnu-toolchain/bin/../lib/gcc/arm-none-eabi/6.3.1/../../../../arm-none-eabi/lib/thumb/v7e-m\libc.a(lib_a-__atexit.o)
 .ARM.attributes
                0x00000ce6       0x2e d:/gustavo-hd/atmel/studio/7.0/toolchain/arm/arm-gnu-toolchain/bin/../lib/gcc/arm-none-eabi/6.3.1/../../../../arm-none-eabi/lib/thumb/v7e-m\libc.a(lib_a-callocr.o)
 .ARM.attributes
                0x00000d14       0x2e d:/gustavo-hd/atmel/studio/7.0/toolchain/arm/arm-gnu-toolchain/bin/../lib/gcc/arm-none-eabi/6.3.1/../../../../arm-none-eabi/lib/thumb/v7e-m\libc.a(lib_a-closer.o)
 .ARM.attributes
                0x00000d42       0x2e d:/gustavo-hd/atmel/studio/7.0/toolchain/arm/arm-gnu-toolchain/bin/../lib/gcc/arm-none-eabi/6.3.1/../../../../arm-none-eabi/lib/thumb/v7e-m\libc.a(lib_a-ctype_.o)
 .ARM.attributes
                0x00000d70       0x2e d:/gustavo-hd/atmel/studio/7.0/toolchain/arm/arm-gnu-toolchain/bin/../lib/gcc/arm-none-eabi/6.3.1/../../../../arm-none-eabi/lib/thumb/v7e-m\libc.a(lib_a-fclose.o)
 .ARM.attributes
                0x00000d9e       0x2e d:/gustavo-hd/atmel/studio/7.0/toolchain/arm/arm-gnu-toolchain/bin/../lib/gcc/arm-none-eabi/6.3.1/../../../../arm-none-eabi/lib/thumb/v7e-m\libc.a(lib_a-fstatr.o)
 .ARM.attributes
                0x00000dcc       0x2e d:/gustavo-hd/atmel/studio/7.0/toolchain/arm/arm-gnu-toolchain/bin/../lib/gcc/arm-none-eabi/6.3.1/../../../../arm-none-eabi/lib/thumb/v7e-m\libc.a(lib_a-isattyr.o)
 .ARM.attributes
                0x00000dfa       0x2e d:/gustavo-hd/atmel/studio/7.0/toolchain/arm/arm-gnu-toolchain/bin/../lib/gcc/arm-none-eabi/6.3.1/../../../../arm-none-eabi/lib/thumb/v7e-m\libc.a(lib_a-lseekr.o)
 .ARM.attributes
                0x00000e28       0x2e d:/gustavo-hd/atmel/studio/7.0/toolchain/arm/arm-gnu-toolchain/bin/../lib/gcc/arm-none-eabi/6.3.1/../../../../arm-none-eabi/lib/thumb/v7e-m\libc.a(lib_a-readr.o)
 .ARM.attributes
                0x00000e56       0x1e d:/gustavo-hd/atmel/studio/7.0/toolchain/arm/arm-gnu-toolchain/bin/../lib/gcc/arm-none-eabi/6.3.1/thumb/v7e-m\libgcc.a(_arm_addsubdf3.o)
 .ARM.attributes
                0x00000e74       0x1e d:/gustavo-hd/atmel/studio/7.0/toolchain/arm/arm-gnu-toolchain/bin/../lib/gcc/arm-none-eabi/6.3.1/thumb/v7e-m\libgcc.a(_arm_muldivdf3.o)
 .ARM.attributes
                0x00000e92       0x1e d:/gustavo-hd/atmel/studio/7.0/toolchain/arm/arm-gnu-toolchain/bin/../lib/gcc/arm-none-eabi/6.3.1/thumb/v7e-m\libgcc.a(_arm_cmpdf2.o)
 .ARM.attributes
                0x00000eb0       0x1e d:/gustavo-hd/atmel/studio/7.0/toolchain/arm/arm-gnu-toolchain/bin/../lib/gcc/arm-none-eabi/6.3.1/thumb/v7e-m\libgcc.a(_arm_unorddf2.o)
 .ARM.attributes
                0x00000ece       0x1e d:/gustavo-hd/atmel/studio/7.0/toolchain/arm/arm-gnu-toolchain/bin/../lib/gcc/arm-none-eabi/6.3.1/thumb/v7e-m\libgcc.a(_arm_fixdfsi.o)
 .ARM.attributes
                0x00000eec       0x1e d:/gustavo-hd/atmel/studio/7.0/toolchain/arm/arm-gnu-toolchain/bin/../lib/gcc/arm-none-eabi/6.3.1/thumb/v7e-m\libgcc.a(_aeabi_uldivmod.o)
 .ARM.attributes
                0x00000f0a       0x2e d:/gustavo-hd/atmel/studio/7.0/toolchain/arm/arm-gnu-toolchain/bin/../lib/gcc/arm-none-eabi/6.3.1/thumb/v7e-m\libgcc.a(_udivmoddi4.o)
 .ARM.attributes
                0x00000f38       0x1e d:/gustavo-hd/atmel/studio/7.0/toolchain/arm/arm-gnu-toolchain/bin/../lib/gcc/arm-none-eabi/6.3.1/thumb/v7e-m\libgcc.a(_dvmd_tls.o)
 .ARM.attributes
                0x00000f56       0x1e d:/gustavo-hd/atmel/studio/7.0/toolchain/arm/arm-gnu-toolchain/bin/../lib/gcc/arm-none-eabi/6.3.1/thumb/v7e-m/crtn.o

.comment        0x00000000       0x59
 .comment       0x00000000       0x59 src/ASF/sam/drivers/tc/tc.o
                                 0x5a (size before relaxing)
 .comment       0x00000059       0x5a src/ASF/common/components/touch/mxt/mxt_device_1.o
 .comment       0x00000059       0x5a src/ASF/common/services/clock/same70/sysclk.o
 .comment       0x00000059       0x5a src/ASF/common/services/delay/sam/cycle_counter.o
 .comment       0x00000059       0x5a src/ASF/common/services/serial/usart_serial.o
 .comment       0x00000059       0x5a src/ASF/common/services/spi/sam_spi/spi_master.o
 .comment       0x00000059       0x5a src/ASF/common/utils/interrupt/interrupt_sam_nvic.o
 .comment       0x00000059       0x5a src/ASF/common/utils/stdio/read.o
 .comment       0x00000059       0x5a src/ASF/common/utils/stdio/write.o
 .comment       0x00000059       0x5a src/ASF/sam/boards/same70_xplained/init.o
 .comment       0x00000059       0x5a src/ASF/sam/components/display/ili9488/ili9488.o
 .comment       0x00000059       0x5a src/ASF/sam/drivers/pio/pio.o
 .comment       0x00000059       0x5a src/ASF/sam/drivers/pio/pio_handler.o
 .comment       0x00000059       0x5a src/ASF/sam/drivers/pmc/pmc.o
 .comment       0x00000059       0x5a src/ASF/sam/drivers/spi/spi.o
 .comment       0x00000059       0x5a src/ASF/sam/drivers/twihs/twihs.o
 .comment       0x00000059       0x5a src/ASF/sam/drivers/uart/uart.o
 .comment       0x00000059       0x5a src/ASF/sam/drivers/usart/usart.o
 .comment       0x00000059       0x5a src/ASF/sam/utils/cmsis/same70/source/templates/gcc/startup_same70.o
 .comment       0x00000059       0x5a src/ASF/sam/utils/cmsis/same70/source/templates/system_same70.o
 .comment       0x00000059       0x5a src/ASF/sam/utils/syscalls/gcc/syscalls.o
 .comment       0x00000059       0x5a src/main.o

.debug_info     0x00000000    0x20481
 .debug_info    0x00000000     0x1269 src/ASF/sam/drivers/tc/tc.o
 .debug_info    0x00001269     0x240d src/ASF/common/components/touch/mxt/mxt_device_1.o
 .debug_info    0x00003676     0x12a4 src/ASF/common/services/clock/same70/sysclk.o
 .debug_info    0x0000491a      0xa45 src/ASF/common/services/delay/sam/cycle_counter.o
 .debug_info    0x0000535f     0x1174 src/ASF/common/services/serial/usart_serial.o
 .debug_info    0x000064d3     0x15fe src/ASF/common/services/spi/sam_spi/spi_master.o
 .debug_info    0x00007ad1      0xb01 src/ASF/common/utils/interrupt/interrupt_sam_nvic.o
 .debug_info    0x000085d2      0xac9 src/ASF/common/utils/stdio/read.o
 .debug_info    0x0000909b      0xac6 src/ASF/common/utils/stdio/write.o
 .debug_info    0x00009b61     0x24e7 src/ASF/sam/boards/same70_xplained/init.o
 .debug_info    0x0000c048     0x28a4 src/ASF/sam/components/display/ili9488/ili9488.o
 .debug_info    0x0000e8ec     0x2174 src/ASF/sam/drivers/pio/pio.o
 .debug_info    0x00010a60     0x1b7e src/ASF/sam/drivers/pio/pio_handler.o
 .debug_info    0x000125de     0x1f12 src/ASF/sam/drivers/pmc/pmc.o
 .debug_info    0x000144f0     0x1181 src/ASF/sam/drivers/spi/spi.o
 .debug_info    0x00015671     0x1599 src/ASF/sam/drivers/twihs/twihs.o
 .debug_info    0x00016c0a     0x1072 src/ASF/sam/drivers/uart/uart.o
 .debug_info    0x00017c7c     0x23ac src/ASF/sam/drivers/usart/usart.o
 .debug_info    0x0001a028     0x1600 src/ASF/sam/utils/cmsis/same70/source/templates/gcc/startup_same70.o
 .debug_info    0x0001b628      0x5d0 src/ASF/sam/utils/cmsis/same70/source/templates/system_same70.o
 .debug_info    0x0001bbf8      0xdb0 src/ASF/sam/utils/syscalls/gcc/syscalls.o
 .debug_info    0x0001c9a8     0x3ad9 src/main.o

.debug_abbrev   0x00000000     0x43a2
 .debug_abbrev  0x00000000      0x2a0 src/ASF/sam/drivers/tc/tc.o
 .debug_abbrev  0x000002a0      0x44d src/ASF/common/components/touch/mxt/mxt_device_1.o
 .debug_abbrev  0x000006ed      0x31f src/ASF/common/services/clock/same70/sysclk.o
 .debug_abbrev  0x00000a0c      0x1b3 src/ASF/common/services/delay/sam/cycle_counter.o
 .debug_abbrev  0x00000bbf      0x2b1 src/ASF/common/services/serial/usart_serial.o
 .debug_abbrev  0x00000e70      0x3c1 src/ASF/common/services/spi/sam_spi/spi_master.o
 .debug_abbrev  0x00001231      0x212 src/ASF/common/utils/interrupt/interrupt_sam_nvic.o
 .debug_abbrev  0x00001443      0x1fe src/ASF/common/utils/stdio/read.o
 .debug_abbrev  0x00001641      0x1e9 src/ASF/common/utils/stdio/write.o
 .debug_abbrev  0x0000182a      0x37e src/ASF/sam/boards/same70_xplained/init.o
 .debug_abbrev  0x00001ba8      0x41d src/ASF/sam/components/display/ili9488/ili9488.o
 .debug_abbrev  0x00001fc5      0x410 src/ASF/sam/drivers/pio/pio.o
 .debug_abbrev  0x000023d5      0x32f src/ASF/sam/drivers/pio/pio_handler.o
 .debug_abbrev  0x00002704      0x398 src/ASF/sam/drivers/pmc/pmc.o
 .debug_abbrev  0x00002a9c      0x3b2 src/ASF/sam/drivers/spi/spi.o
 .debug_abbrev  0x00002e4e      0x39f src/ASF/sam/drivers/twihs/twihs.o
 .debug_abbrev  0x000031ed      0x27b src/ASF/sam/drivers/uart/uart.o
 .debug_abbrev  0x00003468      0x3ca src/ASF/sam/drivers/usart/usart.o
 .debug_abbrev  0x00003832      0x2e4 src/ASF/sam/utils/cmsis/same70/source/templates/gcc/startup_same70.o
 .debug_abbrev  0x00003b16      0x102 src/ASF/sam/utils/cmsis/same70/source/templates/system_same70.o
 .debug_abbrev  0x00003c18      0x264 src/ASF/sam/utils/syscalls/gcc/syscalls.o
 .debug_abbrev  0x00003e7c      0x526 src/main.o

.debug_loc      0x00000000     0x9380
 .debug_loc     0x00000000      0x5a4 src/ASF/sam/drivers/tc/tc.o
 .debug_loc     0x000005a4      0xfd8 src/ASF/common/components/touch/mxt/mxt_device_1.o
 .debug_loc     0x0000157c      0x183 src/ASF/common/services/clock/same70/sysclk.o
 .debug_loc     0x000016ff      0x2a7 src/ASF/common/services/serial/usart_serial.o
 .debug_loc     0x000019a6      0xab0 src/ASF/common/services/spi/sam_spi/spi_master.o
 .debug_loc     0x00002456       0xb3 src/ASF/common/utils/stdio/read.o
 .debug_loc     0x00002509      0x12b src/ASF/common/utils/stdio/write.o
 .debug_loc     0x00002634      0x2d9 src/ASF/sam/boards/same70_xplained/init.o
 .debug_loc     0x0000290d     0x18a1 src/ASF/sam/components/display/ili9488/ili9488.o
 .debug_loc     0x000041ae      0xea4 src/ASF/sam/drivers/pio/pio.o
 .debug_loc     0x00005052      0x588 src/ASF/sam/drivers/pio/pio_handler.o
 .debug_loc     0x000055da      0xc33 src/ASF/sam/drivers/pmc/pmc.o
 .debug_loc     0x0000620d      0x610 src/ASF/sam/drivers/spi/spi.o
 .debug_loc     0x0000681d      0xc59 src/ASF/sam/drivers/twihs/twihs.o
 .debug_loc     0x00007476      0x2a3 src/ASF/sam/drivers/uart/uart.o
 .debug_loc     0x00007719      0xf35 src/ASF/sam/drivers/usart/usart.o
 .debug_loc     0x0000864e       0x77 src/ASF/sam/utils/cmsis/same70/source/templates/gcc/startup_same70.o
 .debug_loc     0x000086c5       0xfd src/ASF/sam/utils/syscalls/gcc/syscalls.o
 .debug_loc     0x000087c2      0xbbe src/main.o

.debug_aranges  0x00000000      0xed0
 .debug_aranges
                0x00000000       0xd0 src/ASF/sam/drivers/tc/tc.o
 .debug_aranges
                0x000000d0       0x90 src/ASF/common/components/touch/mxt/mxt_device_1.o
 .debug_aranges
                0x00000160       0x40 src/ASF/common/services/clock/same70/sysclk.o
 .debug_aranges
                0x000001a0       0x20 src/ASF/common/services/delay/sam/cycle_counter.o
 .debug_aranges
                0x000001c0       0x28 src/ASF/common/services/serial/usart_serial.o
 .debug_aranges
                0x000001e8       0x50 src/ASF/common/services/spi/sam_spi/spi_master.o
 .debug_aranges
                0x00000238       0x28 src/ASF/common/utils/interrupt/interrupt_sam_nvic.o
 .debug_aranges
                0x00000260       0x20 src/ASF/common/utils/stdio/read.o
 .debug_aranges
                0x00000280       0x20 src/ASF/common/utils/stdio/write.o
 .debug_aranges
                0x000002a0       0x20 src/ASF/sam/boards/same70_xplained/init.o
 .debug_aranges
                0x000002c0      0x138 src/ASF/sam/components/display/ili9488/ili9488.o
 .debug_aranges
                0x000003f8      0x1a8 src/ASF/sam/drivers/pio/pio.o
 .debug_aranges
                0x000005a0       0x60 src/ASF/sam/drivers/pio/pio_handler.o
 .debug_aranges
                0x00000600      0x250 src/ASF/sam/drivers/pmc/pmc.o
 .debug_aranges
                0x00000850       0x90 src/ASF/sam/drivers/spi/spi.o
 .debug_aranges
                0x000008e0       0xe8 src/ASF/sam/drivers/twihs/twihs.o
 .debug_aranges
                0x000009c8       0xd8 src/ASF/sam/drivers/uart/uart.o
 .debug_aranges
                0x00000aa0      0x2a8 src/ASF/sam/drivers/usart/usart.o
 .debug_aranges
                0x00000d48       0x28 src/ASF/sam/utils/cmsis/same70/source/templates/gcc/startup_same70.o
 .debug_aranges
                0x00000d70       0x30 src/ASF/sam/utils/cmsis/same70/source/templates/system_same70.o
 .debug_aranges
                0x00000da0       0x60 src/ASF/sam/utils/syscalls/gcc/syscalls.o
 .debug_aranges
                0x00000e00       0xd0 src/main.o

.debug_ranges   0x00000000     0x1020
 .debug_ranges  0x00000000       0xc0 src/ASF/sam/drivers/tc/tc.o
 .debug_ranges  0x000000c0      0x148 src/ASF/common/components/touch/mxt/mxt_device_1.o
 .debug_ranges  0x00000208       0x30 src/ASF/common/services/clock/same70/sysclk.o
 .debug_ranges  0x00000238       0x10 src/ASF/common/services/delay/sam/cycle_counter.o
 .debug_ranges  0x00000248       0x48 src/ASF/common/services/serial/usart_serial.o
 .debug_ranges  0x00000290       0x88 src/ASF/common/services/spi/sam_spi/spi_master.o
 .debug_ranges  0x00000318       0x18 src/ASF/common/utils/interrupt/interrupt_sam_nvic.o
 .debug_ranges  0x00000330       0x10 src/ASF/common/utils/stdio/read.o
 .debug_ranges  0x00000340       0x10 src/ASF/common/utils/stdio/write.o
 .debug_ranges  0x00000350       0x10 src/ASF/sam/boards/same70_xplained/init.o
 .debug_ranges  0x00000360      0x160 src/ASF/sam/components/display/ili9488/ili9488.o
 .debug_ranges  0x000004c0      0x2a0 src/ASF/sam/drivers/pio/pio.o
 .debug_ranges  0x00000760       0x68 src/ASF/sam/drivers/pio/pio_handler.o
 .debug_ranges  0x000007c8      0x240 src/ASF/sam/drivers/pmc/pmc.o
 .debug_ranges  0x00000a08       0x80 src/ASF/sam/drivers/spi/spi.o
 .debug_ranges  0x00000a88       0xd8 src/ASF/sam/drivers/twihs/twihs.o
 .debug_ranges  0x00000b60       0xc8 src/ASF/sam/drivers/uart/uart.o
 .debug_ranges  0x00000c28      0x298 src/ASF/sam/drivers/usart/usart.o
 .debug_ranges  0x00000ec0       0x18 src/ASF/sam/utils/cmsis/same70/source/templates/gcc/startup_same70.o
 .debug_ranges  0x00000ed8       0x20 src/ASF/sam/utils/cmsis/same70/source/templates/system_same70.o
 .debug_ranges  0x00000ef8       0x50 src/ASF/sam/utils/syscalls/gcc/syscalls.o
 .debug_ranges  0x00000f48       0xd8 src/main.o

.debug_macro    0x00000000    0x23724
 .debug_macro   0x00000000      0x68d src/ASF/sam/drivers/tc/tc.o