Archive member included to satisfy reference by file (symbol)

c:/program files (x86)/atmel/studio/7.0/toolchain/arm/arm-gnu-toolchain/bin/../lib/gcc/arm-none-eabi/6.3.1/../../../../arm-none-eabi/lib/thumb/v7e-m\libc.a(lib_a-exit.o)
                              c:/program files (x86)/atmel/studio/7.0/toolchain/arm/arm-gnu-toolchain/bin/../lib/gcc/arm-none-eabi/6.3.1/../../../../arm-none-eabi/lib/thumb/v7e-m/crt0.o (exit)
c:/program files (x86)/atmel/studio/7.0/toolchain/arm/arm-gnu-toolchain/bin/../lib/gcc/arm-none-eabi/6.3.1/../../../../arm-none-eabi/lib/thumb/v7e-m\libc.a(lib_a-impure.o)
                              c:/program files (x86)/atmel/studio/7.0/toolchain/arm/arm-gnu-toolchain/bin/../lib/gcc/arm-none-eabi/6.3.1/../../../../arm-none-eabi/lib/thumb/v7e-m\libc.a(lib_a-exit.o) (_global_impure_ptr)
c:/program files (x86)/atmel/studio/7.0/toolchain/arm/arm-gnu-toolchain/bin/../lib/gcc/arm-none-eabi/6.3.1/../../../../arm-none-eabi/lib/thumb/v7e-m\libc.a(lib_a-init.o)
                              c:/program files (x86)/atmel/studio/7.0/toolchain/arm/arm-gnu-toolchain/bin/../lib/gcc/arm-none-eabi/6.3.1/../../../../arm-none-eabi/lib/thumb/v7e-m/crt0.o (__libc_init_array)
c:/program files (x86)/atmel/studio/7.0/toolchain/arm/arm-gnu-toolchain/bin/../lib/gcc/arm-none-eabi/6.3.1/../../../../arm-none-eabi/lib/thumb/v7e-m\libc.a(lib_a-iprintf.o)
                              src/main.o (iprintf)
c:/program files (x86)/atmel/studio/7.0/toolchain/arm/arm-gnu-toolchain/bin/../lib/gcc/arm-none-eabi/6.3.1/../../../../arm-none-eabi/lib/thumb/v7e-m\libc.a(lib_a-malloc.o)
                              src/ASF/common/components/touch/mxt/mxt_device_1.o (malloc)
c:/program files (x86)/atmel/studio/7.0/toolchain/arm/arm-gnu-toolchain/bin/../lib/gcc/arm-none-eabi/6.3.1/../../../../arm-none-eabi/lib/thumb/v7e-m\libc.a(lib_a-mallocr.o)
                              c:/program files (x86)/atmel/studio/7.0/toolchain/arm/arm-gnu-toolchain/bin/../lib/gcc/arm-none-eabi/6.3.1/../../../../arm-none-eabi/lib/thumb/v7e-m\libc.a(lib_a-malloc.o) (_malloc_r)
c:/program files (x86)/atmel/studio/7.0/toolchain/arm/arm-gnu-toolchain/bin/../lib/gcc/arm-none-eabi/6.3.1/../../../../arm-none-eabi/lib/thumb/v7e-m\libc.a(lib_a-memset.o)
                              c:/program files (x86)/atmel/studio/7.0/toolchain/arm/arm-gnu-toolchain/bin/../lib/gcc/arm-none-eabi/6.3.1/../../../../arm-none-eabi/lib/thumb/v7e-m/crt0.o (memset)
c:/program files (x86)/atmel/studio/7.0/toolchain/arm/arm-gnu-toolchain/bin/../lib/gcc/arm-none-eabi/6.3.1/../../../../arm-none-eabi/lib/thumb/v7e-m\libc.a(lib_a-mlock.o)
                              c:/program files (x86)/atmel/studio/7.0/toolchain/arm/arm-gnu-toolchain/bin/../lib/gcc/arm-none-eabi/6.3.1/../../../../arm-none-eabi/lib/thumb/v7e-m\libc.a(lib_a-mallocr.o) (__malloc_lock)
c:/program files (x86)/atmel/studio/7.0/toolchain/arm/arm-gnu-toolchain/bin/../lib/gcc/arm-none-eabi/6.3.1/../../../../arm-none-eabi/lib/thumb/v7e-m\libc.a(lib_a-sbrkr.o)
                              c:/program files (x86)/atmel/studio/7.0/toolchain/arm/arm-gnu-toolchain/bin/../lib/gcc/arm-none-eabi/6.3.1/../../../../arm-none-eabi/lib/thumb/v7e-m\libc.a(lib_a-mallocr.o) (_sbrk_r)
c:/program files (x86)/atmel/studio/7.0/toolchain/arm/arm-gnu-toolchain/bin/../lib/gcc/arm-none-eabi/6.3.1/../../../../arm-none-eabi/lib/thumb/v7e-m\libc.a(lib_a-setbuf.o)
                              src/main.o (setbuf)
c:/program files (x86)/atmel/studio/7.0/toolchain/arm/arm-gnu-toolchain/bin/../lib/gcc/arm-none-eabi/6.3.1/../../../../arm-none-eabi/lib/thumb/v7e-m\libc.a(lib_a-setvbuf.o)
                              c:/program files (x86)/atmel/studio/7.0/toolchain/arm/arm-gnu-toolchain/bin/../lib/gcc/arm-none-eabi/6.3.1/../../../../arm-none-eabi/lib/thumb/v7e-m\libc.a(lib_a-setbuf.o) (setvbuf)
c:/program files (x86)/atmel/studio/7.0/toolchain/arm/arm-gnu-toolchain/bin/../lib/gcc/arm-none-eabi/6.3.1/../../../../arm-none-eabi/lib/thumb/v7e-m\libc.a(lib_a-sprintf.o)
                              src/main.o (sprintf)
c:/program files (x86)/atmel/studio/7.0/toolchain/arm/arm-gnu-toolchain/bin/../lib/gcc/arm-none-eabi/6.3.1/../../../../arm-none-eabi/lib/thumb/v7e-m\libc.a(lib_a-strcat.o)
                              src/main.o (strcat)
c:/program files (x86)/atmel/studio/7.0/toolchain/arm/arm-gnu-toolchain/bin/../lib/gcc/arm-none-eabi/6.3.1/../../../../arm-none-eabi/lib/thumb/v7e-m\libc.a(lib_a-strcpy.o)
                              src/main.o (strcpy)
c:/program files (x86)/atmel/studio/7.0/toolchain/arm/arm-gnu-toolchain/bin/../lib/gcc/arm-none-eabi/6.3.1/../../../../arm-none-eabi/lib/thumb/v7e-m\libc.a(lib_a-strlen.o)
                              src/main.o (strlen)
c:/program files (x86)/atmel/studio/7.0/toolchain/arm/arm-gnu-toolchain/bin/../lib/gcc/arm-none-eabi/6.3.1/../../../../arm-none-eabi/lib/thumb/v7e-m\libc.a(lib_a-svfprintf.o)
[...]
Memory Configuration

Name             Origin             Length             Attributes
rom              0x00400000         0x00200000         xr
ram              0x20400000         0x00060000         xrw
*default*        0x00000000         0xffffffff

Linker script and memory map

LOAD c:/program files (x86)/atmel/studio/7.0/toolchain/arm/arm-gnu-toolchain/bin/../lib/gcc/arm-none-eabi/6.3.1/thumb/v7e-m/crti.o
LOAD c:/program files (x86)/atmel/studio/7.0/toolchain/arm/arm-gnu-toolchain/bin/../lib/gcc/arm-none-eabi/6.3.1/thumb/v7e-m/crtbegin.o
LOAD c:/program files (x86)/atmel/studio/7.0/toolchain/arm/arm-gnu-toolchain/bin/../lib/gcc/arm-none-eabi/6.3.1/../../../../arm-none-eabi/lib/thumb/v7e-m/crt0.o
LOAD src/ASF/sam/drivers/tc/tc.o
LOAD src/ASF/common/components/touch/mxt/mxt_device_1.o
LOAD src/ASF/common/services/clock/same70/sysclk.o
LOAD src/ASF/common/services/delay/sam/cycle_counter.o
LOAD src/ASF/common/services/serial/usart_serial.o
LOAD src/ASF/common/services/spi/sam_spi/spi_master.o
LOAD src/ASF/common/utils/interrupt/interrupt_sam_nvic.o
LOAD src/ASF/common/utils/stdio/read.o
LOAD src/ASF/common/utils/stdio/write.o
LOAD src/ASF/sam/boards/same70_xplained/init.o
LOAD src/ASF/sam/components/display/ili9488/ili9488.o
LOAD src/ASF/sam/drivers/mpu/mpu.o
LOAD src/ASF/sam/drivers/pio/pio.o
LOAD src/ASF/sam/drivers/pio/pio_handler.o
LOAD src/ASF/sam/drivers/pmc/pmc.o
LOAD src/ASF/sam/drivers/pmc/sleep.o
LOAD src/ASF/sam/drivers/spi/spi.o
LOAD src/ASF/sam/drivers/twihs/twihs.o
LOAD src/ASF/sam/drivers/uart/uart.o
LOAD src/ASF/sam/drivers/usart/usart.o
LOAD src/ASF/sam/utils/cmsis/same70/source/templates/gcc/startup_same70.o
LOAD src/ASF/sam/utils/cmsis/same70/source/templates/system_same70.o
LOAD src/ASF/sam/utils/syscalls/gcc/syscalls.o
LOAD src/main.o
START GROUP
LOAD ../src/ASF/thirdparty/CMSIS/Lib/GCC\libarm_cortexM7lfsp_math_softfp.a
LOAD c:/program files (x86)/atmel/studio/7.0/toolchain/arm/arm-gnu-toolchain/bin/../lib/gcc/arm-none-eabi/6.3.1/../../../../arm-none-eabi/lib/thumb/v7e-m\libm.a
END GROUP
START GROUP
LOAD c:/program files (x86)/atmel/studio/7.0/toolchain/arm/arm-gnu-toolchain/bin/../lib/gcc/arm-none-eabi/6.3.1/thumb/v7e-m\libgcc.a
LOAD c:/program files (x86)/atmel/studio/7.0/toolchain/arm/arm-gnu-toolchain/bin/../lib/gcc/arm-none-eabi/6.3.1/../../../../arm-none-eabi/lib/thumb/v7e-m\libc.a
END GROUP
LOAD c:/program files (x86)/atmel/studio/7.0/toolchain/arm/arm-gnu-toolchain/bin/../lib/gcc/arm-none-eabi/6.3.1/thumb/v7e-m/crtend.o
LOAD c:/program files (x86)/atmel/studio/7.0/toolchain/arm/arm-gnu-toolchain/bin/../lib/gcc/arm-none-eabi/6.3.1/thumb/v7e-m/crtn.o
                0x00002000                STACK_SIZE = DEFINED (STACK_SIZE)?STACK_SIZE:0x2000
                0x2045fffc                __ram_end__ = ((ORIGIN (ram) + LENGTH (ram)) - 0x4)
                0x00000200                HEAP_SIZE = DEFINED (HEAP_SIZE)?HEAP_SIZE:0x200

.text           0x00400000    0x2ecf4
                0x00400000                . = ALIGN (0x4)
                0x00400000                _sfixed = .
 *(.vectors .vectors.*)
 .vectors       0x00400000      0x168 src/ASF/sam/utils/cmsis/same70/source/templates/gcc/startup_same70.o
                0x00400000                exception_table
 *(.text .text.* .gnu.linkonce.t.*)
 .text          0x00400168       0x6c c:/program files (x86)/atmel/studio/7.0/toolchain/arm/arm-gnu-toolchain/bin/../lib/gcc/arm-none-eabi/6.3.1/thumb/v7e-m/crtbegin.o
 .text.tc_init  0x004001d4       0x1a src/ASF/sam/drivers/tc/tc.o
                0x004001d4                tc_init
 .text.tc_start
                0x004001ee        0x8 src/ASF/sam/drivers/tc/tc.o
                0x004001ee                tc_start
 .text.tc_stop  0x004001f6        0x8 src/ASF/sam/drivers/tc/tc.o
                0x004001f6                tc_stop
 .text.tc_write_rc
                0x004001fe        0x8 src/ASF/sam/drivers/tc/tc.o
                0x004001fe                tc_write_rc
 .text.tc_enable_interrupt
                0x00400206        0x8 src/ASF/sam/drivers/tc/tc.o
                0x00400206                tc_enable_interrupt
 .text.tc_get_status
                0x0040020e        0x8 src/ASF/sam/drivers/tc/tc.o
                0x0040020e                tc_get_status
 .text.tc_find_mck_divisor
                0x00400216       0x70 src/ASF/sam/drivers/tc/tc.o
                0x00400216                tc_find_mck_divisor
 *fill*         0x00400286        0x2 
 .text.mxt_init_device
                0x00400288      0x298 src/ASF/common/components/touch/mxt/mxt_device_1.o
                0x00400288                mxt_init_device
 .text.mxt_get_object_address
                0x00400520       0x40 src/ASF/common/components/touch/mxt/mxt_device_1.o
                0x00400520                mxt_get_object_address
 .text.mxt_write_config_object
                0x00400560       0x78 src/ASF/common/components/touch/mxt/mxt_device_1.o
                0x00400560                mxt_write_config_object
 .text.mxt_write_config_reg
                0x004005d8       0x48 src/ASF/common/components/touch/mxt/mxt_device_1.o
                0x004005d8                mxt_write_config_reg
 .text.mxt_is_message_pending
                0x00400620       0x24 src/ASF/common/components/touch/mxt/mxt_device_1.o
                0x00400620                mxt_is_message_pending
 .text.mxt_read_message
                0x00400644       0x4c src/ASF/common/components/touch/mxt/mxt_device_1.o
                0x00400644                mxt_read_message
 .text.mxt_read_touch_event
                0x00400690       0x70 src/ASF/common/components/touch/mxt/mxt_device_1.o
                0x00400690                mxt_read_touch_event
 .text.sysclk_init
                0x00400700       0x74 src/ASF/common/services/clock/same70/sysclk.o
                0x00400700                sysclk_init
 .text.usart_serial_write_packet
                0x00400774       0xd8 src/ASF/common/services/serial/usart_serial.o
                0x00400774                usart_serial_write_packet
 .text.spi_master_init
                0x0040084c       0x54 src/ASF/common/services/spi/sam_spi/spi_master.o
                0x0040084c                spi_master_init
 .text.spi_master_setup_device
                0x004008a0       0x80 src/ASF/common/services/spi/sam_spi/spi_master.o
                0x004008a0                spi_master_setup_device
 .text.spi_select_device
                0x00400920       0x30 src/ASF/common/services/spi/sam_spi/spi_master.o
                0x00400920                spi_select_device
 .text.spi_write_packet
                0x00400950       0x36 src/ASF/common/services/spi/sam_spi/spi_master.o
                0x00400950                spi_write_packet
 .text.spi_read_packet
                0x00400986       0x54 src/ASF/common/services/spi/sam_spi/spi_master.o
                0x00400986                spi_read_packet
 *fill*         0x004009da        0x2 
 .text._read    0x004009dc       0x3c src/ASF/common/utils/stdio/read.o
                0x004009dc                _read
 .text._write   0x00400a18       0x50 src/ASF/common/utils/stdio/write.o
                0x00400a18                _write
 .text.board_init
                0x00400a68      0x2bc src/ASF/sam/boards/same70_xplained/init.o
                0x00400a68                board_init
 .text.ili9488_check_box_coordinates
                0x00400d24       0x56 src/ASF/sam/components/display/ili9488/ili9488.o
 *fill*         0x00400d7a        0x2 
 .text.ili9488_write_ram_prepare
                0x00400d7c       0x3c src/ASF/sam/components/display/ili9488/ili9488.o
 .text.ili9488_write_register
                0x00400db8       0x74 src/ASF/sam/components/display/ili9488/ili9488.o
 .text.ili9488_write_ram_buffer
                0x00400e2c       0x40 src/ASF/sam/components/display/ili9488/ili9488.o
 .text.ili9488_delay
                0x00400e6c       0x1c src/ASF/sam/components/display/ili9488/ili9488.o
                0x00400e6c                ili9488_delay
 .text.ili9488_set_display_direction
                0x00400e88       0x2c src/ASF/sam/components/display/ili9488/ili9488.o
                0x00400e88                ili9488_set_display_direction
 .text.ili9488_set_window
                0x00400eb4       0x80 src/ASF/sam/components/display/ili9488/ili9488.o
                0x00400eb4                ili9488_set_window
 .text.ili9488_display_on
                0x00400f34       0x14 src/ASF/sam/components/display/ili9488/ili9488.o
                0x00400f34                ili9488_display_on
 .text.ili9488_set_foreground_color
                0x00400f48       0x28 src/ASF/sam/components/display/ili9488/ili9488.o
                0x00400f48                ili9488_set_foreground_color
 .text.ili9488_set_cursor_position
                0x00400f70       0x64 src/ASF/sam/components/display/ili9488/ili9488.o
                0x00400f70                ili9488_set_cursor_position
 .text.ili9488_init
                0x00400fd4      0x1c4 src/ASF/sam/components/display/ili9488/ili9488.o
                0x00400fd4                ili9488_init
 .text.ili9488_draw_pixel
                0x00401198       0x3c src/ASF/sam/components/display/ili9488/ili9488.o
                0x00401198                ili9488_draw_pixel
 .text.ili9488_draw_filled_rectangle
                0x004011d4       0xbc src/ASF/sam/components/display/ili9488/ili9488.o
                0x004011d4                ili9488_draw_filled_rectangle
 .text.ili9488_draw_string
                0x00401290       0xb0 src/ASF/sam/components/display/ili9488/ili9488.o
                0x00401290                ili9488_draw_string
 .text.ili9488_draw_pixmap
                0x00401340       0x78 src/ASF/sam/components/display/ili9488/ili9488.o
                0x00401340                ili9488_draw_pixmap
 .text.pio_set  0x004013b8        0x4 src/ASF/sam/drivers/pio/pio.o
                0x004013b8                pio_set
 .text.pio_set_peripheral
                0x004013bc       0x92 src/ASF/sam/drivers/pio/pio.o
                0x004013bc                pio_set_peripheral
 .text.pio_set_input
                0x0040144e       0x36 src/ASF/sam/drivers/pio/pio.o
                0x0040144e                pio_set_input
 .text.pio_set_output
                0x00401484       0x28 src/ASF/sam/drivers/pio/pio.o
                0x00401484                pio_set_output
 .text.pio_configure
                0x004014ac       0x90 src/ASF/sam/drivers/pio/pio.o
                0x004014ac                pio_configure
 .text.pio_configure_interrupt
                0x0040153c       0x32 src/ASF/sam/drivers/pio/pio.o
                0x0040153c                pio_configure_interrupt
 .text.pio_enable_interrupt
                0x0040156e        0x4 src/ASF/sam/drivers/pio/pio.o
                0x0040156e                pio_enable_interrupt
 .text.pio_get_interrupt_status
                0x00401572        0x4 src/ASF/sam/drivers/pio/pio.o
                0x00401572                pio_get_interrupt_status
 .text.pio_get_interrupt_mask
                0x00401576        0x4 src/ASF/sam/drivers/pio/pio.o
                0x00401576                pio_get_interrupt_mask
 *fill*         0x0040157a        0x2 
 .text.pio_set_pin_high
                0x0040157c       0x1c src/ASF/sam/drivers/pio/pio.o
                0x0040157c                pio_set_pin_high
 .text.pio_set_pin_low
                0x00401598       0x1c src/ASF/sam/drivers/pio/pio.o
                0x00401598                pio_set_pin_low
 .text.pio_configure_pin
                0x004015b4      0x130 src/ASF/sam/drivers/pio/pio.o
                0x004015b4                pio_configure_pin
 .text.pio_handler_process
                0x004016e4       0x50 src/ASF/sam/drivers/pio/pio_handler.o
                0x004016e4                pio_handler_process
 .text.pio_handler_set
                0x00401734       0x70 src/ASF/sam/drivers/pio/pio_handler.o
                0x00401734                pio_handler_set
 .text.PIOA_Handler
                0x004017a4       0x14 src/ASF/sam/drivers/pio/pio_handler.o
                0x004017a4                PIOA_Handler
 .text.PIOB_Handler
                0x004017b8       0x14 src/ASF/sam/drivers/pio/pio_handler.o
                0x004017b8                PIOB_Handler
 .text.PIOC_Handler
                0x004017cc       0x14 src/ASF/sam/drivers/pio/pio_handler.o
                0x004017cc                PIOC_Handler
 .text.PIOD_Handler
                0x004017e0       0x14 src/ASF/sam/drivers/pio/pio_handler.o
                0x004017e0                PIOD_Handler
 .text.PIOE_Handler
                0x004017f4       0x14 src/ASF/sam/drivers/pio/pio_handler.o
                0x004017f4                PIOE_Handler
 .text.pmc_mck_set_division
                0x00401808       0x38 src/ASF/sam/drivers/pmc/pmc.o
                0x00401808                pmc_mck_set_division
 .text.pmc_switch_mck_to_pllack
                0x00401840       0x64 src/ASF/sam/drivers/pmc/pmc.o
                0x00401840                pmc_switch_mck_to_pllack
 .text.pmc_switch_mainck_to_xtal
                0x004018a4       0x54 src/ASF/sam/drivers/pmc/pmc.o
                0x004018a4                pmc_switch_mainck_to_xtal
 .text.pmc_osc_is_ready_mainck
                0x004018f8       0x10 src/ASF/sam/drivers/pmc/pmc.o
                0x004018f8                pmc_osc_is_ready_mainck
 .text.pmc_disable_pllack
                0x00401908       0x10 src/ASF/sam/drivers/pmc/pmc.o
                0x00401908                pmc_disable_pllack
 .text.pmc_is_locked_pllack
                0x00401918       0x10 src/ASF/sam/drivers/pmc/pmc.o
                0x00401918                pmc_is_locked_pllack
 .text.pmc_enable_periph_clk
                0x00401928       0x20 src/ASF/sam/drivers/pmc/pmc.o
                0x00401928                pmc_enable_periph_clk
 .text.spi_enable_clock
                0x00401948       0x2c src/ASF/sam/drivers/spi/spi.o
                0x00401948                spi_enable_clock
 .text.spi_set_peripheral_chip_select_value
                0x00401974       0x16 src/ASF/sam/drivers/spi/spi.o
                0x00401974                spi_set_peripheral_chip_select_value
 .text.spi_set_delay_between_chip_select
                0x0040198a       0x12 src/ASF/sam/drivers/spi/spi.o
                0x0040198a                spi_set_delay_between_chip_select
 .text.spi_write
                0x0040199c       0x34 src/ASF/sam/drivers/spi/spi.o
                0x0040199c                spi_write
 .text.spi_set_clock_polarity
                0x004019d0       0x1e src/ASF/sam/drivers/spi/spi.o
                0x004019d0                spi_set_clock_polarity
 .text.spi_set_clock_phase
                0x004019ee       0x1e src/ASF/sam/drivers/spi/spi.o
                0x004019ee                spi_set_clock_phase
 .text.spi_configure_cs_behavior
                0x00401a0c       0x46 src/ASF/sam/drivers/spi/spi.o
                0x00401a0c                spi_configure_cs_behavior
 .text.spi_set_bits_per_transfer
                0x00401a52       0x14 src/ASF/sam/drivers/spi/spi.o
                0x00401a52                spi_set_bits_per_transfer
 .text.spi_calc_baudrate_div
                0x00401a66       0x16 src/ASF/sam/drivers/spi/spi.o
                0x00401a66                spi_calc_baudrate_div
 .text.spi_set_baudrate_div
                0x00401a7c       0x28 src/ASF/sam/drivers/spi/spi.o
                0x00401a7c                spi_set_baudrate_div
 .text.spi_set_transfer_delay
                0x00401aa4       0x1e src/ASF/sam/drivers/spi/spi.o
                0x00401aa4                spi_set_transfer_delay
 *fill*         0x00401ac2        0x2 
 .text.twihs_set_speed
                0x00401ac4       0xb0 src/ASF/sam/drivers/twihs/twihs.o
                0x00401ac4                twihs_set_speed
 .text.twihs_master_init
                0x00401b74       0x34 src/ASF/sam/drivers/twihs/twihs.o
                0x00401b74                twihs_master_init
 .text.twihs_master_read
                0x00401ba8       0xac src/ASF/sam/drivers/twihs/twihs.o
                0x00401ba8                twihs_master_read
 .text.twihs_master_write
                0x00401c54       0xa0 src/ASF/sam/drivers/twihs/twihs.o
                0x00401c54                twihs_master_write
 .text.uart_write
                0x00401cf4       0x12 src/ASF/sam/drivers/uart/uart.o
                0x00401cf4                uart_write
 .text.uart_read
                0x00401d06       0x14 src/ASF/sam/drivers/uart/uart.o
                0x00401d06                uart_read
 .text.usart_set_async_baudrate
                0x00401d1a       0x5a src/ASF/sam/drivers/usart/usart.o
                0x00401d1a                usart_set_async_baudrate
 .text.usart_reset
                0x00401d74       0x28 src/ASF/sam/drivers/usart/usart.o
                0x00401d74                usart_reset
 .text.usart_init_rs232
                0x00401d9c       0x54 src/ASF/sam/drivers/usart/usart.o
                0x00401d9c                usart_init_rs232
 .text.usart_enable_tx
                0x00401df0        0x6 src/ASF/sam/drivers/usart/usart.o
                0x00401df0                usart_enable_tx
 .text.usart_enable_rx
                0x00401df6        0x6 src/ASF/sam/drivers/usart/usart.o
                0x00401df6                usart_enable_rx
 .text.usart_write
                0x00401dfc       0x16 src/ASF/sam/drivers/usart/usart.o
                0x00401dfc                usart_write
 .text.usart_read
                0x00401e12       0x18 src/ASF/sam/drivers/usart/usart.o
                0x00401e12                usart_read
 .text.Dummy_Handler
                0x00401e2a        0x2 src/ASF/sam/utils/cmsis/same70/source/templates/gcc/startup_same70.o
                0x00401e2a                DACC_Handler
                0x00401e2a                DebugMon_Handler
                0x00401e2a                UART3_Handler
                0x00401e2a                UART2_Handler
                0x00401e2a                TRNG_Handler
                0x00401e2a                HardFault_Handler
                0x00401e2a                TC2_Handler
                0x00401e2a                SysTick_Handler
                0x00401e2a                AFEC1_Handler
                0x00401e2a                PendSV_Handler
                0x00401e2a                NMI_Handler
                0x00401e2a                TC7_Handler
                0x00401e2a                QSPI_Handler
                0x00401e2a                ISI_Handler
                0x00401e2a                MCAN0_INT0_Handler
                0x00401e2a                TC9_Handler
                0x00401e2a                RSWDT_Handler
                0x00401e2a                USART0_Handler
                0x00401e2a                RTT_Handler
                0x00401e2a                USBHS_Handler
                0x00401e2a                IXC_Handler
                0x00401e2a                CCF_Handler
                0x00401e2a                RTC_Handler
                0x00401e2a                UsageFault_Handler
                0x00401e2a                TC6_Handler
                0x00401e2a                WDT_Handler
                0x00401e2a                MCAN1_INT1_Handler
                0x00401e2a                TC4_Handler
                0x00401e2a                TC1_Handler
                0x00401e2a                HSMCI_Handler
                0x00401e2a                UART1_Handler
                0x00401e2a                TC3_Handler
                0x00401e2a                Dummy_Handler
                0x00401e2a                TWIHS1_Handler
                0x00401e2a                XDMAC_Handler
                0x00401e2a                UART4_Handler
                0x00401e2a                PWM1_Handler
                0x00401e2a                USART1_Handler
                0x00401e2a                PWM0_Handler
                0x00401e2a                AFEC0_Handler
                0x00401e2a                CCW_Handler
                0x00401e2a                SSC_Handler
                0x00401e2a                TC11_Handler
                0x00401e2a                ACC_Handler
                0x00401e2a                PMC_Handler
                0x00401e2a                GMAC_Handler
                0x00401e2a                MCAN0_INT1_Handler
                0x00401e2a                GMAC_Q5_Handler
                0x00401e2a                MemManage_Handler
                0x00401e2a                SUPC_Handler
                0x00401e2a                SVC_Handler
                0x00401e2a                TC8_Handler
                0x00401e2a                MCAN1_INT0_Handler
                0x00401e2a                EFC_Handler
                0x00401e2a                GMAC_Q1_Handler
                0x00401e2a                USART2_Handler
                0x00401e2a                SDRAMC_Handler
                0x00401e2a                GMAC_Q2_Handler
                0x00401e2a                SPI1_Handler
                0x00401e2a                TC10_Handler
                0x00401e2a                GMAC_Q3_Handler
                0x00401e2a                TWIHS2_Handler
                0x00401e2a                I2SC0_Handler
                0x00401e2a                UART0_Handler
                0x00401e2a                I2SC1_Handler
                0x00401e2a                GMAC_Q4_Handler
                0x00401e2a                FPU_Handler
                0x00401e2a                BusFault_Handler
                0x00401e2a                RSTC_Handler
                0x00401e2a                TC5_Handler
                0x00401e2a                ICM_Handler
                0x00401e2a                AES_Handler
                0x00401e2a                TWIHS0_Handler
                0x00401e2a                SPI0_Handler
 .text.Reset_Handler
                0x00401e2c       0xc8 src/ASF/sam/utils/cmsis/same70/source/templates/gcc/startup_same70.o
                0x00401e2c                Reset_Handler
 .text.SystemCoreClockUpdate
                0x00401ef4      0x10c src/ASF/sam/utils/cmsis/same70/source/templates/system_same70.o
                0x00401ef4                SystemCoreClockUpdate
 .text.system_init_flash
                0x00402000       0x8c src/ASF/sam/utils/cmsis/same70/source/templates/system_same70.o
                0x00402000                system_init_flash
 .text._sbrk    0x0040208c       0x38 src/ASF/sam/utils/syscalls/gcc/syscalls.o
                0x0040208c                _sbrk
 .text._close   0x004020c4        0x6 src/ASF/sam/utils/syscalls/gcc/syscalls.o
                0x004020c4                _close
 .text._fstat   0x004020ca        0xa src/ASF/sam/utils/syscalls/gcc/syscalls.o
                0x004020ca                _fstat
 .text._isatty  0x004020d4        0x4 src/ASF/sam/utils/syscalls/gcc/syscalls.o
                0x004020d4                _isatty
 .text._lseek   0x004020d8        0x4 src/ASF/sam/utils/syscalls/gcc/syscalls.o
                0x004020d8                _lseek
 .text.but_callback
                0x004020dc        0xc src/main.o
                0x004020dc                but_callback
 .text.usart_serial_getchar
                0x004020e8       0xdc src/main.o
 .text.usart_serial_putchar
                0x004021c4       0xd4 src/main.o
 .text.initMenuOrder
                0x00402298       0x34 src/main.o
                0x00402298                initMenuOrder
 .text.init     0x004022cc       0x74 src/main.o
                0x004022cc                init
 .text.draw_screen
                0x00402340       0x28 src/main.o
                0x00402340                draw_screen
 .text.draw_mode
                0x00402368       0xf8 src/main.o
                0x00402368                draw_mode
 .text.draw_lines
                0x00402460       0x34 src/main.o
                0x00402460                draw_lines
 .text.fim      0x00402494       0x54 src/main.o
                0x00402494                fim
 .text.draw_strings
                0x004024e8       0x18 src/main.o
                0x004024e8                draw_strings
 .text.draw_icons
                0x00402500       0xf4 src/main.o
                0x00402500                draw_icons
 .text.timePrint
                0x004025f4       0x7c src/main.o
                0x004025f4                timePrint
 .text.TC0_Handler
                0x00402670       0x98 src/main.o
                0x00402670                TC0_Handler
 .text.TC_init  0x00402708       0x94 src/main.o
                0x00402708                TC_init
 .text.update_screen
                0x0040279c       0xf0 src/main.o
                0x0040279c                update_screen
 .text.mxt_handler
                0x0040288c       0xd0 src/main.o
                0x0040288c                mxt_handler
 .text.main     0x0040295c      0x448 src/main.o
                0x0040295c                main
 .text.__libc_init_array
                0x00402da4       0x50 c:/program files (x86)/atmel/studio/7.0/toolchain/arm/arm-gnu-toolchain/bin/../lib/gcc/arm-none-eabi/6.3.1/../../../../arm-none-eabi/lib/thumb/v7e-m\libc.a(lib_a-init.o)
                0x00402da4                __libc_init_array
 .text.iprintf  0x00402df4       0x28 c:/program files (x86)/atmel/studio/7.0/toolchain/arm/arm-gnu-toolchain/bin/../lib/gcc/arm-none-eabi/6.3.1/../../../../arm-none-eabi/lib/thumb/v7e-m\libc.a(lib_a-iprintf.o)
                0x00402df4                iprintf
 .text.malloc   0x00402e1c       0x10 c:/program files (x86)/atmel/studio/7.0/toolchain/arm/arm-gnu-toolchain/bin/../lib/gcc/arm-none-eabi/6.3.1/../../../../arm-none-eabi/lib/thumb/v7e-m\libc.a(lib_a-malloc.o)
                0x00402e1c                malloc
 .text._malloc_r
                0x00402e2c      0x560 c:/program files (x86)/atmel/studio/7.0/toolchain/arm/arm-gnu-toolchain/bin/../lib/gcc/arm-none-eabi/6.3.1/../../../../arm-none-eabi/lib/thumb/v7e-m\libc.a(lib_a-mallocr.o)
                0x00402e2c                _malloc_r
 .text.memset   0x0040338c       0x9c c:/program files (x86)/atmel/studio/7.0/toolchain/arm/arm-gnu-toolchain/bin/../lib/gcc/arm-none-eabi/6.3.1/../../../../arm-none-eabi/lib/thumb/v7e-m\libc.a(lib_a-memset.o)
                0x0040338c                memset
 .text.__malloc_lock
                0x00403428        0xc c:/program files (x86)/atmel/studio/7.0/toolchain/arm/arm-gnu-toolchain/bin/../lib/gcc/arm-none-eabi/6.3.1/../../../../arm-none-eabi/lib/thumb/v7e-m\libc.a(lib_a-mlock.o)
                0x00403428                __malloc_lock
 .text.__malloc_unlock
                0x00403434        0xc c:/program files (x86)/atmel/studio/7.0/toolchain/arm/arm-gnu-toolchain/bin/../lib/gcc/arm-none-eabi/6.3.1/../../../../arm-none-eabi/lib/thumb/v7e-m\libc.a(lib_a-mlock.o)
                0x00403434                __malloc_unlock
 .text._sbrk_r  0x00403440       0x24 c:/program files (x86)/atmel/studio/7.0/toolchain/arm/arm-gnu-toolchain/bin/../lib/gcc/arm-none-eabi/6.3.1/../../../../arm-none-eabi/lib/thumb/v7e-m\libc.a(lib_a-sbrkr.o)
                0x00403440                _sbrk_r
 .text.setbuf   0x00403464       0x10 c:/program files (x86)/atmel/studio/7.0/toolchain/arm/arm-gnu-toolchain/bin/../lib/gcc/arm-none-eabi/6.3.1/../../../../arm-none-eabi/lib/thumb/v7e-m\libc.a(lib_a-setbuf.o)
                0x00403464                setbuf
 .text.setvbuf  0x00403474      0x190 c:/program files (x86)/atmel/studio/7.0/toolchain/arm/arm-gnu-toolchain/bin/../lib/gcc/arm-none-eabi/6.3.1/../../../../arm-none-eabi/lib/thumb/v7e-m\libc.a(lib_a-setvbuf.o)
                0x00403474                setvbuf
 .text.sprintf  0x00403604       0x4c c:/program files (x86)/atmel/studio/7.0/toolchain/arm/arm-gnu-toolchain/bin/../lib/gcc/arm-none-eabi/6.3.1/../../../../arm-none-eabi/lib/thumb/v7e-m\libc.a(lib_a-sprintf.o)
                0x00403604                sprintf
 .text.strcat   0x00403650       0x40 c:/program files (x86)/atmel/studio/7.0/toolchain/arm/arm-gnu-toolchain/bin/../lib/gcc/arm-none-eabi/6.3.1/../../../../arm-none-eabi/lib/thumb/v7e-m\libc.a(lib_a-strcat.o)
                0x00403650                strcat
 .text.strcpy   0x00403690       0xbc c:/program files (x86)/atmel/studio/7.0/toolchain/arm/arm-gnu-toolchain/bin/../lib/gcc/arm-none-eabi/6.3.1/../../../../arm-none-eabi/lib/thumb/v7e-m\libc.a(lib_a-strcpy.o)
                0x00403690                strcpy
 *fill*         0x0040374c       0x34 
 .text          0x00403780       0xdc c:/program files (x86)/atmel/studio/7.0/toolchain/arm/arm-gnu-toolchain/bin/../lib/gcc/arm-none-eabi/6.3.1/../../../../arm-none-eabi/lib/thumb/v7e-m\libc.a(lib_a-strlen.o)
                0x00403780                strlen
 .text._svfprintf_r
                0x0040385c     0x145c c:/program files (x86)/atmel/studio/7.0/toolchain/arm/arm-gnu-toolchain/bin/../lib/gcc/arm-none-eabi/6.3.1/../../../../arm-none-eabi/lib/thumb/v7e-m\libc.a(lib_a-svfprintf.o)
                0x0040385c                _svfprintf_r
 .text.__sprint_r.part.0
                0x00404cb8       0x80 c:/program files (x86)/atmel/studio/7.0/toolchain/arm/arm-gnu-toolchain/bin/../lib/gcc/arm-none-eabi/6.3.1/../../../../arm-none-eabi/lib/thumb/v7e-m\libc.a(lib_a-vfiprintf.o)
 .text._vfiprintf_r
                0x00404d38      0xc90 c:/program files (x86)/atmel/studio/7.0/toolchain/arm/arm-gnu-toolchain/bin/../lib/gcc/arm-none-eabi/6.3.1/../../../../arm-none-eabi/lib/thumb/v7e-m\libc.a(lib_a-vfiprintf.o)
                0x00404d38                _vfiprintf_r
 .text.__sbprintf
                0x004059c8       0x84 c:/program files (x86)/atmel/studio/7.0/toolchain/arm/arm-gnu-toolchain/bin/../lib/gcc/arm-none-eabi/6.3.1/../../../../arm-none-eabi/lib/thumb/v7e-m\libc.a(lib_a-vfiprintf.o)
 .text.__swsetup_r
                0x00405a4c       0xc8 c:/program files (x86)/atmel/studio/7.0/toolchain/arm/arm-gnu-toolchain/bin/../lib/gcc/arm-none-eabi/6.3.1/../../../../arm-none-eabi/lib/thumb/v7e-m\libc.a(lib_a-wsetup.o)
                0x00405a4c                __swsetup_r
 .text.startup.register_fini
                0x00405b14       0x14 c:/program files (x86)/atmel/studio/7.0/toolchain/arm/arm-gnu-toolchain/bin/../lib/gcc/arm-none-eabi/6.3.1/../../../../arm-none-eabi/lib/thumb/v7e-m\libc.a(lib_a-__call_atexit.o)
 .text.atexit   0x00405b28        0xc c:/program files (x86)/atmel/studio/7.0/toolchain/arm/arm-gnu-toolchain/bin/../lib/gcc/arm-none-eabi/6.3.1/../../../../arm-none-eabi/lib/thumb/v7e-m\libc.a(lib_a-atexit.o)
                0x00405b28                atexit
 .text.quorem   0x00405b34      0x128 c:/program files (x86)/atmel/studio/7.0/toolchain/arm/arm-gnu-toolchain/bin/../lib/gcc/arm-none-eabi/6.3.1/../../../../arm-none-eabi/lib/thumb/v7e-m\libc.a(lib_a-dtoa.o)
 *fill*         0x00405c5c        0x4 
 .text._dtoa_r  0x00405c60      0xe54 c:/program files (x86)/atmel/studio/7.0/toolchain/arm/arm-gnu-toolchain/bin/../lib/gcc/arm-none-eabi/6.3.1/../../../../arm-none-eabi/lib/thumb/v7e-m\libc.a(lib_a-dtoa.o)
                0x00405c60                _dtoa_r
 .text.__sflush_r
                0x00406ab4      0x140 c:/program files (x86)/atmel/studio/7.0/toolchain/arm/arm-gnu-toolchain/bin/../lib/gcc/arm-none-eabi/6.3.1/../../../../arm-none-eabi/lib/thumb/v7e-m\libc.a(lib_a-fflush.o)
                0x00406ab4                __sflush_r
 .text._fflush_r
                0x00406bf4       0x54 c:/program files (x86)/atmel/studio/7.0/toolchain/arm/arm-gnu-toolchain/bin/../lib/gcc/arm-none-eabi/6.3.1/../../../../arm-none-eabi/lib/thumb/v7e-m\libc.a(lib_a-fflush.o)
                0x00406bf4                _fflush_r
 .text._cleanup_r
                0x00406c48        0xc c:/program files (x86)/atmel/studio/7.0/toolchain/arm/arm-gnu-toolchain/bin/../lib/gcc/arm-none-eabi/6.3.1/../../../../arm-none-eabi/lib/thumb/v7e-m\libc.a(lib_a-findfp.o)
                0x00406c48                _cleanup_r
 .text.std.isra.0
                0x00406c54       0x50 c:/program files (x86)/atmel/studio/7.0/toolchain/arm/arm-gnu-toolchain/bin/../lib/gcc/arm-none-eabi/6.3.1/../../../../arm-none-eabi/lib/thumb/v7e-m\libc.a(lib_a-findfp.o)
 .text.__sinit  0x00406ca4       0x58 c:/program files (x86)/atmel/studio/7.0/toolchain/arm/arm-gnu-toolchain/bin/../lib/gcc/arm-none-eabi/6.3.1/../../../../arm-none-eabi/lib/thumb/v7e-m\libc.a(lib_a-findfp.o)
                0x00406ca4                __sinit
 .text.__sfp_lock_acquire
                0x00406cfc        0xc c:/program files (x86)/atmel/studio/7.0/toolchain/arm/arm-gnu-toolchain/bin/../lib/gcc/arm-none-eabi/6.3.1/../../../../arm-none-eabi/lib/thumb/v7e-m\libc.a(lib_a-findfp.o)
                0x00406cfc                __sfp_lock_acquire
 .text.__sfp_lock_release
                0x00406d08        0xc c:/program files (x86)/atmel/studio/7.0/toolchain/arm/arm-gnu-toolchain/bin/../lib/gcc/arm-none-eabi/6.3.1/../../../../arm-none-eabi/lib/thumb/v7e-m\libc.a(lib_a-findfp.o)
                0x00406d08                __sfp_lock_release
 .text.__libc_fini_array
                0x00406d14       0x34 c:/program files (x86)/atmel/studio/7.0/toolchain/arm/arm-gnu-toolchain/bin/../lib/gcc/arm-none-eabi/6.3.1/../../../../arm-none-eabi/lib/thumb/v7e-m\libc.a(lib_a-fini.o)
                0x00406d14                __libc_fini_array
 .text.__fputwc
                0x00406d48       0xa0 c:/program files (x86)/atmel/studio/7.0/toolchain/arm/arm-gnu-toolchain/bin/../lib/gcc/arm-none-eabi/6.3.1/../../../../arm-none-eabi/lib/thumb/v7e-m\libc.a(lib_a-fputwc.o)
                0x00406d48                __fputwc
 .text._fputwc_r
                0x00406de8       0x68 c:/program files (x86)/atmel/studio/7.0/toolchain/arm/arm-gnu-toolchain/bin/../lib/gcc/arm-none-eabi/6.3.1/../../../../arm-none-eabi/lib/thumb/v7e-m\libc.a(lib_a-fputwc.o)
                0x00406de8                _fputwc_r
 .text._malloc_trim_r
                0x00406e50       0xa0 c:/program files (x86)/atmel/studio/7.0/toolchain/arm/arm-gnu-toolchain/bin/../lib/gcc/arm-none-eabi/6.3.1/../../../../arm-none-eabi/lib/thumb/v7e-m\libc.a(lib_a-freer.o)
                0x00406e50                _malloc_trim_r
 .text._free_r  0x00406ef0      0x1cc c:/program files (x86)/atmel/studio/7.0/toolchain/arm/arm-gnu-toolchain/bin/../lib/gcc/arm-none-eabi/6.3.1/../../../../arm-none-eabi/lib/thumb/v7e-m\libc.a(lib_a-freer.o)
                0x00406ef0                _free_r
 .text.__sfvwrite_r
                0x004070bc      0x2f0 c:/program files (x86)/atmel/studio/7.0/toolchain/arm/arm-gnu-toolchain/bin/../lib/gcc/arm-none-eabi/6.3.1/../../../../arm-none-eabi/lib/thumb/v7e-m\libc.a(lib_a-fvwrite.o)
                0x004070bc                __sfvwrite_r
 .text._fwalk_reent
                0x004073ac       0x54 c:/program files (x86)/atmel/studio/7.0/toolchain/arm/arm-gnu-toolchain/bin/../lib/gcc/arm-none-eabi/6.3.1/../../../../arm-none-eabi/lib/thumb/v7e-m\libc.a(lib_a-fwalk.o)
                0x004073ac                _fwalk_reent
 .text.__locale_mb_cur_max
                0x00407400       0x1c c:/program files (x86)/atmel/studio/7.0/toolchain/arm/arm-gnu-toolchain/bin/../lib/gcc/arm-none-eabi/6.3.1/../../../../arm-none-eabi/lib/thumb/v7e-m\libc.a(lib_a-locale.o)
                0x00407400                __locale_mb_cur_max
 .text._localeconv_r
                0x0040741c       0x1c c:/program files (x86)/atmel/studio/7.0/toolchain/arm/arm-gnu-toolchain/bin/../lib/gcc/arm-none-eabi/6.3.1/../../../../arm-none-eabi/lib/thumb/v7e-m\libc.a(lib_a-localeconv.o)
                0x0040741c                _localeconv_r
 .text.__retarget_lock_init_recursive
                0x00407438        0x4 c:/program files (x86)/atmel/studio/7.0/toolchain/arm/arm-gnu-toolchain/bin/../lib/gcc/arm-none-eabi/6.3.1/../../../../arm-none-eabi/lib/thumb/v7e-m\libc.a(lib_a-lock.o)
                0x00407438                __retarget_lock_init_recursive
 .text.__retarget_lock_close_recursive
                0x0040743c        0x4 c:/program files (x86)/atmel/studio/7.0/toolchain/arm/arm-gnu-toolchain/bin/../lib/gcc/arm-none-eabi/6.3.1/../../../../arm-none-eabi/lib/thumb/v7e-m\libc.a(lib_a-lock.o)
                0x0040743c                __retarget_lock_close_recursive
 .text.__retarget_lock_acquire_recursive
                0x00407440        0x4 c:/program files (x86)/atmel/studio/7.0/toolchain/arm/arm-gnu-toolchain/bin/../lib/gcc/arm-none-eabi/6.3.1/../../../../arm-none-eabi/lib/thumb/v7e-m\libc.a(lib_a-lock.o)
                0x00407440                __retarget_lock_acquire_recursive
 .text.__retarget_lock_release_recursive
                0x00407444        0x4 c:/program files (x86)/atmel/studio/7.0/toolchain/arm/arm-gnu-toolchain/bin/../lib/gcc/arm-none-eabi/6.3.1/../../../../arm-none-eabi/lib/thumb/v7e-m\libc.a(lib_a-lock.o)
                0x00407444                __retarget_lock_release_recursive
 .text.__swhatbuf_r
                0x00407448       0x5c c:/program files (x86)/atmel/studio/7.0/toolchain/arm/arm-gnu-toolchain/bin/../lib/gcc/arm-none-eabi/6.3.1/../../../../arm-none-eabi/lib/thumb/v7e-m\libc.a(lib_a-makebuf.o)
                0x00407448                __swhatbuf_r
 .text.__smakebuf_r
                0x004074a4       0x94 c:/program files (x86)/atmel/studio/7.0/toolchain/arm/arm-gnu-toolchain/bin/../lib/gcc/arm-none-eabi/6.3.1/../../../../arm-none-eabi/lib/thumb/v7e-m\libc.a(lib_a-makebuf.o)
                0x004074a4                __smakebuf_r
 .text.__ascii_mbtowc
                0x00407538       0x2c c:/program files (x86)/atmel/studio/7.0/toolchain/arm/arm-gnu-toolchain/bin/../lib/gcc/arm-none-eabi/6.3.1/../../../../arm-none-eabi/lib/thumb/v7e-m\libc.a(lib_a-mbtowc_r.o)
                0x00407538                __ascii_mbtowc
 *fill*         0x00407564        0xc 
 .text          0x00407570       0xa0 c:/program files (x86)/atmel/studio/7.0/toolchain/arm/arm-gnu-toolchain/bin/../lib/gcc/arm-none-eabi/6.3.1/../../../../arm-none-eabi/lib/thumb/v7e-m\libc.a(lib_a-memchr.o)
                0x00407570                memchr
 .text          0x00407610      0x134 c:/program files (x86)/atmel/studio/7.0/toolchain/arm/arm-gnu-toolchain/bin/../lib/gcc/arm-none-eabi/6.3.1/../../../../arm-none-eabi/lib/thumb/v7e-m\libc.a(lib_a-memcpy.o)
                0x00407610                memcpy
 .text.memmove  0x00407744       0xc8 c:/program files (x86)/atmel/studio/7.0/toolchain/arm/arm-gnu-toolchain/bin/../lib/gcc/arm-none-eabi/6.3.1/../../../../arm-none-eabi/lib/thumb/v7e-m\libc.a(lib_a-memmove.o)
                0x00407744                memmove
 .text._Balloc  0x0040780c       0x4c c:/program files (x86)/atmel/studio/7.0/toolchain/arm/arm-gnu-toolchain/bin/../lib/gcc/arm-none-eabi/6.3.1/../../../../arm-none-eabi/lib/thumb/v7e-m\libc.a(lib_a-mprec.o)
                0x0040780c                _Balloc
 .text._Bfree   0x00407858       0x14 c:/program files (x86)/atmel/studio/7.0/toolchain/arm/arm-gnu-toolchain/bin/../lib/gcc/arm-none-eabi/6.3.1/../../../../arm-none-eabi/lib/thumb/v7e-m\libc.a(lib_a-mprec.o)
                0x00407858                _Bfree
 .text.__multadd
                0x0040786c       0x80 c:/program files (x86)/atmel/studio/7.0/toolchain/arm/arm-gnu-toolchain/bin/../lib/gcc/arm-none-eabi/6.3.1/../../../../arm-none-eabi/lib/thumb/v7e-m\libc.a(lib_a-mprec.o)
                0x0040786c                __multadd
 .text.__hi0bits
                0x004078ec       0x40 c:/program files (x86)/atmel/studio/7.0/toolchain/arm/arm-gnu-toolchain/bin/../lib/gcc/arm-none-eabi/6.3.1/../../../../arm-none-eabi/lib/thumb/v7e-m\libc.a(lib_a-mprec.o)
                0x004078ec                __hi0bits
 .text.__lo0bits
                0x0040792c       0x60 c:/program files (x86)/atmel/studio/7.0/toolchain/arm/arm-gnu-toolchain/bin/../lib/gcc/arm-none-eabi/6.3.1/../../../../arm-none-eabi/lib/thumb/v7e-m\libc.a(lib_a-mprec.o)
                0x0040792c                __lo0bits
 .text.__i2b    0x0040798c       0x14 c:/program files (x86)/atmel/studio/7.0/toolchain/arm/arm-gnu-toolchain/bin/../lib/gcc/arm-none-eabi/6.3.1/../../../../arm-none-eabi/lib/thumb/v7e-m\libc.a(lib_a-mprec.o)
                0x0040798c                __i2b
 .text.__multiply
                0x004079a0      0x124 c:/program files (x86)/atmel/studio/7.0/toolchain/arm/arm-gnu-toolchain/bin/../lib/gcc/arm-none-eabi/6.3.1/../../../../arm-none-eabi/lib/thumb/v7e-m\libc.a(lib_a-mprec.o)
                0x004079a0                __multiply
 .text.__pow5mult
                0x00407ac4       0xa0 c:/program files (x86)/atmel/studio/7.0/toolchain/arm/arm-gnu-toolchain/bin/../lib/gcc/arm-none-eabi/6.3.1/../../../../arm-none-eabi/lib/thumb/v7e-m\libc.a(lib_a-mprec.o)
                0x00407ac4                __pow5mult
 .text.__lshift
                0x00407b64       0xa4 c:/program files (x86)/atmel/studio/7.0/toolchain/arm/arm-gnu-toolchain/bin/../lib/gcc/arm-none-eabi/6.3.1/../../../../arm-none-eabi/lib/thumb/v7e-m\libc.a(lib_a-mprec.o)
                0x00407b64                __lshift
 .text.__mcmp   0x00407c08       0x38 c:/program files (x86)/atmel/studio/7.0/toolchain/arm/arm-gnu-toolchain/bin/../lib/gcc/arm-none-eabi/6.3.1/../../../../arm-none-eabi/lib/thumb/v7e-m\libc.a(lib_a-mprec.o)
                0x00407c08                __mcmp
 .text.__mdiff  0x00407c40      0x108 c:/program files (x86)/atmel/studio/7.0/toolchain/arm/arm-gnu-toolchain/bin/../lib/gcc/arm-none-eabi/6.3.1/../../../../arm-none-eabi/lib/thumb/v7e-m\libc.a(lib_a-mprec.o)
                0x00407c40                __mdiff
 .text.__d2b    0x00407d48       0xb8 c:/program files (x86)/atmel/studio/7.0/toolchain/arm/arm-gnu-toolchain/bin/../lib/gcc/arm-none-eabi/6.3.1/../../../../arm-none-eabi/lib/thumb/v7e-m\libc.a(lib_a-mprec.o)
                0x00407d48                __d2b
 .text._realloc_r
                0x00407e00      0x34c c:/program files (x86)/atmel/studio/7.0/toolchain/arm/arm-gnu-toolchain/bin/../lib/gcc/arm-none-eabi/6.3.1/../../../../arm-none-eabi/lib/thumb/v7e-m\libc.a(lib_a-reallocr.o)
                0x00407e00                _realloc_r
 .text.__sread  0x0040814c       0x24 c:/program files (x86)/atmel/studio/7.0/toolchain/arm/arm-gnu-toolchain/bin/../lib/gcc/arm-none-eabi/6.3.1/../../../../arm-none-eabi/lib/thumb/v7e-m\libc.a(lib_a-stdio.o)
                0x0040814c                __sread
 .text.__swrite
                0x00408170       0x3c c:/program files (x86)/atmel/studio/7.0/toolchain/arm/arm-gnu-toolchain/bin/../lib/gcc/arm-none-eabi/6.3.1/../../../../arm-none-eabi/lib/thumb/v7e-m\libc.a(lib_a-stdio.o)
                0x00408170                __swrite
 .text.__sseek  0x004081ac       0x20 c:/program files (x86)/atmel/studio/7.0/toolchain/arm/arm-gnu-toolchain/bin/../lib/gcc/arm-none-eabi/6.3.1/../../../../arm-none-eabi/lib/thumb/v7e-m\libc.a(lib_a-stdio.o)
                0x004081ac                __sseek
 .text.__sclose
                0x004081cc        0x8 c:/program files (x86)/atmel/studio/7.0/toolchain/arm/arm-gnu-toolchain/bin/../lib/gcc/arm-none-eabi/6.3.1/../../../../arm-none-eabi/lib/thumb/v7e-m\libc.a(lib_a-stdio.o)
                0x004081cc                __sclose
 .text.__ssprint_r
                0x004081d4       0xfc c:/program files (x86)/atmel/studio/7.0/toolchain/arm/arm-gnu-toolchain/bin/../lib/gcc/arm-none-eabi/6.3.1/../../../../arm-none-eabi/lib/thumb/v7e-m\libc.a(lib_a-svfiprintf.o)
                0x004081d4                __ssprint_r
 .text.__swbuf_r
                0x004082d0       0xb0 c:/program files (x86)/atmel/studio/7.0/toolchain/arm/arm-gnu-toolchain/bin/../lib/gcc/arm-none-eabi/6.3.1/../../../../arm-none-eabi/lib/thumb/v7e-m\libc.a(lib_a-wbuf.o)
                0x004082d0                __swbuf_r
 .text._wcrtomb_r
                0x00408380       0x54 c:/program files (x86)/atmel/studio/7.0/toolchain/arm/arm-gnu-toolchain/bin/../lib/gcc/arm-none-eabi/6.3.1/../../../../arm-none-eabi/lib/thumb/v7e-m\libc.a(lib_a-wcrtomb.o)
                0x00408380                _wcrtomb_r
 .text.__ascii_wctomb
                0x004083d4       0x1c c:/program files (x86)/atmel/studio/7.0/toolchain/arm/arm-gnu-toolchain/bin/../lib/gcc/arm-none-eabi/6.3.1/../../../../arm-none-eabi/lib/thumb/v7e-m\libc.a(lib_a-wctomb_r.o)
                0x004083d4                __ascii_wctomb
 .text._write_r
                0x004083f0       0x2c c:/program files (x86)/atmel/studio/7.0/toolchain/arm/arm-gnu-toolchain/bin/../lib/gcc/arm-none-eabi/6.3.1/../../../../arm-none-eabi/lib/thumb/v7e-m\libc.a(lib_a-writer.o)
                0x004083f0                _write_r
 .text.__register_exitproc
                0x0040841c       0xc4 c:/program files (x86)/atmel/studio/7.0/toolchain/arm/arm-gnu-toolchain/bin/../lib/gcc/arm-none-eabi/6.3.1/../../../../arm-none-eabi/lib/thumb/v7e-m\libc.a(lib_a-__atexit.o)
                0x0040841c                __register_exitproc
 .text._calloc_r
                0x004084e0       0x60 c:/program files (x86)/atmel/studio/7.0/toolchain/arm/arm-gnu-toolchain/bin/../lib/gcc/arm-none-eabi/6.3.1/../../../../arm-none-eabi/lib/thumb/v7e-m\libc.a(lib_a-callocr.o)
                0x004084e0                _calloc_r
 .text._close_r
                0x00408540       0x24 c:/program files (x86)/atmel/studio/7.0/toolchain/arm/arm-gnu-toolchain/bin/../lib/gcc/arm-none-eabi/6.3.1/../../../../arm-none-eabi/lib/thumb/v7e-m\libc.a(lib_a-closer.o)
                0x00408540                _close_r
 .text._fclose_r
                0x00408564       0xc4 c:/program files (x86)/atmel/studio/7.0/toolchain/arm/arm-gnu-toolchain/bin/../lib/gcc/arm-none-eabi/6.3.1/../../../../arm-none-eabi/lib/thumb/v7e-m\libc.a(lib_a-fclose.o)
                0x00408564                _fclose_r
 .text._fstat_r
                0x00408628       0x28 c:/program files (x86)/atmel/studio/7.0/toolchain/arm/arm-gnu-toolchain/bin/../lib/gcc/arm-none-eabi/6.3.1/../../../../arm-none-eabi/lib/thumb/v7e-m\libc.a(lib_a-fstatr.o)
                0x00408628                _fstat_r
 .text._isatty_r
                0x00408650       0x24 c:/program files (x86)/atmel/studio/7.0/toolchain/arm/arm-gnu-toolchain/bin/../lib/gcc/arm-none-eabi/6.3.1/../../../../arm-none-eabi/lib/thumb/v7e-m\libc.a(lib_a-isattyr.o)
                0x00408650                _isatty_r
 .text._lseek_r
                0x00408674       0x2c c:/program files (x86)/atmel/studio/7.0/toolchain/arm/arm-gnu-toolchain/bin/../lib/gcc/arm-none-eabi/6.3.1/../../../../arm-none-eabi/lib/thumb/v7e-m\libc.a(lib_a-lseekr.o)
                0x00408674                _lseek_r
 .text._read_r  0x004086a0       0x2c c:/program files (x86)/atmel/studio/7.0/toolchain/arm/arm-gnu-toolchain/bin/../lib/gcc/arm-none-eabi/6.3.1/../../../../arm-none-eabi/lib/thumb/v7e-m\libc.a(lib_a-readr.o)
                0x004086a0                _read_r
 .text          0x004086cc      0x370 c:/program files (x86)/atmel/studio/7.0/toolchain/arm/arm-gnu-toolchain/bin/../lib/gcc/arm-none-eabi/6.3.1/thumb/v7e-m\libgcc.a(_arm_addsubdf3.o)
                0x004086cc                __aeabi_drsub
                0x004086d4                __aeabi_dsub
                0x004086d4                __subdf3
                0x004086d8                __aeabi_dadd
                0x004086d8                __adddf3
                0x00408950                __floatunsidf
                0x00408950                __aeabi_ui2d
                0x00408970                __floatsidf
                0x00408970                __aeabi_i2d
                0x00408994                __aeabi_f2d
                0x00408994                __extendsfdf2
                0x004089d0                __floatundidf
                0x004089d0                __aeabi_ul2d
                0x004089e0                __floatdidf
                0x004089e0                __aeabi_l2d
 .text          0x00408a3c      0x424 c:/program files (x86)/atmel/studio/7.0/toolchain/arm/arm-gnu-toolchain/bin/../lib/gcc/arm-none-eabi/6.3.1/thumb/v7e-m\libgcc.a(_arm_muldivdf3.o)
                0x00408a3c                __aeabi_dmul
                0x00408a3c                __muldf3
                0x00408c90                __divdf3
                0x00408c90                __aeabi_ddiv
 .text          0x00408e60      0x110 c:/program files (x86)/atmel/studio/7.0/toolchain/arm/arm-gnu-toolchain/bin/../lib/gcc/arm-none-eabi/6.3.1/thumb/v7e-m\libgcc.a(_arm_cmpdf2.o)
                0x00408e60                __gtdf2
                0x00408e60                __gedf2
                0x00408e68                __ltdf2
                0x00408e68                __ledf2
                0x00408e70                __nedf2
                0x00408e70                __eqdf2
                0x00408e70                __cmpdf2
                0x00408eec                __aeabi_cdrcmple
                0x00408efc                __aeabi_cdcmpeq
                0x00408efc                __aeabi_cdcmple
                0x00408f0c                __aeabi_dcmpeq
                0x00408f20                __aeabi_dcmplt
                0x00408f34                __aeabi_dcmple
                0x00408f48                __aeabi_dcmpge
                0x00408f5c                __aeabi_dcmpgt
 .text          0x00408f70       0x2c c:/program files (x86)/atmel/studio/7.0/toolchain/arm/arm-gnu-toolchain/bin/../lib/gcc/arm-none-eabi/6.3.1/thumb/v7e-m\libgcc.a(_arm_unorddf2.o)
                0x00408f70                __unorddf2
                0x00408f70                __aeabi_dcmpun
 .text          0x00408f9c       0x50 c:/program files (x86)/atmel/studio/7.0/toolchain/arm/arm-gnu-toolchain/bin/../lib/gcc/arm-none-eabi/6.3.1/thumb/v7e-m\libgcc.a(_arm_fixdfsi.o)
                0x00408f9c                __aeabi_d2iz
                0x00408f9c                __fixdfsi
 .text          0x00408fec       0x30 c:/program files (x86)/atmel/studio/7.0/toolchain/arm/arm-gnu-toolchain/bin/../lib/gcc/arm-none-eabi/6.3.1/thumb/v7e-m\libgcc.a(_aeabi_uldivmod.o)
                0x00408fec                __aeabi_uldivmod
 .text          0x0040901c      0x2dc c:/program files (x86)/atmel/studio/7.0/toolchain/arm/arm-gnu-toolchain/bin/../lib/gcc/arm-none-eabi/6.3.1/thumb/v7e-m\libgcc.a(_udivmoddi4.o)
                0x0040901c                __udivmoddi4
 .text          0x004092f8        0x4 c:/program files (x86)/atmel/studio/7.0/toolchain/arm/arm-gnu-toolchain/bin/../lib/gcc/arm-none-eabi/6.3.1/thumb/v7e-m\libgcc.a(_dvmd_tls.o)
                0x004092f8                __aeabi_idiv0
                0x004092f8                __aeabi_ldiv0
 *(.glue_7t)
 .glue_7t       0x004092fc        0x0 linker stubs
 *(.glue_7)
 .glue_7        0x004092fc        0x0 linker stubs
 *(.rodata .rodata* .gnu.linkonce.r.*)
 .rodata.p_uc_charset10x14
                0x004092fc      0x780 src/ASF/sam/components/display/ili9488/ili9488.o
                0x004092fc                p_uc_charset10x14
 .rodata        0x00409a7c       0x5d src/main.o
 *fill*         0x00409ad9        0x3 
 .rodata.draw_mode.str1.4
                0x00409adc       0x57 src/main.o
 *fill*         0x00409b33        0x1 
 .rodata.draw_strings.str1.4
                0x00409b34        0x5 src/main.o
 *fill*         0x00409b39        0x3 
 .rodata.fim.str1.4
                0x00409b3c        0xf src/main.o
 *fill*         0x00409b4b        0x1 
 .rodata.image_data_Centrifugacao
                0x00409b4c     0x1db0 src/main.o
 .rodata.image_data_Diario
                0x0040b8fc     0x1db0 src/main.o
 .rodata.image_data_Enxague
                0x0040d6ac     0x1db0 src/main.o
 .rodata.image_data_Pesado
                0x0040f45c     0x1db0 src/main.o
 .rodata.image_data_Rapido
                0x0041120c     0x1db0 src/main.o
 .rodata.image_data_gear
                0x00412fbc     0x65f4 src/main.o
 .rodata.image_data_next
                0x004195b0     0x7530 src/main.o
 .rodata.image_data_powerbutton
                0x00420ae0     0x846c src/main.o
 .rodata.image_data_valve
                0x00428f4c     0x5a3c src/main.o
 .rodata.main.str1.4
                0x0042e988       0x47 src/main.o
 *fill*         0x0042e9cf        0x1 
 .rodata.mxt_handler.str1.4
                0x0042e9d0       0x37 src/main.o
 *fill*         0x0042ea07        0x1 
 .rodata.timePrint.str1.4
                0x0042ea08       0x1a src/main.o
 *fill*         0x0042ea22        0x2 
 .rodata._global_impure_ptr
                0x0042ea24        0x4 c:/program files (x86)/atmel/studio/7.0/toolchain/arm/arm-gnu-toolchain/bin/../lib/gcc/arm-none-eabi/6.3.1/../../../../arm-none-eabi/lib/thumb/v7e-m\libc.a(lib_a-impure.o)
                0x0042ea24                _global_impure_ptr
 .rodata._svfprintf_r.str1.4
                0x0042ea28       0x42 c:/program files (x86)/atmel/studio/7.0/toolchain/arm/arm-gnu-toolchain/bin/../lib/gcc/arm-none-eabi/6.3.1/../../../../arm-none-eabi/lib/thumb/v7e-m\libc.a(lib_a-svfprintf.o)
 *fill*         0x0042ea6a        0x2 
 .rodata.blanks.7223
                0x0042ea6c       0x10 c:/program files (x86)/atmel/studio/7.0/toolchain/arm/arm-gnu-toolchain/bin/../lib/gcc/arm-none-eabi/6.3.1/../../../../arm-none-eabi/lib/thumb/v7e-m\libc.a(lib_a-svfprintf.o)
 .rodata.zeroes.7224
                0x0042ea7c       0x10 c:/program files (x86)/atmel/studio/7.0/toolchain/arm/arm-gnu-toolchain/bin/../lib/gcc/arm-none-eabi/6.3.1/../../../../arm-none-eabi/lib/thumb/v7e-m\libc.a(lib_a-svfprintf.o)
 .rodata._vfiprintf_r.str1.4
                0x0042ea8c       0x2f c:/program files (x86)/atmel/studio/7.0/toolchain/arm/arm-gnu-toolchain/bin/../lib/gcc/arm-none-eabi/6.3.1/../../../../arm-none-eabi/lib/thumb/v7e-m\libc.a(lib_a-vfiprintf.o)
 .rodata.blanks.7217
                0x0042ea8c       0x10 c:/program files (x86)/atmel/studio/7.0/toolchain/arm/arm-gnu-toolchain/bin/../lib/gcc/arm-none-eabi/6.3.1/../../../../arm-none-eabi/lib/thumb/v7e-m\libc.a(lib_a-vfiprintf.o)
 .rodata.zeroes.7218
                0x0042ea9c       0x10 c:/program files (x86)/atmel/studio/7.0/toolchain/arm/arm-gnu-toolchain/bin/../lib/gcc/arm-none-eabi/6.3.1/../../../../arm-none-eabi/lib/thumb/v7e-m\libc.a(lib_a-vfiprintf.o)
 .rodata._dtoa_r.str1.4
                0x0042eaac       0x10 c:/program files (x86)/atmel/studio/7.0/toolchain/arm/arm-gnu-toolchain/bin/../lib/gcc/arm-none-eabi/6.3.1/../../../../arm-none-eabi/lib/thumb/v7e-m\libc.a(lib_a-dtoa.o)
                                 0x12 (size before relaxing)
 .rodata._setlocale_r.str1.4
                0x0042eabc        0xa c:/program files (x86)/atmel/studio/7.0/toolchain/arm/arm-gnu-toolchain/bin/../lib/gcc/arm-none-eabi/6.3.1/../../../../arm-none-eabi/lib/thumb/v7e-m\libc.a(lib_a-locale.o)
                                  0xd (size before relaxing)
 *fill*         0x0042eac6        0x2 
 .rodata.str1.4
                0x0042eac8        0x4 c:/program files (x86)/atmel/studio/7.0/toolchain/arm/arm-gnu-toolchain/bin/../lib/gcc/arm-none-eabi/6.3.1/../../../../arm-none-eabi/lib/thumb/v7e-m\libc.a(lib_a-locale.o)
                                  0x2 (size before relaxing)
 *fill*         0x0042eacc        0x4 
 .rodata.__mprec_bigtens
                0x0042ead0       0x28 c:/program files (x86)/atmel/studio/7.0/toolchain/arm/arm-gnu-toolchain/bin/../lib/gcc/arm-none-eabi/6.3.1/../../../../arm-none-eabi/lib/thumb/v7e-m\libc.a(lib_a-mprec.o)
                0x0042ead0                __mprec_bigtens
 .rodata.__mprec_tens
                0x0042eaf8       0xc8 c:/program files (x86)/atmel/studio/7.0/toolchain/arm/arm-gnu-toolchain/bin/../lib/gcc/arm-none-eabi/6.3.1/../../../../arm-none-eabi/lib/thumb/v7e-m\libc.a(lib_a-mprec.o)
                0x0042eaf8                __mprec_tens
 .rodata.p05.6055
                0x0042ebc0        0xc c:/program files (x86)/atmel/studio/7.0/toolchain/arm/arm-gnu-toolchain/bin/../lib/gcc/arm-none-eabi/6.3.1/../../../../arm-none-eabi/lib/thumb/v7e-m\libc.a(lib_a-mprec.o)
 .rodata._ctype_
                0x0042ebcc      0x101 c:/program files (x86)/atmel/studio/7.0/toolchain/arm/arm-gnu-toolchain/bin/../lib/gcc/arm-none-eabi/6.3.1/../../../../arm-none-eabi/lib/thumb/v7e-m\libc.a(lib_a-ctype_.o)
                0x0042ebcc                _ctype_
 *(.ARM.extab* .gnu.linkonce.armextab.*)
                0x0042ecd0                . = ALIGN (0x4)
 *fill*         0x0042eccd        0x3 
 *(.init)
 .init          0x0042ecd0        0x4 c:/program files (x86)/atmel/studio/7.0/toolchain/arm/arm-gnu-toolchain/bin/../lib/gcc/arm-none-eabi/6.3.1/thumb/v7e-m/crti.o
                0x0042ecd0                _init
 .init          0x0042ecd4        0x8 c:/program files (x86)/atmel/studio/7.0/toolchain/arm/arm-gnu-toolchain/bin/../lib/gcc/arm-none-eabi/6.3.1/thumb/v7e-m/crtn.o
                0x0042ecdc                . = ALIGN (0x4)
                0x0042ecdc                __preinit_array_start = .
 *(.preinit_array)
                0x0042ecdc                __preinit_array_end = .
                0x0042ecdc                . = ALIGN (0x4)
                0x0042ecdc                __init_array_start = .
 *(SORT(.init_array.*))
 .init_array.00000
                0x0042ecdc        0x4 c:/program files (x86)/atmel/studio/7.0/toolchain/arm/arm-gnu-toolchain/bin/../lib/gcc/arm-none-eabi/6.3.1/../../../../arm-none-eabi/lib/thumb/v7e-m\libc.a(lib_a-__call_atexit.o)
 *(.init_array)
 .init_array    0x0042ece0        0x4 c:/program files (x86)/atmel/studio/7.0/toolchain/arm/arm-gnu-toolchain/bin/../lib/gcc/arm-none-eabi/6.3.1/thumb/v7e-m/crtbegin.o
                0x0042ece4                __init_array_end = .
                0x0042ece4                . = ALIGN (0x4)
 *crtbegin.o(.ctors)
 *(EXCLUDE_FILE(*crtend.o) .ctors)
 *(SORT(.ctors.*))
 *crtend.o(.ctors)
                0x0042ece4                . = ALIGN (0x4)
 *(.fini)
 .fini          0x0042ece4        0x4 c:/program files (x86)/atmel/studio/7.0/toolchain/arm/arm-gnu-toolchain/bin/../lib/gcc/arm-none-eabi/6.3.1/thumb/v7e-m/crti.o
                0x0042ece4                _fini
 .fini          0x0042ece8        0x8 c:/program files (x86)/atmel/studio/7.0/toolchain/arm/arm-gnu-toolchain/bin/../lib/gcc/arm-none-eabi/6.3.1/thumb/v7e-m/crtn.o
                0x0042ecf0                . = ALIGN (0x4)
                0x0042ecf0                __fini_array_start = .
 *(.fini_array)
 .fini_array    0x0042ecf0        0x4 c:/program files (x86)/atmel/studio/7.0/toolchain/arm/arm-gnu-toolchain/bin/../lib/gcc/arm-none-eabi/6.3.1/thumb/v7e-m/crtbegin.o
 *(SORT(.fini_array.*))
                0x0042ecf4                __fini_array_end = .
 *crtbegin.o(.dtors)
 *(EXCLUDE_FILE(*crtend.o) .dtors)
 *(SORT(.dtors.*))
 *crtend.o(.dtors)
                0x0042ecf4                . = ALIGN (0x4)
                0x0042ecf4                _efixed = .
                [!provide]                PROVIDE (__exidx_start, .)

.vfp11_veneer   0x0042ecf4        0x0
 .vfp11_veneer  0x0042ecf4        0x0 linker stubs

.v4_bx          0x0042ecf4        0x0
 .v4_bx         0x0042ecf4        0x0 linker stubs

.iplt           0x0042ecf4        0x0
 .iplt          0x0042ecf4        0x0 c:/program files (x86)/atmel/studio/7.0/toolchain/arm/arm-gnu-toolchain/bin/../lib/gcc/arm-none-eabi/6.3.1/thumb/v7e-m/crtbegin.o

.ARM.exidx      0x0042ecf4        0x8
 *(.ARM.exidx* .gnu.linkonce.armexidx.*)
 .ARM.exidx     0x0042ecf4        0x8 c:/program files (x86)/atmel/studio/7.0/toolchain/arm/arm-gnu-toolchain/bin/../lib/gcc/arm-none-eabi/6.3.1/thumb/v7e-m\libgcc.a(_udivmoddi4.o)
                [!provide]                PROVIDE (__exidx_end, .)

.eh_frame       0x0042ecfc        0x0
 .eh_frame      0x0042ecfc        0x0 c:/program files (x86)/atmel/studio/7.0/toolchain/arm/arm-gnu-toolchain/bin/../lib/gcc/arm-none-eabi/6.3.1/thumb/v7e-m/crtbegin.o

.rel.dyn        0x0042ecfc        0x0
 .rel.iplt      0x0042ecfc        0x0 c:/program files (x86)/atmel/studio/7.0/toolchain/arm/arm-gnu-toolchain/bin/../lib/gcc/arm-none-eabi/6.3.1/thumb/v7e-m/crtbegin.o

.jcr            0x0042ecfc        0x0
 .jcr           0x0042ecfc        0x0 c:/program files (x86)/atmel/studio/7.0/toolchain/arm/arm-gnu-toolchain/bin/../lib/gcc/arm-none-eabi/6.3.1/thumb/v7e-m/crtbegin.o

.igot.plt       0x0042ecfc        0x0
 .igot.plt      0x0042ecfc        0x0 c:/program files (x86)/atmel/studio/7.0/toolchain/arm/arm-gnu-toolchain/bin/../lib/gcc/arm-none-eabi/6.3.1/thumb/v7e-m/crtbegin.o
                0x0042ecfc                . = ALIGN (0x4)
                0x0042ecfc                _etext = .

.relocate       0x20400000      0xae8 load address 0x0042ecfc
                0x20400000                . = ALIGN (0x4)
                0x20400000                _srelocate = .
 *(.ramfunc .ramfunc.*)
 .ramfunc       0x20400000        0xa src/ASF/common/services/delay/sam/cycle_counter.o
                0x20400000                portable_delay_cycles
 *(.data .data.*)
 .data.g_interrupt_enabled
                0x2040000a        0x1 src/ASF/common/utils/interrupt/interrupt_sam_nvic.o
                0x2040000a                g_interrupt_enabled
 *fill*         0x2040000b        0x1 
 .data.SystemCoreClock
                0x2040000c        0x4 src/ASF/sam/utils/cmsis/same70/source/templates/system_same70.o
                0x2040000c                SystemCoreClock
 .data.c_centrifuga
                0x20400010       0x3c src/main.o
                0x20400010                c_centrifuga
 .data.c_diario
                0x2040004c       0x3c src/main.o
                0x2040004c                c_diario
 .data.c_enxague
                0x20400088       0x3c src/main.o
                0x20400088                c_enxague
 .data.c_pesado
                0x204000c4       0x3c src/main.o
                0x204000c4                c_pesado
 .data.c_rapido
                0x20400100       0x3c src/main.o
                0x20400100                c_rapido
 .data._impure_ptr
                0x2040013c        0x4 c:/program files (x86)/atmel/studio/7.0/toolchain/arm/arm-gnu-toolchain/bin/../lib/gcc/arm-none-eabi/6.3.1/../../../../arm-none-eabi/lib/thumb/v7e-m\libc.a(lib_a-impure.o)
                0x2040013c                _impure_ptr
 .data.impure_data
                0x20400140      0x428 c:/program files (x86)/atmel/studio/7.0/toolchain/arm/arm-gnu-toolchain/bin/../lib/gcc/arm-none-eabi/6.3.1/../../../../arm-none-eabi/lib/thumb/v7e-m\libc.a(lib_a-impure.o)
 .data.__malloc_av_
                0x20400568      0x408 c:/program files (x86)/atmel/studio/7.0/toolchain/arm/arm-gnu-toolchain/bin/../lib/gcc/arm-none-eabi/6.3.1/../../../../arm-none-eabi/lib/thumb/v7e-m\libc.a(lib_a-mallocr.o)
                0x20400568                __malloc_av_
 .data.__malloc_sbrk_base
                0x20400970        0x4 c:/program files (x86)/atmel/studio/7.0/toolchain/arm/arm-gnu-toolchain/bin/../lib/gcc/arm-none-eabi/6.3.1/../../../../arm-none-eabi/lib/thumb/v7e-m\libc.a(lib_a-mallocr.o)
                0x20400970                __malloc_sbrk_base
 .data.__malloc_trim_threshold
                0x20400974        0x4 c:/program files (x86)/atmel/studio/7.0/toolchain/arm/arm-gnu-toolchain/bin/../lib/gcc/arm-none-eabi/6.3.1/../../../../arm-none-eabi/lib/thumb/v7e-m\libc.a(lib_a-mallocr.o)
                0x20400974                __malloc_trim_threshold
 .data.__atexit_recursive_mutex
                0x20400978        0x4 c:/program files (x86)/atmel/studio/7.0/toolchain/arm/arm-gnu-toolchain/bin/../lib/gcc/arm-none-eabi/6.3.1/../../../../arm-none-eabi/lib/thumb/v7e-m\libc.a(lib_a-__call_atexit.o)
                0x20400978                __atexit_recursive_mutex
 .data.__global_locale
                0x2040097c      0x16c c:/program files (x86)/atmel/studio/7.0/toolchain/arm/arm-gnu-toolchain/bin/../lib/gcc/arm-none-eabi/6.3.1/../../../../arm-none-eabi/lib/thumb/v7e-m\libc.a(lib_a-locale.o)
                0x2040097c                __global_locale
                0x20400ae8                . = ALIGN (0x4)
                0x20400ae8                _erelocate = .

.bss            0x20400ae8      0x4ec load address 0x0042f7e4
                0x20400ae8                . = ALIGN (0x4)
                0x20400ae8                _sbss = .
                0x20400ae8                _szero = .
 *(.bss .bss.*)
 .bss           0x20400ae8       0x1c c:/program files (x86)/atmel/studio/7.0/toolchain/arm/arm-gnu-toolchain/bin/../lib/gcc/arm-none-eabi/6.3.1/thumb/v7e-m/crtbegin.o
 .bss.g_ul_pixel_cache
                0x20400b04      0x3c0 src/ASF/sam/components/display/ili9488/ili9488.o
 .bss.gs_interrupt_sources
                0x20400ec4       0x70 src/ASF/sam/drivers/pio/pio_handler.o
 .bss.gs_ul_nb_sources
                0x20400f34        0x4 src/ASF/sam/drivers/pio/pio_handler.o
 .bss.ul_reg_val.9451
                0x20400f38        0x4 src/ASF/sam/drivers/usart/usart.o
 .bss.heap.6420
                0x20400f3c        0x4 src/ASF/sam/utils/syscalls/gcc/syscalls.o
 .bss.but_flag  0x20400f40        0x1 src/main.o
                0x20400f40                but_flag
 *fill*         0x20400f41        0x3 
 .bss.count_mode
                0x20400f44        0x4 src/main.o
                0x20400f44                count_mode
 .bss.minuto    0x20400f48        0x1 src/main.o
                0x20400f48                minuto
 .bss.turnlock  0x20400f49        0x1 src/main.o
                0x20400f49                turnlock
 *fill*         0x20400f4a        0x2 
 .bss.__malloc_current_mallinfo
                0x20400f4c       0x28 c:/program files (x86)/atmel/studio/7.0/toolchain/arm/arm-gnu-toolchain/bin/../lib/gcc/arm-none-eabi/6.3.1/../../../../arm-none-eabi/lib/thumb/v7e-m\libc.a(lib_a-mallocr.o)
                0x20400f4c                __malloc_current_mallinfo
 .bss.__malloc_max_sbrked_mem
                0x20400f74        0x4 c:/program files (x86)/atmel/studio/7.0/toolchain/arm/arm-gnu-toolchain/bin/../lib/gcc/arm-none-eabi/6.3.1/../../../../arm-none-eabi/lib/thumb/v7e-m\libc.a(lib_a-mallocr.o)
                0x20400f74                __malloc_max_sbrked_mem
 .bss.__malloc_max_total_mem
                0x20400f78        0x4 c:/program files (x86)/atmel/studio/7.0/toolchain/arm/arm-gnu-toolchain/bin/../lib/gcc/arm-none-eabi/6.3.1/../../../../arm-none-eabi/lib/thumb/v7e-m\libc.a(lib_a-mallocr.o)
                0x20400f78                __malloc_max_total_mem
 .bss.__malloc_top_pad
                0x20400f7c        0x4 c:/program files (x86)/atmel/studio/7.0/toolchain/arm/arm-gnu-toolchain/bin/../lib/gcc/arm-none-eabi/6.3.1/../../../../arm-none-eabi/lib/thumb/v7e-m\libc.a(lib_a-mallocr.o)
                0x20400f7c                __malloc_top_pad
 *(COMMON)
 COMMON         0x20400f80        0x4 src/ASF/common/utils/stdio/read.o
                0x20400f80                ptr_get
 COMMON         0x20400f84        0x8 src/ASF/common/utils/stdio/write.o
                0x20400f84                ptr_put
                0x20400f88                stdio_base
 COMMON         0x20400f8c       0x1d src/main.o
                0x20400f8c                tempo
                0x20400f90                statusCiclo
                0x20400f94                started
                0x20400f95                locked
                0x20400f96                nextmode
                0x20400f98                g_ili9488_display_opt
                0x20400fa8                start
 *fill*         0x20400fa9        0x3 
 COMMON         0x20400fac       0x21 c:/program files (x86)/atmel/studio/7.0/toolchain/arm/arm-gnu-toolchain/bin/../lib/gcc/arm-none-eabi/6.3.1/../../../../arm-none-eabi/lib/thumb/v7e-m\libc.a(lib_a-lock.o)
                0x20400fac                __lock___atexit_recursive_mutex
                0x20400fb0                __lock___arc4random_mutex
                0x20400fb4                __lock___env_recursive_mutex
                0x20400fb8                __lock___sinit_recursive_mutex
                0x20400fbc                __lock___malloc_recursive_mutex
                0x20400fc0                __lock___at_quick_exit_mutex
                0x20400fc4                __lock___dd_hash_mutex
                0x20400fc8                __lock___tz_mutex
                0x20400fcc                __lock___sfp_recursive_mutex
 *fill*         0x20400fcd        0x3 
 COMMON         0x20400fd0        0x4 c:/program files (x86)/atmel/studio/7.0/toolchain/arm/arm-gnu-toolchain/bin/../lib/gcc/arm-none-eabi/6.3.1/../../../../arm-none-eabi/lib/thumb/v7e-m\libc.a(lib_a-reent.o)
                0x20400fd0                errno
                0x20400fd4                . = ALIGN (0x4)
                0x20400fd4                _ebss = .
                0x20400fd4                _ezero = .

.stack          0x20400fd4     0x2004 load address 0x0042fcd0
                0x20400fd8                . = ALIGN (0x8)
 *fill*         0x20400fd4        0x4 
                0x20400fd8                _sstack = .
                0x20402fd8                . = (. + STACK_SIZE)
 *fill*         0x20400fd8     0x2000 
                0x20402fd8                . = ALIGN (0x8)
                0x20402fd8                _estack = .

.heap           0x20402fd8      0x200 load address 0x00431cd4
                0x20402fd8                . = ALIGN (0x8)
                0x20402fd8                _sheap = .
                0x204031d8                . = (. + HEAP_SIZE)
 *fill*         0x20402fd8      0x200 
                0x204031d8                . = ALIGN (0x8)
                0x204031d8                _eheap = .
                0x204031d8                . = ALIGN (0x4)
                0x204031d8                _end = .
                0x2045ffff                _ram_end_ = ((ORIGIN (ram) + LENGTH (ram)) - 0x1)
OUTPUT(APS2.elf elf32-littlearm)

.ARM.attributes
                0x00000000       0x2e
 .ARM.attributes
                0x00000000       0x1e c:/program files (x86)/atmel/studio/7.0/toolchain/arm/arm-gnu-toolchain/bin/../lib/gcc/arm-none-eabi/6.3.1/thumb/v7e-m/crti.o
 .ARM.attributes
                0x0000001e       0x2e c:/program files (x86)/atmel/studio/7.0/toolchain/arm/arm-gnu-toolchain/bin/../lib/gcc/arm-none-eabi/6.3.1/thumb/v7e-m/crtbegin.o
 .ARM.attributes
                0x0000004c       0x37 src/ASF/sam/drivers/tc/tc.o
 .ARM.attributes
                0x00000083       0x37 src/ASF/common/components/touch/mxt/mxt_device_1.o
 .ARM.attributes
                0x000000ba       0x37 src/ASF/common/services/clock/same70/sysclk.o
 .ARM.attributes
                0x000000f1       0x37 src/ASF/common/services/delay/sam/cycle_counter.o
 .ARM.attributes
                0x00000128       0x37 src/ASF/common/services/serial/usart_serial.o
 .ARM.attributes
                0x0000015f       0x37 src/ASF/common/services/spi/sam_spi/spi_master.o
 .ARM.attributes
                0x00000196       0x37 src/ASF/common/utils/interrupt/interrupt_sam_nvic.o
 .ARM.attributes
                0x000001cd       0x37 src/ASF/common/utils/stdio/read.o
 .ARM.attributes
                0x00000204       0x37 src/ASF/common/utils/stdio/write.o
 .ARM.attributes
                0x0000023b       0x37 src/ASF/sam/boards/same70_xplained/init.o
 .ARM.attributes
                0x00000272       0x37 src/ASF/sam/components/display/ili9488/ili9488.o
 .ARM.attributes
                0x000002a9       0x37 src/ASF/sam/drivers/pio/pio.o
 .ARM.attributes
                0x000002e0       0x37 src/ASF/sam/drivers/pio/pio_handler.o
 .ARM.attributes
                0x00000317       0x37 src/ASF/sam/drivers/pmc/pmc.o
 .ARM.attributes
                0x0000034e       0x37 src/ASF/sam/drivers/spi/spi.o
 .ARM.attributes
                0x00000385       0x37 src/ASF/sam/drivers/twihs/twihs.o
 .ARM.attributes
                0x000003bc       0x37 src/ASF/sam/drivers/uart/uart.o
 .ARM.attributes
                0x000003f3       0x37 src/ASF/sam/drivers/usart/usart.o
 .ARM.attributes
                0x0000042a       0x37 src/ASF/sam/utils/cmsis/same70/source/templates/gcc/startup_same70.o
 .ARM.attributes
                0x00000461       0x37 src/ASF/sam/utils/cmsis/same70/source/templates/system_same70.o
 .ARM.attributes
                0x00000498       0x37 src/ASF/sam/utils/syscalls/gcc/syscalls.o
 .ARM.attributes
                0x000004cf       0x37 src/main.o
 .ARM.attributes
                0x00000506       0x2e c:/program files (x86)/atmel/studio/7.0/toolchain/arm/arm-gnu-toolchain/bin/../lib/gcc/arm-none-eabi/6.3.1/../../../../arm-none-eabi/lib/thumb/v7e-m\libc.a(lib_a-impure.o)
 .ARM.attributes
                0x00000534       0x2e c:/program files (x86)/atmel/studio/7.0/toolchain/arm/arm-gnu-toolchain/bin/../lib/gcc/arm-none-eabi/6.3.1/../../../../arm-none-eabi/lib/thumb/v7e-m\libc.a(lib_a-init.o)
 .ARM.attributes
                0x00000562       0x2e c:/program files (x86)/atmel/studio/7.0/toolchain/arm/arm-gnu-toolchain/bin/../lib/gcc/arm-none-eabi/6.3.1/../../../../arm-none-eabi/lib/thumb/v7e-m\libc.a(lib_a-iprintf.o)
 .ARM.attributes
                0x00000590       0x2e c:/program files (x86)/atmel/studio/7.0/toolchain/arm/arm-gnu-toolchain/bin/../lib/gcc/arm-none-eabi/6.3.1/../../../../arm-none-eabi/lib/thumb/v7e-m\libc.a(lib_a-malloc.o)
 .ARM.attributes
                0x000005be       0x2e c:/program files (x86)/atmel/studio/7.0/toolchain/arm/arm-gnu-toolchain/bin/../lib/gcc/arm-none-eabi/6.3.1/../../../../arm-none-eabi/lib/thumb/v7e-m\libc.a(lib_a-mallocr.o)
 .ARM.attributes
                0x000005ec       0x2e c:/program files (x86)/atmel/studio/7.0/toolchain/arm/arm-gnu-toolchain/bin/../lib/gcc/arm-none-eabi/6.3.1/../../../../arm-none-eabi/lib/thumb/v7e-m\libc.a(lib_a-memset.o)
 .ARM.attributes
                0x0000061a       0x2e c:/program files (x86)/atmel/studio/7.0/toolchain/arm/arm-gnu-toolchain/bin/../lib/gcc/arm-none-eabi/6.3.1/../../../../arm-none-eabi/lib/thumb/v7e-m\libc.a(lib_a-mlock.o)
 .ARM.attributes
                0x00000648       0x2e c:/program files (x86)/atmel/studio/7.0/toolchain/arm/arm-gnu-toolchain/bin/../lib/gcc/arm-none-eabi/6.3.1/../../../../arm-none-eabi/lib/thumb/v7e-m\libc.a(lib_a-sbrkr.o)
 .ARM.attributes
                0x00000676       0x2e c:/program files (x86)/atmel/studio/7.0/toolchain/arm/arm-gnu-toolchain/bin/../lib/gcc/arm-none-eabi/6.3.1/../../../../arm-none-eabi/lib/thumb/v7e-m\libc.a(lib_a-setbuf.o)
 .ARM.attributes
                0x000006a4       0x2e c:/program files (x86)/atmel/studio/7.0/toolchain/arm/arm-gnu-toolchain/bin/../lib/gcc/arm-none-eabi/6.3.1/../../../../arm-none-eabi/lib/thumb/v7e-m\libc.a(lib_a-setvbuf.o)
 .ARM.attributes
                0x000006d2       0x2e c:/program files (x86)/atmel/studio/7.0/toolchain/arm/arm-gnu-toolchain/bin/../lib/gcc/arm-none-eabi/6.3.1/../../../../arm-none-eabi/lib/thumb/v7e-m\libc.a(lib_a-sprintf.o)
 .ARM.attributes
                0x00000700       0x2e c:/program files (x86)/atmel/studio/7.0/toolchain/arm/arm-gnu-toolchain/bin/../lib/gcc/arm-none-eabi/6.3.1/../../../../arm-none-eabi/lib/thumb/v7e-m\libc.a(lib_a-strcat.o)
 .ARM.attributes
                0x0000072e       0x2e c:/program files (x86)/atmel/studio/7.0/toolchain/arm/arm-gnu-toolchain/bin/../lib/gcc/arm-none-eabi/6.3.1/../../../../arm-none-eabi/lib/thumb/v7e-m\libc.a(lib_a-strcpy.o)
 .ARM.attributes
                0x0000075c       0x1c c:/program files (x86)/atmel/studio/7.0/toolchain/arm/arm-gnu-toolchain/bin/../lib/gcc/arm-none-eabi/6.3.1/../../../../arm-none-eabi/lib/thumb/v7e-m\libc.a(lib_a-strlen.o)
 .ARM.attributes
                0x00000778       0x2e c:/program files (x86)/atmel/studio/7.0/toolchain/arm/arm-gnu-toolchain/bin/../lib/gcc/arm-none-eabi/6.3.1/../../../../arm-none-eabi/lib/thumb/v7e-m\libc.a(lib_a-svfprintf.o)
 .ARM.attributes
                0x000007a6       0x2e c:/program files (x86)/atmel/studio/7.0/toolchain/arm/arm-gnu-toolchain/bin/../lib/gcc/arm-none-eabi/6.3.1/../../../../arm-none-eabi/lib/thumb/v7e-m\libc.a(lib_a-vfiprintf.o)
 .ARM.attributes
                0x000007d4       0x2e c:/program files (x86)/atmel/studio/7.0/toolchain/arm/arm-gnu-toolchain/bin/../lib/gcc/arm-none-eabi/6.3.1/../../../../arm-none-eabi/lib/thumb/v7e-m\libc.a(lib_a-wsetup.o)
 .ARM.attributes
                0x00000802       0x2e c:/program files (x86)/atmel/studio/7.0/toolchain/arm/arm-gnu-toolchain/bin/../lib/gcc/arm-none-eabi/6.3.1/../../../../arm-none-eabi/lib/thumb/v7e-m\libc.a(lib_a-__call_atexit.o)
 .ARM.attributes
                0x00000830       0x2e c:/program files (x86)/atmel/studio/7.0/toolchain/arm/arm-gnu-toolchain/bin/../lib/gcc/arm-none-eabi/6.3.1/../../../../arm-none-eabi/lib/thumb/v7e-m\libc.a(lib_a-atexit.o)
 .ARM.attributes
                0x0000085e       0x2e c:/program files (x86)/atmel/studio/7.0/toolchain/arm/arm-gnu-toolchain/bin/../lib/gcc/arm-none-eabi/6.3.1/../../../../arm-none-eabi/lib/thumb/v7e-m\libc.a(lib_a-dtoa.o)
 .ARM.attributes
                0x0000088c       0x2e c:/program files (x86)/atmel/studio/7.0/toolchain/arm/arm-gnu-toolchain/bin/../lib/gcc/arm-none-eabi/6.3.1/../../../../arm-none-eabi/lib/thumb/v7e-m\libc.a(lib_a-fflush.o)
 .ARM.attributes
                0x000008ba       0x2e c:/program files (x86)/atmel/studio/7.0/toolchain/arm/arm-gnu-toolchain/bin/../lib/gcc/arm-none-eabi/6.3.1/../../../../arm-none-eabi/lib/thumb/v7e-m\libc.a(lib_a-findfp.o)
 .ARM.attributes
                0x000008e8       0x2e c:/program files (x86)/atmel/studio/7.0/toolchain/arm/arm-gnu-toolchain/bin/../lib/gcc/arm-none-eabi/6.3.1/../../../../arm-none-eabi/lib/thumb/v7e-m\libc.a(lib_a-fini.o)
 .ARM.attributes
                0x00000916       0x2e c:/program files (x86)/atmel/studio/7.0/toolchain/arm/arm-gnu-toolchain/bin/../lib/gcc/arm-none-eabi/6.3.1/../../../../arm-none-eabi/lib/thumb/v7e-m\libc.a(lib_a-fputwc.o)
 .ARM.attributes
                0x00000944       0x2e c:/program files (x86)/atmel/studio/7.0/toolchain/arm/arm-gnu-toolchain/bin/../lib/gcc/arm-none-eabi/6.3.1/../../../../arm-none-eabi/lib/thumb/v7e-m\libc.a(lib_a-freer.o)
 .ARM.attributes
                0x00000972       0x2e c:/program files (x86)/atmel/studio/7.0/toolchain/arm/arm-gnu-toolchain/bin/../lib/gcc/arm-none-eabi/6.3.1/../../../../arm-none-eabi/lib/thumb/v7e-m\libc.a(lib_a-fvwrite.o)
 .ARM.attributes
                0x000009a0       0x2e c:/program files (x86)/atmel/studio/7.0/toolchain/arm/arm-gnu-toolchain/bin/../lib/gcc/arm-none-eabi/6.3.1/../../../../arm-none-eabi/lib/thumb/v7e-m\libc.a(lib_a-fwalk.o)
 .ARM.attributes
                0x000009ce       0x2e c:/program files (x86)/atmel/studio/7.0/toolchain/arm/arm-gnu-toolchain/bin/../lib/gcc/arm-none-eabi/6.3.1/../../../../arm-none-eabi/lib/thumb/v7e-m\libc.a(lib_a-locale.o)
 .ARM.attributes
                0x000009fc       0x2e c:/program files (x86)/atmel/studio/7.0/toolchain/arm/arm-gnu-toolchain/bin/../lib/gcc/arm-none-eabi/6.3.1/../../../../arm-none-eabi/lib/thumb/v7e-m\libc.a(lib_a-localeconv.o)
 .ARM.attributes
                0x00000a2a       0x2e c:/program files (x86)/atmel/studio/7.0/toolchain/arm/arm-gnu-toolchain/bin/../lib/gcc/arm-none-eabi/6.3.1/../../../../arm-none-eabi/lib/thumb/v7e-m\libc.a(lib_a-lock.o)
 .ARM.attributes
                0x00000a58       0x2e c:/program files (x86)/atmel/studio/7.0/toolchain/arm/arm-gnu-toolchain/bin/../lib/gcc/arm-none-eabi/6.3.1/../../../../arm-none-eabi/lib/thumb/v7e-m\libc.a(lib_a-makebuf.o)
 .ARM.attributes
                0x00000a86       0x2e c:/program files (x86)/atmel/studio/7.0/toolchain/arm/arm-gnu-toolchain/bin/../lib/gcc/arm-none-eabi/6.3.1/../../../../arm-none-eabi/lib/thumb/v7e-m\libc.a(lib_a-mbtowc_r.o)
 .ARM.attributes
                0x00000ab4       0x1c c:/program files (x86)/atmel/studio/7.0/toolchain/arm/arm-gnu-toolchain/bin/../lib/gcc/arm-none-eabi/6.3.1/../../../../arm-none-eabi/lib/thumb/v7e-m\libc.a(lib_a-memchr.o)
 .ARM.attributes
                0x00000ad0       0x1c c:/program files (x86)/atmel/studio/7.0/toolchain/arm/arm-gnu-toolchain/bin/../lib/gcc/arm-none-eabi/6.3.1/../../../../arm-none-eabi/lib/thumb/v7e-m\libc.a(lib_a-memcpy.o)
 .ARM.attributes
                0x00000aec       0x2e c:/program files (x86)/atmel/studio/7.0/toolchain/arm/arm-gnu-toolchain/bin/../lib/gcc/arm-none-eabi/6.3.1/../../../../arm-none-eabi/lib/thumb/v7e-m\libc.a(lib_a-memmove.o)
 .ARM.attributes
                0x00000b1a       0x2e c:/program files (x86)/atmel/studio/7.0/toolchain/arm/arm-gnu-toolchain/bin/../lib/gcc/arm-none-eabi/6.3.1/../../../../arm-none-eabi/lib/thumb/v7e-m\libc.a(lib_a-mprec.o)
 .ARM.attributes
                0x00000b48       0x2e c:/program files (x86)/atmel/studio/7.0/toolchain/arm/arm-gnu-toolchain/bin/../lib/gcc/arm-none-eabi/6.3.1/../../../../arm-none-eabi/lib/thumb/v7e-m\libc.a(lib_a-reallocr.o)
 .ARM.attributes
                0x00000b76       0x2e c:/program files (x86)/atmel/studio/7.0/toolchain/arm/arm-gnu-toolchain/bin/../lib/gcc/arm-none-eabi/6.3.1/../../../../arm-none-eabi/lib/thumb/v7e-m\libc.a(lib_a-reent.o)
 .ARM.attributes
                0x00000ba4       0x2e c:/program files (x86)/atmel/studio/7.0/toolchain/arm/arm-gnu-toolchain/bin/../lib/gcc/arm-none-eabi/6.3.1/../../../../arm-none-eabi/lib/thumb/v7e-m\libc.a(lib_a-stdio.o)
 .ARM.attributes
                0x00000bd2       0x2e c:/program files (x86)/atmel/studio/7.0/toolchain/arm/arm-gnu-toolchain/bin/../lib/gcc/arm-none-eabi/6.3.1/../../../../arm-none-eabi/lib/thumb/v7e-m\libc.a(lib_a-svfiprintf.o)
 .ARM.attributes
                0x00000c00       0x2e c:/program files (x86)/atmel/studio/7.0/toolchain/arm/arm-gnu-toolchain/bin/../lib/gcc/arm-none-eabi/6.3.1/../../../../arm-none-eabi/lib/thumb/v7e-m\libc.a(lib_a-wbuf.o)
 .ARM.attributes
                0x00000c2e       0x2e c:/program files (x86)/atmel/studio/7.0/toolchain/arm/arm-gnu-toolchain/bin/../lib/gcc/arm-none-eabi/6.3.1/../../../../arm-none-eabi/lib/thumb/v7e-m\libc.a(lib_a-wcrtomb.o)
 .ARM.attributes
                0x00000c5c       0x2e c:/program files (x86)/atmel/studio/7.0/toolchain/arm/arm-gnu-toolchain/bin/../lib/gcc/arm-none-eabi/6.3.1/../../../../arm-none-eabi/lib/thumb/v7e-m\libc.a(lib_a-wctomb_r.o)
 .ARM.attributes
                0x00000c8a       0x2e c:/program files (x86)/atmel/studio/7.0/toolchain/arm/arm-gnu-toolchain/bin/../lib/gcc/arm-none-eabi/6.3.1/../../../../arm-none-eabi/lib/thumb/v7e-m\libc.a(lib_a-writer.o)
 .ARM.attributes
                0x00000cb8       0x2e c:/program files (x86)/atmel/studio/7.0/toolchain/arm/arm-gnu-toolchain/bin/../lib/gcc/arm-none-eabi/6.3.1/../../../../arm-none-eabi/lib/thumb/v7e-m\libc.a(lib_a-__atexit.o)
 .ARM.attributes
                0x00000ce6       0x2e c:/program files (x86)/atmel/studio/7.0/toolchain/arm/arm-gnu-toolchain/bin/../lib/gcc/arm-none-eabi/6.3.1/../../../../arm-none-eabi/lib/thumb/v7e-m\libc.a(lib_a-callocr.o)
 .ARM.attributes
                0x00000d14       0x2e c:/program files (x86)/atmel/studio/7.0/toolchain/arm/arm-gnu-toolchain/bin/../lib/gcc/arm-none-eabi/6.3.1/../../../../arm-none-eabi/lib/thumb/v7e-m\libc.a(lib_a-closer.o)
 .ARM.attributes
                0x00000d42       0x2e c:/program files (x86)/atmel/studio/7.0/toolchain/arm/arm-gnu-toolchain/bin/../lib/gcc/arm-none-eabi/6.3.1/../../../../arm-none-eabi/lib/thumb/v7e-m\libc.a(lib_a-ctype_.o)
 .ARM.attributes
                0x00000d70       0x2e c:/program files (x86)/atmel/studio/7.0/toolchain/arm/arm-gnu-toolchain/bin/../lib/gcc/arm-none-eabi/6.3.1/../../../../arm-none-eabi/lib/thumb/v7e-m\libc.a(lib_a-fclose.o)
 .ARM.attributes
                0x00000d9e       0x2e c:/program files (x86)/atmel/studio/7.0/toolchain/arm/arm-gnu-toolchain/bin/../lib/gcc/arm-none-eabi/6.3.1/../../../../arm-none-eabi/lib/thumb/v7e-m\libc.a(lib_a-fstatr.o)
 .ARM.attributes
                0x00000dcc       0x2e c:/program files (x86)/atmel/studio/7.0/toolchain/arm/arm-gnu-toolchain/bin/../lib/gcc/arm-none-eabi/6.3.1/../../../../arm-none-eabi/lib/thumb/v7e-m\libc.a(lib_a-isattyr.o)
 .ARM.attributes
                0x00000dfa       0x2e c:/program files (x86)/atmel/studio/7.0/toolchain/arm/arm-gnu-toolchain/bin/../lib/gcc/arm-none-eabi/6.3.1/../../../../arm-none-eabi/lib/thumb/v7e-m\libc.a(lib_a-lseekr.o)
 .ARM.attributes
                0x00000e28       0x2e c:/program files (x86)/atmel/studio/7.0/toolchain/arm/arm-gnu-toolchain/bin/../lib/gcc/arm-none-eabi/6.3.1/../../../../arm-none-eabi/lib/thumb/v7e-m\libc.a(lib_a-readr.o)
 .ARM.attributes
                0x00000e56       0x1e c:/program files (x86)/atmel/studio/7.0/toolchain/arm/arm-gnu-toolchain/bin/../lib/gcc/arm-none-eabi/6.3.1/thumb/v7e-m\libgcc.a(_arm_addsubdf3.o)
 .ARM.attributes
                0x00000e74       0x1e c:/program files (x86)/atmel/studio/7.0/toolchain/arm/arm-gnu-toolchain/bin/../lib/gcc/arm-none-eabi/6.3.1/thumb/v7e-m\libgcc.a(_arm_muldivdf3.o)
 .ARM.attributes
                0x00000e92       0x1e c:/program files (x86)/atmel/studio/7.0/toolchain/arm/arm-gnu-toolchain/bin/../lib/gcc/arm-none-eabi/6.3.1/thumb/v7e-m\libgcc.a(_arm_cmpdf2.o)
 .ARM.attributes
                0x00000eb0       0x1e c:/program files (x86)/atmel/studio/7.0/toolchain/arm/arm-gnu-toolchain/bin/../lib/gcc/arm-none-eabi/6.3.1/thumb/v7e-m\libgcc.a(_arm_unorddf2.o)
 .ARM.attributes
                0x00000ece       0x1e c:/program files (x86)/atmel/studio/7.0/toolchain/arm/arm-gnu-toolchain/bin/../lib/gcc/arm-none-eabi/6.3.1/thumb/v7e-m\libgcc.a(_arm_fixdfsi.o)
 .ARM.attributes
                0x00000eec       0x1e c:/program files (x86)/atmel/studio/7.0/toolchain/arm/arm-gnu-toolchain/bin/../lib/gcc/arm-none-eabi/6.3.1/thumb/v7e-m\libgcc.a(_aeabi_uldivmod.o)
 .ARM.attributes
                0x00000f0a       0x2e c:/program files (x86)/atmel/studio/7.0/toolchain/arm/arm-gnu-toolchain/bin/../lib/gcc/arm-none-eabi/6.3.1/thumb/v7e-m\libgcc.a(_udivmoddi4.o)
 .ARM.attributes
                0x00000f38       0x1e c:/program files (x86)/atmel/studio/7.0/toolchain/arm/arm-gnu-toolchain/bin/../lib/gcc/arm-none-eabi/6.3.1/thumb/v7e-m\libgcc.a(_dvmd_tls.o)
 .ARM.attributes
                0x00000f56       0x1e c:/program files (x86)/atmel/studio/7.0/toolchain/arm/arm-gnu-toolchain/bin/../lib/gcc/arm-none-eabi/6.3.1/thumb/v7e-m/crtn.o

.comment        0x00000000       0x59
 .comment       0x00000000       0x59 src/ASF/sam/drivers/tc/tc.o
                                 0x5a (size before relaxing)
 .comment       0x00000059       0x5a src/ASF/common/components/touch/mxt/mxt_device_1.o
 .comment       0x00000059       0x5a src/ASF/common/services/clock/same70/sysclk.o
 .comment       0x00000059       0x5a src/ASF/common/services/delay/sam/cycle_counter.o
 .comment       0x00000059       0x5a src/ASF/common/services/serial/usart_serial.o
 .comment       0x00000059       0x5a src/ASF/common/services/spi/sam_spi/spi_master.o
 .comment       0x00000059       0x5a src/ASF/common/utils/interrupt/interrupt_sam_nvic.o
 .comment       0x00000059       0x5a src/ASF/common/utils/stdio/read.o
 .comment       0x00000059       0x5a src/ASF/common/utils/stdio/write.o
 .comment       0x00000059       0x5a src/ASF/sam/boards/same70_xplained/init.o
 .comment       0x00000059       0x5a src/ASF/sam/components/display/ili9488/ili9488.o
 .comment       0x00000059       0x5a src/ASF/sam/drivers/pio/pio.o
 .comment       0x00000059       0x5a src/ASF/sam/drivers/pio/pio_handler.o
 .comment       0x00000059       0x5a src/ASF/sam/drivers/pmc/pmc.o
 .comment       0x00000059       0x5a src/ASF/sam/drivers/spi/spi.o
 .comment       0x00000059       0x5a src/ASF/sam/drivers/twihs/twihs.o
 .comment       0x00000059       0x5a src/ASF/sam/drivers/uart/uart.o
 .comment       0x00000059       0x5a src/ASF/sam/drivers/usart/usart.o
 .comment       0x00000059       0x5a src/ASF/sam/utils/cmsis/same70/source/templates/gcc/startup_same70.o
 .comment       0x00000059       0x5a src/ASF/sam/utils/cmsis/same70/source/templates/system_same70.o
 .comment       0x00000059       0x5a src/ASF/sam/utils/syscalls/gcc/syscalls.o
 .comment       0x00000059       0x5a src/main.o

.debug_info     0x00000000    0x20aa9
 .debug_info    0x00000000     0x1269 src/ASF/sam/drivers/tc/tc.o
 .debug_info    0x00001269     0x240d src/ASF/common/components/touch/mxt/mxt_device_1.o
 .debug_info    0x00003676     0x12a4 src/ASF/common/services/clock/same70/sysclk.o
 .debug_info    0x0000491a      0xa45 src/ASF/common/services/delay/sam/cycle_counter.o
 .debug_info    0x0000535f     0x1174 src/ASF/common/services/serial/usart_serial.o
 .debug_info    0x000064d3     0x15fe src/ASF/common/services/spi/sam_spi/spi_master.o
 .debug_info    0x00007ad1      0xb01 src/ASF/common/utils/interrupt/interrupt_sam_nvic.o
 .debug_info    0x000085d2      0xac9 src/ASF/common/utils/stdio/read.o
 .debug_info    0x0000909b      0xac6 src/ASF/common/utils/stdio/write.o
 .debug_info    0x00009b61     0x24e7 src/ASF/sam/boards/same70_xplained/init.o
 .debug_info    0x0000c048     0x28a4 src/ASF/sam/components/display/ili9488/ili9488.o
 .debug_info    0x0000e8ec     0x2174 src/ASF/sam/drivers/pio/pio.o
 .debug_info    0x00010a60     0x1b7e src/ASF/sam/drivers/pio/pio_handler.o
 .debug_info    0x000125de     0x1f12 src/ASF/sam/drivers/pmc/pmc.o
 .debug_info    0x000144f0     0x1181 src/ASF/sam/drivers/spi/spi.o
 .debug_info    0x00015671     0x1599 src/ASF/sam/drivers/twihs/twihs.o
 .debug_info    0x00016c0a     0x1072 src/ASF/sam/drivers/uart/uart.o
 .debug_info    0x00017c7c     0x23ac src/ASF/sam/drivers/usart/usart.o
 .debug_info    0x0001a028     0x1600 src/ASF/sam/utils/cmsis/same70/source/templates/gcc/startup_same70.o
 .debug_info    0x0001b628      0x5d0 src/ASF/sam/utils/cmsis/same70/source/templates/system_same70.o
 .debug_info    0x0001bbf8      0xdb0 src/ASF/sam/utils/syscalls/gcc/syscalls.o
 .debug_info    0x0001c9a8     0x4101 src/main.o

.debug_abbrev   0x00000000     0x4386
 .debug_abbrev  0x00000000      0x2a0 src/ASF/sam/drivers/tc/tc.o
 .debug_abbrev  0x000002a0      0x44d src/ASF/common/components/touch/mxt/mxt_device_1.o
 .debug_abbrev  0x000006ed      0x31f src/ASF/common/services/clock/same70/sysclk.o
 .debug_abbrev  0x00000a0c      0x1b3 src/ASF/common/services/delay/sam/cycle_counter.o
 .debug_abbrev  0x00000bbf      0x2b1 src/ASF/common/services/serial/usart_serial.o
 .debug_abbrev  0x00000e70      0x3c1 src/ASF/common/services/spi/sam_spi/spi_master.o
 .debug_abbrev  0x00001231      0x212 src/ASF/common/utils/interrupt/interrupt_sam_nvic.o
 .debug_abbrev  0x00001443      0x1fe src/ASF/common/utils/stdio/read.o
 .debug_abbrev  0x00001641      0x1e9 src/ASF/common/utils/stdio/write.o
 .debug_abbrev  0x0000182a      0x37e src/ASF/sam/boards/same70_xplained/init.o
 .debug_abbrev  0x00001ba8      0x41d src/ASF/sam/components/display/ili9488/ili9488.o
 .debug_abbrev  0x00001fc5      0x410 src/ASF/sam/drivers/pio/pio.o
 .debug_abbrev  0x000023d5      0x32f src/ASF/sam/drivers/pio/pio_handler.o
 .debug_abbrev  0x00002704      0x398 src/ASF/sam/drivers/pmc/pmc.o
 .debug_abbrev  0x00002a9c      0x3b2 src/ASF/sam/drivers/spi/spi.o
 .debug_abbrev  0x00002e4e      0x39f src/ASF/sam/drivers/twihs/twihs.o
 .debug_abbrev  0x000031ed      0x27b src/ASF/sam/drivers/uart/uart.o
 .debug_abbrev  0x00003468      0x3ca src/ASF/sam/drivers/usart/usart.o
 .debug_abbrev  0x00003832      0x2e4 src/ASF/sam/utils/cmsis/same70/source/templates/gcc/startup_same70.o
 .debug_abbrev  0x00003b16      0x102 src/ASF/sam/utils/cmsis/same70/source/templates/system_same70.o
 .debug_abbrev  0x00003c18      0x264 src/ASF/sam/utils/syscalls/gcc/syscalls.o
 .debug_abbrev  0x00003e7c      0x50a src/main.o

.debug_loc      0x00000000     0x9407
 .debug_loc     0x00000000      0x5a4 src/ASF/sam/drivers/tc/tc.o
 .debug_loc     0x000005a4      0xfd8 src/ASF/common/components/touch/mxt/mxt_device_1.o
 .debug_loc     0x0000157c      0x183 src/ASF/common/services/clock/same70/sysclk.o
 .debug_loc     0x000016ff      0x2a7 src/ASF/common/services/serial/usart_serial.o
 .debug_loc     0x000019a6      0xab0 src/ASF/common/services/spi/sam_spi/spi_master.o
 .debug_loc     0x00002456       0xb3 src/ASF/common/utils/stdio/read.o
 .debug_loc     0x00002509      0x12b src/ASF/common/utils/stdio/write.o
 .debug_loc     0x00002634      0x2d9 src/ASF/sam/boards/same70_xplained/init.o
 .debug_loc     0x0000290d     0x18a1 src/ASF/sam/components/display/ili9488/ili9488.o
 .debug_loc     0x000041ae      0xea4 src/ASF/sam/drivers/pio/pio.o
 .debug_loc     0x00005052      0x588 src/ASF/sam/drivers/pio/pio_handler.o
 .debug_loc     0x000055da      0xc33 src/ASF/sam/drivers/pmc/pmc.o
 .debug_loc     0x0000620d      0x610 src/ASF/sam/drivers/spi/spi.o
 .debug_loc     0x0000681d      0xc59 src/ASF/sam/drivers/twihs/twihs.o
 .debug_loc     0x00007476      0x2a3 src/ASF/sam/drivers/uart/uart.o
 .debug_loc     0x00007719      0xf35 src/ASF/sam/drivers/usart/usart.o
 .debug_loc     0x0000864e       0x77 src/ASF/sam/utils/cmsis/same70/source/templates/gcc/startup_same70.o
 .debug_loc     0x000086c5       0xfd src/ASF/sam/utils/syscalls/gcc/syscalls.o
 .debug_loc     0x000087c2      0xc45 src/main.o

.debug_aranges  0x00000000      0xec0
 .debug_aranges
                0x00000000       0xd0 src/ASF/sam/drivers/tc/tc.o
 .debug_aranges
                0x000000d0       0x90 src/ASF/common/components/touch/mxt/mxt_device_1.o
 .debug_aranges
                0x00000160       0x40 src/ASF/common/services/clock/same70/sysclk.o
 .debug_aranges
                0x000001a0       0x20 src/ASF/common/services/delay/sam/cycle_counter.o
 .debug_aranges
                0x000001c0       0x28 src/ASF/common/services/serial/usart_serial.o
 .debug_aranges
                0x000001e8       0x50 src/ASF/common/services/spi/sam_spi/spi_master.o
 .debug_aranges
                0x00000238       0x28 src/ASF/common/utils/interrupt/interrupt_sam_nvic.o
 .debug_aranges