Archive member included to satisfy reference by file (symbol)

c:/program files (x86)/atmel/studio/7.0/toolchain/arm/arm-gnu-toolchain/bin/../lib/gcc/arm-none-eabi/6.3.1/../../../../arm-none-eabi/lib/thumb/v7e-m\libc.a(lib_a-exit.o)
                              c:/program files (x86)/atmel/studio/7.0/toolchain/arm/arm-gnu-toolchain/bin/../lib/gcc/arm-none-eabi/6.3.1/../../../../arm-none-eabi/lib/thumb/v7e-m/crt0.o (exit)
c:/program files (x86)/atmel/studio/7.0/toolchain/arm/arm-gnu-toolchain/bin/../lib/gcc/arm-none-eabi/6.3.1/../../../../arm-none-eabi/lib/thumb/v7e-m\libc.a(lib_a-impure.o)
                              c:/program files (x86)/atmel/studio/7.0/toolchain/arm/arm-gnu-toolchain/bin/../lib/gcc/arm-none-eabi/6.3.1/../../../../arm-none-eabi/lib/thumb/v7e-m\libc.a(lib_a-exit.o) (_global_impure_ptr)
c:/program files (x86)/atmel/studio/7.0/toolchain/arm/arm-gnu-toolchain/bin/../lib/gcc/arm-none-eabi/6.3.1/../../../../arm-none-eabi/lib/thumb/v7e-m\libc.a(lib_a-init.o)
                              c:/program files (x86)/atmel/studio/7.0/toolchain/arm/arm-gnu-toolchain/bin/../lib/gcc/arm-none-eabi/6.3.1/../../../../arm-none-eabi/lib/thumb/v7e-m/crt0.o (__libc_init_array)
c:/program files (x86)/atmel/studio/7.0/toolchain/arm/arm-gnu-toolchain/bin/../lib/gcc/arm-none-eabi/6.3.1/../../../../arm-none-eabi/lib/thumb/v7e-m\libc.a(lib_a-malloc.o)
                              src/ASF/common/components/touch/mxt/mxt_device_1.o (malloc)
c:/program files (x86)/atmel/studio/7.0/toolchain/arm/arm-gnu-toolchain/bin/../lib/gcc/arm-none-eabi/6.3.1/../../../../arm-none-eabi/lib/thumb/v7e-m\libc.a(lib_a-mallocr.o)
                              c:/program files (x86)/atmel/studio/7.0/toolchain/arm/arm-gnu-toolchain/bin/../lib/gcc/arm-none-eabi/6.3.1/../../../../arm-none-eabi/lib/thumb/v7e-m\libc.a(lib_a-malloc.o) (_malloc_r)
c:/program files (x86)/atmel/studio/7.0/toolchain/arm/arm-gnu-toolchain/bin/../lib/gcc/arm-none-eabi/6.3.1/../../../../arm-none-eabi/lib/thumb/v7e-m\libc.a(lib_a-memset.o)
                              c:/program files (x86)/atmel/studio/7.0/toolchain/arm/arm-gnu-toolchain/bin/../lib/gcc/arm-none-eabi/6.3.1/../../../../arm-none-eabi/lib/thumb/v7e-m/crt0.o (memset)
c:/program files (x86)/atmel/studio/7.0/toolchain/arm/arm-gnu-toolchain/bin/../lib/gcc/arm-none-eabi/6.3.1/../../../../arm-none-eabi/lib/thumb/v7e-m\libc.a(lib_a-mlock.o)
                              c:/program files (x86)/atmel/studio/7.0/toolchain/arm/arm-gnu-toolchain/bin/../lib/gcc/arm-none-eabi/6.3.1/../../../../arm-none-eabi/lib/thumb/v7e-m\libc.a(lib_a-mallocr.o) (__malloc_lock)
c:/program files (x86)/atmel/studio/7.0/toolchain/arm/arm-gnu-toolchain/bin/../lib/gcc/arm-none-eabi/6.3.1/../../../../arm-none-eabi/lib/thumb/v7e-m\libc.a(lib_a-sbrkr.o)
                              c:/program files (x86)/atmel/studio/7.0/toolchain/arm/arm-gnu-toolchain/bin/../lib/gcc/arm-none-eabi/6.3.1/../../../../arm-none-eabi/lib/thumb/v7e-m\libc.a(lib_a-mallocr.o) (_sbrk_r)
c:/program files (x86)/atmel/studio/7.0/toolchain/arm/arm-gnu-toolchain/bin/../lib/gcc/arm-none-eabi/6.3.1/../../../../arm-none-eabi/lib/thumb/v7e-m\libc.a(lib_a-setbuf.o)
                              src/main.o (setbuf)
c:/program files (x86)/atmel/studio/7.0/toolchain/arm/arm-gnu-toolchain/bin/../lib/gcc/arm-none-eabi/6.3.1/../../../../arm-none-eabi/lib/thumb/v7e-m\libc.a(lib_a-setvbuf.o)
                              c:/program files (x86)/atmel/studio/7.0/toolchain/arm/arm-gnu-toolchain/bin/../lib/gcc/arm-none-eabi/6.3.1/../../../../arm-none-eabi/lib/thumb/v7e-m\libc.a(lib_a-setbuf.o) (setvbuf)
c:/program files (x86)/atmel/studio/7.0/toolchain/arm/arm-gnu-toolchain/bin/../lib/gcc/arm-none-eabi/6.3.1/../../../../arm-none-eabi/lib/thumb/v7e-m\libc.a(lib_a-sprintf.o)
                              src/main.o (sprintf)
c:/program files (x86)/atmel/studio/7.0/toolchain/arm/arm-gnu-toolchain/bin/../lib/gcc/arm-none-eabi/6.3.1/../../../../arm-none-eabi/lib/thumb/v7e-m\libc.a(lib_a-strcat.o)
                              src/main.o (strcat)
c:/program files (x86)/atmel/studio/7.0/toolchain/arm/arm-gnu-toolchain/bin/../lib/gcc/arm-none-eabi/6.3.1/../../../../arm-none-eabi/lib/thumb/v7e-m\libc.a(lib_a-strcpy.o)
                              c:/program files (x86)/atmel/studio/7.0/toolchain/arm/arm-gnu-toolchain/bin/../lib/gcc/arm-none-eabi/6.3.1/../../../../arm-none-eabi/lib/thumb/v7e-m\libc.a(lib_a-strcat.o) (strcpy)
c:/program files (x86)/atmel/studio/7.0/toolchain/arm/arm-gnu-toolchain/bin/../lib/gcc/arm-none-eabi/6.3.1/../../../../arm-none-eabi/lib/thumb/v7e-m\libc.a(lib_a-strlen.o)
                              src/main.o (strlen)
c:/program files (x86)/atmel/studio/7.0/toolchain/arm/arm-gnu-toolchain/bin/../lib/gcc/arm-none-eabi/6.3.1/../../../../arm-none-eabi/lib/thumb/v7e-m\libc.a(lib_a-svfprintf.o)
[...]
Memory Configuration

Name             Origin             Length             Attributes
rom              0x00400000         0x00200000         xr
ram              0x20400000         0x00060000         xrw
*default*        0x00000000         0xffffffff

Linker script and memory map

LOAD c:/program files (x86)/atmel/studio/7.0/toolchain/arm/arm-gnu-toolchain/bin/../lib/gcc/arm-none-eabi/6.3.1/thumb/v7e-m/crti.o
LOAD c:/program files (x86)/atmel/studio/7.0/toolchain/arm/arm-gnu-toolchain/bin/../lib/gcc/arm-none-eabi/6.3.1/thumb/v7e-m/crtbegin.o
LOAD c:/program files (x86)/atmel/studio/7.0/toolchain/arm/arm-gnu-toolchain/bin/../lib/gcc/arm-none-eabi/6.3.1/../../../../arm-none-eabi/lib/thumb/v7e-m/crt0.o
LOAD src/ASF/common/components/touch/mxt/mxt_device_1.o
LOAD src/ASF/common/services/clock/same70/sysclk.o
LOAD src/ASF/common/services/delay/sam/cycle_counter.o
LOAD src/ASF/common/services/serial/usart_serial.o
LOAD src/ASF/common/services/spi/sam_spi/spi_master.o
LOAD src/ASF/common/utils/interrupt/interrupt_sam_nvic.o
LOAD src/ASF/common/utils/stdio/read.o
LOAD src/ASF/common/utils/stdio/write.o
LOAD src/ASF/sam/boards/same70_xplained/init.o
LOAD src/ASF/sam/components/display/ili9488/ili9488.o
LOAD src/ASF/sam/drivers/mpu/mpu.o
LOAD src/ASF/sam/drivers/pio/pio.o
LOAD src/ASF/sam/drivers/pio/pio_handler.o
LOAD src/ASF/sam/drivers/pmc/pmc.o
LOAD src/ASF/sam/drivers/pmc/sleep.o
LOAD src/ASF/sam/drivers/spi/spi.o
LOAD src/ASF/sam/drivers/twihs/twihs.o
LOAD src/ASF/sam/drivers/uart/uart.o
LOAD src/ASF/sam/drivers/usart/usart.o
LOAD src/ASF/sam/utils/cmsis/same70/source/templates/gcc/startup_same70.o
LOAD src/ASF/sam/utils/cmsis/same70/source/templates/system_same70.o
LOAD src/ASF/sam/utils/syscalls/gcc/syscalls.o
LOAD src/main.o
START GROUP
LOAD ../src/ASF/thirdparty/CMSIS/Lib/GCC\libarm_cortexM7lfsp_math_softfp.a
LOAD c:/program files (x86)/atmel/studio/7.0/toolchain/arm/arm-gnu-toolchain/bin/../lib/gcc/arm-none-eabi/6.3.1/../../../../arm-none-eabi/lib/thumb/v7e-m\libm.a
END GROUP
START GROUP
LOAD c:/program files (x86)/atmel/studio/7.0/toolchain/arm/arm-gnu-toolchain/bin/../lib/gcc/arm-none-eabi/6.3.1/thumb/v7e-m\libgcc.a
LOAD c:/program files (x86)/atmel/studio/7.0/toolchain/arm/arm-gnu-toolchain/bin/../lib/gcc/arm-none-eabi/6.3.1/../../../../arm-none-eabi/lib/thumb/v7e-m\libc.a
END GROUP
LOAD c:/program files (x86)/atmel/studio/7.0/toolchain/arm/arm-gnu-toolchain/bin/../lib/gcc/arm-none-eabi/6.3.1/thumb/v7e-m/crtend.o
LOAD c:/program files (x86)/atmel/studio/7.0/toolchain/arm/arm-gnu-toolchain/bin/../lib/gcc/arm-none-eabi/6.3.1/thumb/v7e-m/crtn.o
                0x00002000                STACK_SIZE = DEFINED (STACK_SIZE)?STACK_SIZE:0x2000
                0x2045fffc                __ram_end__ = ((ORIGIN (ram) + LENGTH (ram)) - 0x4)
                0x00000200                HEAP_SIZE = DEFINED (HEAP_SIZE)?HEAP_SIZE:0x200

.text           0x00400000     0x3b84
                0x00400000                . = ALIGN (0x4)
                0x00400000                _sfixed = .
 *(.vectors .vectors.*)
 .vectors       0x00400000      0x168 src/ASF/sam/utils/cmsis/same70/source/templates/gcc/startup_same70.o
                0x00400000                exception_table
 *(.text .text.* .gnu.linkonce.t.*)
 .text          0x00400168       0x6c c:/program files (x86)/atmel/studio/7.0/toolchain/arm/arm-gnu-toolchain/bin/../lib/gcc/arm-none-eabi/6.3.1/thumb/v7e-m/crtbegin.o
 .text.mxt_init_device
                0x004001d4      0x298 src/ASF/common/components/touch/mxt/mxt_device_1.o
                0x004001d4                mxt_init_device
 .text.mxt_get_object_address
                0x0040046c       0x40 src/ASF/common/components/touch/mxt/mxt_device_1.o
                0x0040046c                mxt_get_object_address
 .text.mxt_write_config_object
                0x004004ac       0x78 src/ASF/common/components/touch/mxt/mxt_device_1.o
                0x004004ac                mxt_write_config_object
 .text.mxt_write_config_reg
                0x00400524       0x48 src/ASF/common/components/touch/mxt/mxt_device_1.o
                0x00400524                mxt_write_config_reg
 .text.sysclk_init
                0x0040056c       0x74 src/ASF/common/services/clock/same70/sysclk.o
                0x0040056c                sysclk_init
 .text.spi_master_init
                0x004005e0       0x54 src/ASF/common/services/spi/sam_spi/spi_master.o
                0x004005e0                spi_master_init
 .text.spi_master_setup_device
                0x00400634       0x80 src/ASF/common/services/spi/sam_spi/spi_master.o
                0x00400634                spi_master_setup_device
 .text.spi_select_device
                0x004006b4       0x30 src/ASF/common/services/spi/sam_spi/spi_master.o
                0x004006b4                spi_select_device
 .text.spi_write_packet
                0x004006e4       0x36 src/ASF/common/services/spi/sam_spi/spi_master.o
                0x004006e4                spi_write_packet
 .text.spi_read_packet
                0x0040071a       0x54 src/ASF/common/services/spi/sam_spi/spi_master.o
                0x0040071a                spi_read_packet
 *fill*         0x0040076e        0x2 
 .text._read    0x00400770       0x3c src/ASF/common/utils/stdio/read.o
                0x00400770                _read
 .text._write   0x004007ac       0x50 src/ASF/common/utils/stdio/write.o
                0x004007ac                _write
 .text.board_init
                0x004007fc      0x2bc src/ASF/sam/boards/same70_xplained/init.o
                0x004007fc                board_init
 .text.ili9488_check_box_coordinates
                0x00400ab8       0x56 src/ASF/sam/components/display/ili9488/ili9488.o
 *fill*         0x00400b0e        0x2 
 .text.ili9488_write_ram_prepare
                0x00400b10       0x3c src/ASF/sam/components/display/ili9488/ili9488.o
 .text.ili9488_write_register
                0x00400b4c       0x74 src/ASF/sam/components/display/ili9488/ili9488.o
 .text.ili9488_write_ram_buffer
                0x00400bc0       0x40 src/ASF/sam/components/display/ili9488/ili9488.o
 .text.ili9488_delay
                0x00400c00       0x1c src/ASF/sam/components/display/ili9488/ili9488.o
                0x00400c00                ili9488_delay
 .text.ili9488_set_display_direction
                0x00400c1c       0x2c src/ASF/sam/components/display/ili9488/ili9488.o
                0x00400c1c                ili9488_set_display_direction
 .text.ili9488_set_window
                0x00400c48       0x80 src/ASF/sam/components/display/ili9488/ili9488.o
                0x00400c48                ili9488_set_window
 .text.ili9488_display_on
                0x00400cc8       0x14 src/ASF/sam/components/display/ili9488/ili9488.o
                0x00400cc8                ili9488_display_on
 .text.ili9488_set_foreground_color
                0x00400cdc       0x28 src/ASF/sam/components/display/ili9488/ili9488.o
                0x00400cdc                ili9488_set_foreground_color
 .text.ili9488_set_cursor_position
                0x00400d04       0x64 src/ASF/sam/components/display/ili9488/ili9488.o
                0x00400d04                ili9488_set_cursor_position
 .text.ili9488_init
                0x00400d68      0x1c4 src/ASF/sam/components/display/ili9488/ili9488.o
                0x00400d68                ili9488_init
 .text.ili9488_draw_filled_rectangle
                0x00400f2c       0xbc src/ASF/sam/components/display/ili9488/ili9488.o
                0x00400f2c                ili9488_draw_filled_rectangle
 .text.ili9488_draw_pixmap
                0x00400fe8       0x78 src/ASF/sam/components/display/ili9488/ili9488.o
                0x00400fe8                ili9488_draw_pixmap
 .text.pio_set  0x00401060        0x4 src/ASF/sam/drivers/pio/pio.o
                0x00401060                pio_set
 .text.pio_set_peripheral
                0x00401064       0x92 src/ASF/sam/drivers/pio/pio.o
                0x00401064                pio_set_peripheral
 .text.pio_set_input
                0x004010f6       0x36 src/ASF/sam/drivers/pio/pio.o
                0x004010f6                pio_set_input
 .text.pio_set_output
                0x0040112c       0x28 src/ASF/sam/drivers/pio/pio.o
                0x0040112c                pio_set_output
 .text.pio_configure
                0x00401154       0x90 src/ASF/sam/drivers/pio/pio.o
                0x00401154                pio_configure
 .text.pio_get_interrupt_status
                0x004011e4        0x4 src/ASF/sam/drivers/pio/pio.o
                0x004011e4                pio_get_interrupt_status
 .text.pio_get_interrupt_mask
                0x004011e8        0x4 src/ASF/sam/drivers/pio/pio.o
                0x004011e8                pio_get_interrupt_mask
 .text.pio_set_pin_high
                0x004011ec       0x1c src/ASF/sam/drivers/pio/pio.o
                0x004011ec                pio_set_pin_high
 .text.pio_set_pin_low
                0x00401208       0x1c src/ASF/sam/drivers/pio/pio.o
                0x00401208                pio_set_pin_low
 .text.pio_configure_pin
                0x00401224      0x130 src/ASF/sam/drivers/pio/pio.o
                0x00401224                pio_configure_pin
 .text.pio_handler_process
                0x00401354       0x50 src/ASF/sam/drivers/pio/pio_handler.o
                0x00401354                pio_handler_process
 .text.PIOA_Handler
                0x004013a4       0x14 src/ASF/sam/drivers/pio/pio_handler.o
                0x004013a4                PIOA_Handler
 .text.PIOB_Handler
                0x004013b8       0x14 src/ASF/sam/drivers/pio/pio_handler.o
                0x004013b8                PIOB_Handler
 .text.PIOC_Handler
                0x004013cc       0x14 src/ASF/sam/drivers/pio/pio_handler.o
                0x004013cc                PIOC_Handler
 .text.PIOD_Handler
                0x004013e0       0x14 src/ASF/sam/drivers/pio/pio_handler.o
                0x004013e0                PIOD_Handler
 .text.PIOE_Handler
                0x004013f4       0x14 src/ASF/sam/drivers/pio/pio_handler.o
                0x004013f4                PIOE_Handler
 .text.pmc_mck_set_division
                0x00401408       0x38 src/ASF/sam/drivers/pmc/pmc.o
                0x00401408                pmc_mck_set_division
 .text.pmc_switch_mck_to_pllack
                0x00401440       0x64 src/ASF/sam/drivers/pmc/pmc.o
                0x00401440                pmc_switch_mck_to_pllack
 .text.pmc_switch_mainck_to_xtal
                0x004014a4       0x54 src/ASF/sam/drivers/pmc/pmc.o
                0x004014a4                pmc_switch_mainck_to_xtal
 .text.pmc_osc_is_ready_mainck
                0x004014f8       0x10 src/ASF/sam/drivers/pmc/pmc.o
                0x004014f8                pmc_osc_is_ready_mainck
 .text.pmc_disable_pllack
                0x00401508       0x10 src/ASF/sam/drivers/pmc/pmc.o
                0x00401508                pmc_disable_pllack
 .text.pmc_is_locked_pllack
                0x00401518       0x10 src/ASF/sam/drivers/pmc/pmc.o
                0x00401518                pmc_is_locked_pllack
 .text.pmc_enable_periph_clk
                0x00401528       0x20 src/ASF/sam/drivers/pmc/pmc.o
                0x00401528                pmc_enable_periph_clk
 .text.spi_enable_clock
                0x00401548       0x2c src/ASF/sam/drivers/spi/spi.o
                0x00401548                spi_enable_clock
 .text.spi_set_peripheral_chip_select_value
                0x00401574       0x16 src/ASF/sam/drivers/spi/spi.o
                0x00401574                spi_set_peripheral_chip_select_value
 .text.spi_set_delay_between_chip_select
                0x0040158a       0x12 src/ASF/sam/drivers/spi/spi.o
                0x0040158a                spi_set_delay_between_chip_select
 .text.spi_write
                0x0040159c       0x34 src/ASF/sam/drivers/spi/spi.o
                0x0040159c                spi_write
 .text.spi_set_clock_polarity
                0x004015d0       0x1e src/ASF/sam/drivers/spi/spi.o
                0x004015d0                spi_set_clock_polarity
 .text.spi_set_clock_phase
                0x004015ee       0x1e src/ASF/sam/drivers/spi/spi.o
                0x004015ee                spi_set_clock_phase
 .text.spi_configure_cs_behavior
                0x0040160c       0x46 src/ASF/sam/drivers/spi/spi.o
                0x0040160c                spi_configure_cs_behavior
 .text.spi_set_bits_per_transfer
                0x00401652       0x14 src/ASF/sam/drivers/spi/spi.o
                0x00401652                spi_set_bits_per_transfer
 .text.spi_calc_baudrate_div
                0x00401666       0x16 src/ASF/sam/drivers/spi/spi.o
                0x00401666                spi_calc_baudrate_div
 .text.spi_set_baudrate_div
                0x0040167c       0x28 src/ASF/sam/drivers/spi/spi.o
                0x0040167c                spi_set_baudrate_div
 .text.spi_set_transfer_delay
                0x004016a4       0x1e src/ASF/sam/drivers/spi/spi.o
                0x004016a4                spi_set_transfer_delay
 *fill*         0x004016c2        0x2 
 .text.twihs_set_speed
                0x004016c4       0xb0 src/ASF/sam/drivers/twihs/twihs.o
                0x004016c4                twihs_set_speed
 .text.twihs_master_init
                0x00401774       0x34 src/ASF/sam/drivers/twihs/twihs.o
                0x00401774                twihs_master_init
 .text.twihs_master_read
                0x004017a8       0xac src/ASF/sam/drivers/twihs/twihs.o
                0x004017a8                twihs_master_read
 .text.twihs_master_write
                0x00401854       0xa0 src/ASF/sam/drivers/twihs/twihs.o
                0x00401854                twihs_master_write
 .text.uart_write
                0x004018f4       0x12 src/ASF/sam/drivers/uart/uart.o
                0x004018f4                uart_write
 .text.uart_read
                0x00401906       0x14 src/ASF/sam/drivers/uart/uart.o
                0x00401906                uart_read
 .text.usart_set_async_baudrate
                0x0040191a       0x5a src/ASF/sam/drivers/usart/usart.o
                0x0040191a                usart_set_async_baudrate
 .text.usart_reset
                0x00401974       0x28 src/ASF/sam/drivers/usart/usart.o
                0x00401974                usart_reset
 .text.usart_init_rs232
                0x0040199c       0x54 src/ASF/sam/drivers/usart/usart.o
                0x0040199c                usart_init_rs232
 .text.usart_enable_tx
                0x004019f0        0x6 src/ASF/sam/drivers/usart/usart.o
                0x004019f0                usart_enable_tx
 .text.usart_enable_rx
                0x004019f6        0x6 src/ASF/sam/drivers/usart/usart.o
                0x004019f6                usart_enable_rx
 .text.usart_write
                0x004019fc       0x16 src/ASF/sam/drivers/usart/usart.o
                0x004019fc                usart_write
 .text.usart_read
                0x00401a12       0x18 src/ASF/sam/drivers/usart/usart.o
                0x00401a12                usart_read
 .text.Dummy_Handler
                0x00401a2a        0x2 src/ASF/sam/utils/cmsis/same70/source/templates/gcc/startup_same70.o
                0x00401a2a                DACC_Handler
                0x00401a2a                DebugMon_Handler
                0x00401a2a                UART3_Handler
                0x00401a2a                UART2_Handler
                0x00401a2a                TRNG_Handler
                0x00401a2a                HardFault_Handler
                0x00401a2a                TC2_Handler
                0x00401a2a                SysTick_Handler
                0x00401a2a                AFEC1_Handler
                0x00401a2a                PendSV_Handler
                0x00401a2a                NMI_Handler
                0x00401a2a                TC7_Handler
                0x00401a2a                QSPI_Handler
                0x00401a2a                ISI_Handler
                0x00401a2a                MCAN0_INT0_Handler
                0x00401a2a                TC9_Handler
                0x00401a2a                RSWDT_Handler
                0x00401a2a                USART0_Handler
                0x00401a2a                RTT_Handler
                0x00401a2a                USBHS_Handler
                0x00401a2a                IXC_Handler
                0x00401a2a                CCF_Handler
                0x00401a2a                RTC_Handler
                0x00401a2a                UsageFault_Handler
                0x00401a2a                TC6_Handler
                0x00401a2a                WDT_Handler
                0x00401a2a                MCAN1_INT1_Handler
                0x00401a2a                TC4_Handler
                0x00401a2a                TC1_Handler
                0x00401a2a                HSMCI_Handler
                0x00401a2a                UART1_Handler
                0x00401a2a                TC3_Handler
                0x00401a2a                Dummy_Handler
                0x00401a2a                TWIHS1_Handler
                0x00401a2a                XDMAC_Handler
                0x00401a2a                UART4_Handler
                0x00401a2a                PWM1_Handler
                0x00401a2a                USART1_Handler
                0x00401a2a                PWM0_Handler
                0x00401a2a                AFEC0_Handler
                0x00401a2a                CCW_Handler
                0x00401a2a                SSC_Handler
                0x00401a2a                TC11_Handler
                0x00401a2a                ACC_Handler
                0x00401a2a                PMC_Handler
                0x00401a2a                GMAC_Handler
                0x00401a2a                MCAN0_INT1_Handler
                0x00401a2a                GMAC_Q5_Handler
                0x00401a2a                MemManage_Handler
                0x00401a2a                SUPC_Handler
                0x00401a2a                SVC_Handler
                0x00401a2a                TC8_Handler
                0x00401a2a                MCAN1_INT0_Handler
                0x00401a2a                EFC_Handler
                0x00401a2a                GMAC_Q1_Handler
                0x00401a2a                USART2_Handler
                0x00401a2a                SDRAMC_Handler
                0x00401a2a                GMAC_Q2_Handler
                0x00401a2a                SPI1_Handler
                0x00401a2a                TC10_Handler
                0x00401a2a                GMAC_Q3_Handler
                0x00401a2a                TWIHS2_Handler
                0x00401a2a                I2SC0_Handler
                0x00401a2a                UART0_Handler
                0x00401a2a                I2SC1_Handler
                0x00401a2a                GMAC_Q4_Handler
                0x00401a2a                FPU_Handler
                0x00401a2a                BusFault_Handler
                0x00401a2a                RSTC_Handler
                0x00401a2a                TC0_Handler
                0x00401a2a                TC5_Handler
                0x00401a2a                ICM_Handler
                0x00401a2a                AES_Handler
                0x00401a2a                TWIHS0_Handler
                0x00401a2a                SPI0_Handler
 .text.Reset_Handler
                0x00401a2c       0xc8 src/ASF/sam/utils/cmsis/same70/source/templates/gcc/startup_same70.o
                0x00401a2c                Reset_Handler
 .text.SystemCoreClockUpdate
                0x00401af4      0x10c src/ASF/sam/utils/cmsis/same70/source/templates/system_same70.o
                0x00401af4                SystemCoreClockUpdate
 .text.system_init_flash
                0x00401c00       0x8c src/ASF/sam/utils/cmsis/same70/source/templates/system_same70.o
                0x00401c00                system_init_flash
 .text._sbrk    0x00401c8c       0x38 src/ASF/sam/utils/syscalls/gcc/syscalls.o
                0x00401c8c                _sbrk
 .text._close   0x00401cc4        0x6 src/ASF/sam/utils/syscalls/gcc/syscalls.o
                0x00401cc4                _close
 .text._fstat   0x00401cca        0xa src/ASF/sam/utils/syscalls/gcc/syscalls.o
                0x00401cca                _fstat
 .text._lseek   0x00401cd4        0x4 src/ASF/sam/utils/syscalls/gcc/syscalls.o
                0x00401cd4                _lseek
 .text.usart_serial_getchar
                0x00401cd8       0xdc src/main.o
 .text.usart_serial_putchar
                0x00401db4       0xd4 src/main.o
 .text.draw_screen
                0x00401e88       0x28 src/main.o
                0x00401e88                draw_screen
 .text.main     0x00401eb0      0x230 src/main.o
                0x00401eb0                main
 .text.__libc_init_array
                0x004020e0       0x50 c:/program files (x86)/atmel/studio/7.0/toolchain/arm/arm-gnu-toolchain/bin/../lib/gcc/arm-none-eabi/6.3.1/../../../../arm-none-eabi/lib/thumb/v7e-m\libc.a(lib_a-init.o)
                0x004020e0                __libc_init_array
 .text.malloc   0x00402130       0x10 c:/program files (x86)/atmel/studio/7.0/toolchain/arm/arm-gnu-toolchain/bin/../lib/gcc/arm-none-eabi/6.3.1/../../../../arm-none-eabi/lib/thumb/v7e-m\libc.a(lib_a-malloc.o)
                0x00402130                malloc
 .text._malloc_r
                0x00402140      0x560 c:/program files (x86)/atmel/studio/7.0/toolchain/arm/arm-gnu-toolchain/bin/../lib/gcc/arm-none-eabi/6.3.1/../../../../arm-none-eabi/lib/thumb/v7e-m\libc.a(lib_a-mallocr.o)
                0x00402140                _malloc_r
 .text.memset   0x004026a0       0x9c c:/program files (x86)/atmel/studio/7.0/toolchain/arm/arm-gnu-toolchain/bin/../lib/gcc/arm-none-eabi/6.3.1/../../../../arm-none-eabi/lib/thumb/v7e-m\libc.a(lib_a-memset.o)
                0x004026a0                memset
 .text.__malloc_lock
                0x0040273c        0xc c:/program files (x86)/atmel/studio/7.0/toolchain/arm/arm-gnu-toolchain/bin/../lib/gcc/arm-none-eabi/6.3.1/../../../../arm-none-eabi/lib/thumb/v7e-m\libc.a(lib_a-mlock.o)
                0x0040273c                __malloc_lock
 .text.__malloc_unlock
                0x00402748        0xc c:/program files (x86)/atmel/studio/7.0/toolchain/arm/arm-gnu-toolchain/bin/../lib/gcc/arm-none-eabi/6.3.1/../../../../arm-none-eabi/lib/thumb/v7e-m\libc.a(lib_a-mlock.o)
                0x00402748                __malloc_unlock
 .text._sbrk_r  0x00402754       0x24 c:/program files (x86)/atmel/studio/7.0/toolchain/arm/arm-gnu-toolchain/bin/../lib/gcc/arm-none-eabi/6.3.1/../../../../arm-none-eabi/lib/thumb/v7e-m\libc.a(lib_a-sbrkr.o)
                0x00402754                _sbrk_r
 .text.setbuf   0x00402778       0x10 c:/program files (x86)/atmel/studio/7.0/toolchain/arm/arm-gnu-toolchain/bin/../lib/gcc/arm-none-eabi/6.3.1/../../../../arm-none-eabi/lib/thumb/v7e-m\libc.a(lib_a-setbuf.o)
                0x00402778                setbuf
 .text.setvbuf  0x00402788      0x190 c:/program files (x86)/atmel/studio/7.0/toolchain/arm/arm-gnu-toolchain/bin/../lib/gcc/arm-none-eabi/6.3.1/../../../../arm-none-eabi/lib/thumb/v7e-m\libc.a(lib_a-setvbuf.o)
                0x00402788                setvbuf
 .text.startup.register_fini
                0x00402918       0x14 c:/program files (x86)/atmel/studio/7.0/toolchain/arm/arm-gnu-toolchain/bin/../lib/gcc/arm-none-eabi/6.3.1/../../../../arm-none-eabi/lib/thumb/v7e-m\libc.a(lib_a-__call_atexit.o)
 .text.atexit   0x0040292c        0xc c:/program files (x86)/atmel/studio/7.0/toolchain/arm/arm-gnu-toolchain/bin/../lib/gcc/arm-none-eabi/6.3.1/../../../../arm-none-eabi/lib/thumb/v7e-m\libc.a(lib_a-atexit.o)
                0x0040292c                atexit
 .text.__sflush_r
                0x00402938      0x140 c:/program files (x86)/atmel/studio/7.0/toolchain/arm/arm-gnu-toolchain/bin/../lib/gcc/arm-none-eabi/6.3.1/../../../../arm-none-eabi/lib/thumb/v7e-m\libc.a(lib_a-fflush.o)
                0x00402938                __sflush_r
 .text._fflush_r
                0x00402a78       0x54 c:/program files (x86)/atmel/studio/7.0/toolchain/arm/arm-gnu-toolchain/bin/../lib/gcc/arm-none-eabi/6.3.1/../../../../arm-none-eabi/lib/thumb/v7e-m\libc.a(lib_a-fflush.o)
                0x00402a78                _fflush_r
 .text._cleanup_r
                0x00402acc        0xc c:/program files (x86)/atmel/studio/7.0/toolchain/arm/arm-gnu-toolchain/bin/../lib/gcc/arm-none-eabi/6.3.1/../../../../arm-none-eabi/lib/thumb/v7e-m\libc.a(lib_a-findfp.o)
                0x00402acc                _cleanup_r
 .text.std.isra.0
                0x00402ad8       0x50 c:/program files (x86)/atmel/studio/7.0/toolchain/arm/arm-gnu-toolchain/bin/../lib/gcc/arm-none-eabi/6.3.1/../../../../arm-none-eabi/lib/thumb/v7e-m\libc.a(lib_a-findfp.o)
 .text.__sinit  0x00402b28       0x58 c:/program files (x86)/atmel/studio/7.0/toolchain/arm/arm-gnu-toolchain/bin/../lib/gcc/arm-none-eabi/6.3.1/../../../../arm-none-eabi/lib/thumb/v7e-m\libc.a(lib_a-findfp.o)
                0x00402b28                __sinit
 .text.__sfp_lock_acquire
                0x00402b80        0xc c:/program files (x86)/atmel/studio/7.0/toolchain/arm/arm-gnu-toolchain/bin/../lib/gcc/arm-none-eabi/6.3.1/../../../../arm-none-eabi/lib/thumb/v7e-m\libc.a(lib_a-findfp.o)
                0x00402b80                __sfp_lock_acquire
 .text.__sfp_lock_release
                0x00402b8c        0xc c:/program files (x86)/atmel/studio/7.0/toolchain/arm/arm-gnu-toolchain/bin/../lib/gcc/arm-none-eabi/6.3.1/../../../../arm-none-eabi/lib/thumb/v7e-m\libc.a(lib_a-findfp.o)
                0x00402b8c                __sfp_lock_release
 .text.__libc_fini_array
                0x00402b98       0x34 c:/program files (x86)/atmel/studio/7.0/toolchain/arm/arm-gnu-toolchain/bin/../lib/gcc/arm-none-eabi/6.3.1/../../../../arm-none-eabi/lib/thumb/v7e-m\libc.a(lib_a-fini.o)
                0x00402b98                __libc_fini_array
 .text._malloc_trim_r
                0x00402bcc       0xa0 c:/program files (x86)/atmel/studio/7.0/toolchain/arm/arm-gnu-toolchain/bin/../lib/gcc/arm-none-eabi/6.3.1/../../../../arm-none-eabi/lib/thumb/v7e-m\libc.a(lib_a-freer.o)
                0x00402bcc                _malloc_trim_r
 .text._free_r  0x00402c6c      0x1cc c:/program files (x86)/atmel/studio/7.0/toolchain/arm/arm-gnu-toolchain/bin/../lib/gcc/arm-none-eabi/6.3.1/../../../../arm-none-eabi/lib/thumb/v7e-m\libc.a(lib_a-freer.o)
                0x00402c6c                _free_r
 .text._fwalk_reent
                0x00402e38       0x54 c:/program files (x86)/atmel/studio/7.0/toolchain/arm/arm-gnu-toolchain/bin/../lib/gcc/arm-none-eabi/6.3.1/../../../../arm-none-eabi/lib/thumb/v7e-m\libc.a(lib_a-fwalk.o)
                0x00402e38                _fwalk_reent
 .text.__retarget_lock_init_recursive
                0x00402e8c        0x4 c:/program files (x86)/atmel/studio/7.0/toolchain/arm/arm-gnu-toolchain/bin/../lib/gcc/arm-none-eabi/6.3.1/../../../../arm-none-eabi/lib/thumb/v7e-m\libc.a(lib_a-lock.o)
                0x00402e8c                __retarget_lock_init_recursive
 .text.__retarget_lock_close_recursive
                0x00402e90        0x4 c:/program files (x86)/atmel/studio/7.0/toolchain/arm/arm-gnu-toolchain/bin/../lib/gcc/arm-none-eabi/6.3.1/../../../../arm-none-eabi/lib/thumb/v7e-m\libc.a(lib_a-lock.o)
                0x00402e90                __retarget_lock_close_recursive
 .text.__retarget_lock_acquire_recursive
                0x00402e94        0x4 c:/program files (x86)/atmel/studio/7.0/toolchain/arm/arm-gnu-toolchain/bin/../lib/gcc/arm-none-eabi/6.3.1/../../../../arm-none-eabi/lib/thumb/v7e-m\libc.a(lib_a-lock.o)
                0x00402e94                __retarget_lock_acquire_recursive
 .text.__retarget_lock_release_recursive
                0x00402e98        0x4 c:/program files (x86)/atmel/studio/7.0/toolchain/arm/arm-gnu-toolchain/bin/../lib/gcc/arm-none-eabi/6.3.1/../../../../arm-none-eabi/lib/thumb/v7e-m\libc.a(lib_a-lock.o)
                0x00402e98                __retarget_lock_release_recursive
 .text.__swhatbuf_r
                0x00402e9c       0x5c c:/program files (x86)/atmel/studio/7.0/toolchain/arm/arm-gnu-toolchain/bin/../lib/gcc/arm-none-eabi/6.3.1/../../../../arm-none-eabi/lib/thumb/v7e-m\libc.a(lib_a-makebuf.o)
                0x00402e9c                __swhatbuf_r
 .text.__sread  0x00402ef8       0x24 c:/program files (x86)/atmel/studio/7.0/toolchain/arm/arm-gnu-toolchain/bin/../lib/gcc/arm-none-eabi/6.3.1/../../../../arm-none-eabi/lib/thumb/v7e-m\libc.a(lib_a-stdio.o)
                0x00402ef8                __sread
 .text.__swrite
                0x00402f1c       0x3c c:/program files (x86)/atmel/studio/7.0/toolchain/arm/arm-gnu-toolchain/bin/../lib/gcc/arm-none-eabi/6.3.1/../../../../arm-none-eabi/lib/thumb/v7e-m\libc.a(lib_a-stdio.o)
                0x00402f1c                __swrite
 .text.__sseek  0x00402f58       0x20 c:/program files (x86)/atmel/studio/7.0/toolchain/arm/arm-gnu-toolchain/bin/../lib/gcc/arm-none-eabi/6.3.1/../../../../arm-none-eabi/lib/thumb/v7e-m\libc.a(lib_a-stdio.o)
                0x00402f58                __sseek
 .text.__sclose
                0x00402f78        0x8 c:/program files (x86)/atmel/studio/7.0/toolchain/arm/arm-gnu-toolchain/bin/../lib/gcc/arm-none-eabi/6.3.1/../../../../arm-none-eabi/lib/thumb/v7e-m\libc.a(lib_a-stdio.o)
                0x00402f78                __sclose
 .text._write_r
                0x00402f80       0x2c c:/program files (x86)/atmel/studio/7.0/toolchain/arm/arm-gnu-toolchain/bin/../lib/gcc/arm-none-eabi/6.3.1/../../../../arm-none-eabi/lib/thumb/v7e-m\libc.a(lib_a-writer.o)
                0x00402f80                _write_r
 .text.__register_exitproc
                0x00402fac       0xc4 c:/program files (x86)/atmel/studio/7.0/toolchain/arm/arm-gnu-toolchain/bin/../lib/gcc/arm-none-eabi/6.3.1/../../../../arm-none-eabi/lib/thumb/v7e-m\libc.a(lib_a-__atexit.o)
                0x00402fac                __register_exitproc
 .text._close_r
                0x00403070       0x24 c:/program files (x86)/atmel/studio/7.0/toolchain/arm/arm-gnu-toolchain/bin/../lib/gcc/arm-none-eabi/6.3.1/../../../../arm-none-eabi/lib/thumb/v7e-m\libc.a(lib_a-closer.o)
                0x00403070                _close_r
 .text._fclose_r
                0x00403094       0xc4 c:/program files (x86)/atmel/studio/7.0/toolchain/arm/arm-gnu-toolchain/bin/../lib/gcc/arm-none-eabi/6.3.1/../../../../arm-none-eabi/lib/thumb/v7e-m\libc.a(lib_a-fclose.o)
                0x00403094                _fclose_r
 .text._fstat_r
                0x00403158       0x28 c:/program files (x86)/atmel/studio/7.0/toolchain/arm/arm-gnu-toolchain/bin/../lib/gcc/arm-none-eabi/6.3.1/../../../../arm-none-eabi/lib/thumb/v7e-m\libc.a(lib_a-fstatr.o)
                0x00403158                _fstat_r
 .text._lseek_r
                0x00403180       0x2c c:/program files (x86)/atmel/studio/7.0/toolchain/arm/arm-gnu-toolchain/bin/../lib/gcc/arm-none-eabi/6.3.1/../../../../arm-none-eabi/lib/thumb/v7e-m\libc.a(lib_a-lseekr.o)
                0x00403180                _lseek_r
 .text._read_r  0x004031ac       0x2c c:/program files (x86)/atmel/studio/7.0/toolchain/arm/arm-gnu-toolchain/bin/../lib/gcc/arm-none-eabi/6.3.1/../../../../arm-none-eabi/lib/thumb/v7e-m\libc.a(lib_a-readr.o)
                0x004031ac                _read_r
 *(.glue_7t)
 .glue_7t       0x004031d8        0x0 linker stubs
 *(.glue_7)
 .glue_7        0x004031d8        0x0 linker stubs
 *(.rodata .rodata* .gnu.linkonce.r.*)
 .rodata        0x004031d8       0x5d src/main.o
 *fill*         0x00403235        0x3 
 .rodata.image_data_motor2
                0x00403238      0x924 src/main.o
 .rodata._global_impure_ptr
                0x00403b5c        0x4 c:/program files (x86)/atmel/studio/7.0/toolchain/arm/arm-gnu-toolchain/bin/../lib/gcc/arm-none-eabi/6.3.1/../../../../arm-none-eabi/lib/thumb/v7e-m\libc.a(lib_a-impure.o)
                0x00403b5c                _global_impure_ptr
 *(.ARM.extab* .gnu.linkonce.armextab.*)
                0x00403b60                . = ALIGN (0x4)
 *(.init)
 .init          0x00403b60        0x4 c:/program files (x86)/atmel/studio/7.0/toolchain/arm/arm-gnu-toolchain/bin/../lib/gcc/arm-none-eabi/6.3.1/thumb/v7e-m/crti.o
                0x00403b60                _init
 .init          0x00403b64        0x8 c:/program files (x86)/atmel/studio/7.0/toolchain/arm/arm-gnu-toolchain/bin/../lib/gcc/arm-none-eabi/6.3.1/thumb/v7e-m/crtn.o
                0x00403b6c                . = ALIGN (0x4)
                0x00403b6c                __preinit_array_start = .
 *(.preinit_array)
                0x00403b6c                __preinit_array_end = .
                0x00403b6c                . = ALIGN (0x4)
                0x00403b6c                __init_array_start = .
 *(SORT(.init_array.*))
 .init_array.00000
                0x00403b6c        0x4 c:/program files (x86)/atmel/studio/7.0/toolchain/arm/arm-gnu-toolchain/bin/../lib/gcc/arm-none-eabi/6.3.1/../../../../arm-none-eabi/lib/thumb/v7e-m\libc.a(lib_a-__call_atexit.o)
 *(.init_array)
 .init_array    0x00403b70        0x4 c:/program files (x86)/atmel/studio/7.0/toolchain/arm/arm-gnu-toolchain/bin/../lib/gcc/arm-none-eabi/6.3.1/thumb/v7e-m/crtbegin.o
                0x00403b74                __init_array_end = .
                0x00403b74                . = ALIGN (0x4)
 *crtbegin.o(.ctors)
 *(EXCLUDE_FILE(*crtend.o) .ctors)
 *(SORT(.ctors.*))
 *crtend.o(.ctors)
                0x00403b74                . = ALIGN (0x4)
 *(.fini)
 .fini          0x00403b74        0x4 c:/program files (x86)/atmel/studio/7.0/toolchain/arm/arm-gnu-toolchain/bin/../lib/gcc/arm-none-eabi/6.3.1/thumb/v7e-m/crti.o
                0x00403b74                _fini
 .fini          0x00403b78        0x8 c:/program files (x86)/atmel/studio/7.0/toolchain/arm/arm-gnu-toolchain/bin/../lib/gcc/arm-none-eabi/6.3.1/thumb/v7e-m/crtn.o
                0x00403b80                . = ALIGN (0x4)
                0x00403b80                __fini_array_start = .
 *(.fini_array)
 .fini_array    0x00403b80        0x4 c:/program files (x86)/atmel/studio/7.0/toolchain/arm/arm-gnu-toolchain/bin/../lib/gcc/arm-none-eabi/6.3.1/thumb/v7e-m/crtbegin.o
 *(SORT(.fini_array.*))
                0x00403b84                __fini_array_end = .
 *crtbegin.o(.dtors)
 *(EXCLUDE_FILE(*crtend.o) .dtors)
 *(SORT(.dtors.*))
 *crtend.o(.dtors)
                0x00403b84                . = ALIGN (0x4)
                0x00403b84                _efixed = .
                [!provide]                PROVIDE (__exidx_start, .)

.vfp11_veneer   0x00403b84        0x0
 .vfp11_veneer  0x00403b84        0x0 linker stubs

.v4_bx          0x00403b84        0x0
 .v4_bx         0x00403b84        0x0 linker stubs

.iplt           0x00403b84        0x0
 .iplt          0x00403b84        0x0 c:/program files (x86)/atmel/studio/7.0/toolchain/arm/arm-gnu-toolchain/bin/../lib/gcc/arm-none-eabi/6.3.1/thumb/v7e-m/crtbegin.o

.eh_frame       0x00403b84        0x0
 .eh_frame      0x00403b84        0x0 c:/program files (x86)/atmel/studio/7.0/toolchain/arm/arm-gnu-toolchain/bin/../lib/gcc/arm-none-eabi/6.3.1/thumb/v7e-m/crtbegin.o

.rel.dyn        0x00403b84        0x0
 .rel.iplt      0x00403b84        0x0 c:/program files (x86)/atmel/studio/7.0/toolchain/arm/arm-gnu-toolchain/bin/../lib/gcc/arm-none-eabi/6.3.1/thumb/v7e-m/crtbegin.o

.jcr            0x00403b84        0x0
 .jcr           0x00403b84        0x0 c:/program files (x86)/atmel/studio/7.0/toolchain/arm/arm-gnu-toolchain/bin/../lib/gcc/arm-none-eabi/6.3.1/thumb/v7e-m/crtbegin.o

.igot.plt       0x00403b84        0x0
 .igot.plt      0x00403b84        0x0 c:/program files (x86)/atmel/studio/7.0/toolchain/arm/arm-gnu-toolchain/bin/../lib/gcc/arm-none-eabi/6.3.1/thumb/v7e-m/crtbegin.o

.ARM.exidx
 *(.ARM.exidx* .gnu.linkonce.armexidx.*)
                [!provide]                PROVIDE (__exidx_end, .)
                0x00403b84                . = ALIGN (0x4)
                0x00403b84                _etext = .

.relocate       0x20400000      0x854 load address 0x00403b84
                0x20400000                . = ALIGN (0x4)
                0x20400000                _srelocate = .
 *(.ramfunc .ramfunc.*)
 .ramfunc       0x20400000        0xa src/ASF/common/services/delay/sam/cycle_counter.o
                0x20400000                portable_delay_cycles
 *(.data .data.*)
 .data.g_interrupt_enabled
                0x2040000a        0x1 src/ASF/common/utils/interrupt/interrupt_sam_nvic.o
                0x2040000a                g_interrupt_enabled
 *fill*         0x2040000b        0x1 
 .data.SystemCoreClock
                0x2040000c        0x4 src/ASF/sam/utils/cmsis/same70/source/templates/system_same70.o
                0x2040000c                SystemCoreClock
 .data._impure_ptr
                0x20400010        0x4 c:/program files (x86)/atmel/studio/7.0/toolchain/arm/arm-gnu-toolchain/bin/../lib/gcc/arm-none-eabi/6.3.1/../../../../arm-none-eabi/lib/thumb/v7e-m\libc.a(lib_a-impure.o)
                0x20400010                _impure_ptr
 *fill*         0x20400014        0x4 
 .data.impure_data
                0x20400018      0x428 c:/program files (x86)/atmel/studio/7.0/toolchain/arm/arm-gnu-toolchain/bin/../lib/gcc/arm-none-eabi/6.3.1/../../../../arm-none-eabi/lib/thumb/v7e-m\libc.a(lib_a-impure.o)
 .data.__malloc_av_
                0x20400440      0x408 c:/program files (x86)/atmel/studio/7.0/toolchain/arm/arm-gnu-toolchain/bin/../lib/gcc/arm-none-eabi/6.3.1/../../../../arm-none-eabi/lib/thumb/v7e-m\libc.a(lib_a-mallocr.o)
                0x20400440                __malloc_av_
 .data.__malloc_sbrk_base
                0x20400848        0x4 c:/program files (x86)/atmel/studio/7.0/toolchain/arm/arm-gnu-toolchain/bin/../lib/gcc/arm-none-eabi/6.3.1/../../../../arm-none-eabi/lib/thumb/v7e-m\libc.a(lib_a-mallocr.o)
                0x20400848                __malloc_sbrk_base
 .data.__malloc_trim_threshold
                0x2040084c        0x4 c:/program files (x86)/atmel/studio/7.0/toolchain/arm/arm-gnu-toolchain/bin/../lib/gcc/arm-none-eabi/6.3.1/../../../../arm-none-eabi/lib/thumb/v7e-m\libc.a(lib_a-mallocr.o)
                0x2040084c                __malloc_trim_threshold
 .data.__atexit_recursive_mutex
                0x20400850        0x4 c:/program files (x86)/atmel/studio/7.0/toolchain/arm/arm-gnu-toolchain/bin/../lib/gcc/arm-none-eabi/6.3.1/../../../../arm-none-eabi/lib/thumb/v7e-m\libc.a(lib_a-__call_atexit.o)
                0x20400850                __atexit_recursive_mutex
                0x20400854                . = ALIGN (0x4)
                0x20400854                _erelocate = .

.bss            0x20400854      0x4cc load address 0x004043d8
                0x20400854                . = ALIGN (0x4)
                0x20400854                _sbss = .
                0x20400854                _szero = .
 *(.bss .bss.*)
 .bss           0x20400854       0x1c c:/program files (x86)/atmel/studio/7.0/toolchain/arm/arm-gnu-toolchain/bin/../lib/gcc/arm-none-eabi/6.3.1/thumb/v7e-m/crtbegin.o
 .bss.g_ul_pixel_cache
                0x20400870      0x3c0 src/ASF/sam/components/display/ili9488/ili9488.o
 .bss.gs_interrupt_sources
                0x20400c30       0x70 src/ASF/sam/drivers/pio/pio_handler.o
 .bss.ul_reg_val.9451
                0x20400ca0        0x4 src/ASF/sam/drivers/usart/usart.o
 .bss.heap.6420
                0x20400ca4        0x4 src/ASF/sam/utils/syscalls/gcc/syscalls.o
 .bss.__malloc_current_mallinfo
                0x20400ca8       0x28 c:/program files (x86)/atmel/studio/7.0/toolchain/arm/arm-gnu-toolchain/bin/../lib/gcc/arm-none-eabi/6.3.1/../../../../arm-none-eabi/lib/thumb/v7e-m\libc.a(lib_a-mallocr.o)
                0x20400ca8                __malloc_current_mallinfo
 .bss.__malloc_max_sbrked_mem
                0x20400cd0        0x4 c:/program files (x86)/atmel/studio/7.0/toolchain/arm/arm-gnu-toolchain/bin/../lib/gcc/arm-none-eabi/6.3.1/../../../../arm-none-eabi/lib/thumb/v7e-m\libc.a(lib_a-mallocr.o)
                0x20400cd0                __malloc_max_sbrked_mem
 .bss.__malloc_max_total_mem
                0x20400cd4        0x4 c:/program files (x86)/atmel/studio/7.0/toolchain/arm/arm-gnu-toolchain/bin/../lib/gcc/arm-none-eabi/6.3.1/../../../../arm-none-eabi/lib/thumb/v7e-m\libc.a(lib_a-mallocr.o)
                0x20400cd4                __malloc_max_total_mem
 .bss.__malloc_top_pad
                0x20400cd8        0x4 c:/program files (x86)/atmel/studio/7.0/toolchain/arm/arm-gnu-toolchain/bin/../lib/gcc/arm-none-eabi/6.3.1/../../../../arm-none-eabi/lib/thumb/v7e-m\libc.a(lib_a-mallocr.o)
                0x20400cd8                __malloc_top_pad
 *(COMMON)
 COMMON         0x20400cdc        0x4 src/ASF/common/utils/stdio/read.o
                0x20400cdc                ptr_get
 COMMON         0x20400ce0        0x8 src/ASF/common/utils/stdio/write.o
                0x20400ce0                ptr_put
                0x20400ce4                stdio_base
 COMMON         0x20400ce8       0x10 src/main.o
                0x20400ce8                g_ili9488_display_opt
 COMMON         0x20400cf8       0x21 c:/program files (x86)/atmel/studio/7.0/toolchain/arm/arm-gnu-toolchain/bin/../lib/gcc/arm-none-eabi/6.3.1/../../../../arm-none-eabi/lib/thumb/v7e-m\libc.a(lib_a-lock.o)
                0x20400cf8                __lock___atexit_recursive_mutex
                0x20400cfc                __lock___arc4random_mutex
                0x20400d00                __lock___env_recursive_mutex
                0x20400d04                __lock___sinit_recursive_mutex
                0x20400d08                __lock___malloc_recursive_mutex
                0x20400d0c                __lock___at_quick_exit_mutex
                0x20400d10                __lock___dd_hash_mutex
                0x20400d14                __lock___tz_mutex
                0x20400d18                __lock___sfp_recursive_mutex
 *fill*         0x20400d19        0x3 
 COMMON         0x20400d1c        0x4 c:/program files (x86)/atmel/studio/7.0/toolchain/arm/arm-gnu-toolchain/bin/../lib/gcc/arm-none-eabi/6.3.1/../../../../arm-none-eabi/lib/thumb/v7e-m\libc.a(lib_a-reent.o)
                0x20400d1c                errno
                0x20400d20                . = ALIGN (0x4)
                0x20400d20                _ebss = .
                0x20400d20                _ezero = .

.stack          0x20400d20     0x2000 load address 0x004048a4
                0x20400d20                . = ALIGN (0x8)
                0x20400d20                _sstack = .
                0x20402d20                . = (. + STACK_SIZE)
 *fill*         0x20400d20     0x2000 
                0x20402d20                . = ALIGN (0x8)
                0x20402d20                _estack = .

.heap           0x20402d20      0x200 load address 0x004068a4
                0x20402d20                . = ALIGN (0x8)
                0x20402d20                _sheap = .
                0x20402f20                . = (. + HEAP_SIZE)
 *fill*         0x20402d20      0x200 
                0x20402f20                . = ALIGN (0x8)
                0x20402f20                _eheap = .
                0x20402f20                . = ALIGN (0x4)
                0x20402f20                _end = .
                0x2045ffff                _ram_end_ = ((ORIGIN (ram) + LENGTH (ram)) - 0x1)
OUTPUT(APS2.elf elf32-littlearm)

.ARM.attributes
                0x00000000       0x2e
 .ARM.attributes
                0x00000000       0x1e c:/program files (x86)/atmel/studio/7.0/toolchain/arm/arm-gnu-toolchain/bin/../lib/gcc/arm-none-eabi/6.3.1/thumb/v7e-m/crti.o
 .ARM.attributes
                0x0000001e       0x2e c:/program files (x86)/atmel/studio/7.0/toolchain/arm/arm-gnu-toolchain/bin/../lib/gcc/arm-none-eabi/6.3.1/thumb/v7e-m/crtbegin.o
 .ARM.attributes
                0x0000004c       0x37 src/ASF/common/components/touch/mxt/mxt_device_1.o
 .ARM.attributes
                0x00000083       0x37 src/ASF/common/services/clock/same70/sysclk.o
 .ARM.attributes
                0x000000ba       0x37 src/ASF/common/services/delay/sam/cycle_counter.o
 .ARM.attributes
                0x000000f1       0x37 src/ASF/common/services/spi/sam_spi/spi_master.o
 .ARM.attributes
                0x00000128       0x37 src/ASF/common/utils/interrupt/interrupt_sam_nvic.o
 .ARM.attributes
                0x0000015f       0x37 src/ASF/common/utils/stdio/read.o
 .ARM.attributes
                0x00000196       0x37 src/ASF/common/utils/stdio/write.o
 .ARM.attributes
                0x000001cd       0x37 src/ASF/sam/boards/same70_xplained/init.o
 .ARM.attributes
                0x00000204       0x37 src/ASF/sam/components/display/ili9488/ili9488.o
 .ARM.attributes
                0x0000023b       0x37 src/ASF/sam/drivers/pio/pio.o
 .ARM.attributes
                0x00000272       0x37 src/ASF/sam/drivers/pio/pio_handler.o
 .ARM.attributes
                0x000002a9       0x37 src/ASF/sam/drivers/pmc/pmc.o
 .ARM.attributes
                0x000002e0       0x37 src/ASF/sam/drivers/spi/spi.o
 .ARM.attributes
                0x00000317       0x37 src/ASF/sam/drivers/twihs/twihs.o
 .ARM.attributes
                0x0000034e       0x37 src/ASF/sam/drivers/uart/uart.o
 .ARM.attributes
                0x00000385       0x37 src/ASF/sam/drivers/usart/usart.o
 .ARM.attributes
                0x000003bc       0x37 src/ASF/sam/utils/cmsis/same70/source/templates/gcc/startup_same70.o
 .ARM.attributes
                0x000003f3       0x37 src/ASF/sam/utils/cmsis/same70/source/templates/system_same70.o
 .ARM.attributes
                0x0000042a       0x37 src/ASF/sam/utils/syscalls/gcc/syscalls.o
 .ARM.attributes
                0x00000461       0x37 src/main.o
 .ARM.attributes
                0x00000498       0x2e c:/program files (x86)/atmel/studio/7.0/toolchain/arm/arm-gnu-toolchain/bin/../lib/gcc/arm-none-eabi/6.3.1/../../../../arm-none-eabi/lib/thumb/v7e-m\libc.a(lib_a-impure.o)
 .ARM.attributes
                0x000004c6       0x2e c:/program files (x86)/atmel/studio/7.0/toolchain/arm/arm-gnu-toolchain/bin/../lib/gcc/arm-none-eabi/6.3.1/../../../../arm-none-eabi/lib/thumb/v7e-m\libc.a(lib_a-init.o)
 .ARM.attributes
                0x000004f4       0x2e c:/program files (x86)/atmel/studio/7.0/toolchain/arm/arm-gnu-toolchain/bin/../lib/gcc/arm-none-eabi/6.3.1/../../../../arm-none-eabi/lib/thumb/v7e-m\libc.a(lib_a-malloc.o)
 .ARM.attributes
                0x00000522       0x2e c:/program files (x86)/atmel/studio/7.0/toolchain/arm/arm-gnu-toolchain/bin/../lib/gcc/arm-none-eabi/6.3.1/../../../../arm-none-eabi/lib/thumb/v7e-m\libc.a(lib_a-mallocr.o)
 .ARM.attributes
                0x00000550       0x2e c:/program files (x86)/atmel/studio/7.0/toolchain/arm/arm-gnu-toolchain/bin/../lib/gcc/arm-none-eabi/6.3.1/../../../../arm-none-eabi/lib/thumb/v7e-m\libc.a(lib_a-memset.o)
 .ARM.attributes
                0x0000057e       0x2e c:/program files (x86)/atmel/studio/7.0/toolchain/arm/arm-gnu-toolchain/bin/../lib/gcc/arm-none-eabi/6.3.1/../../../../arm-none-eabi/lib/thumb/v7e-m\libc.a(lib_a-mlock.o)
 .ARM.attributes
                0x000005ac       0x2e c:/program files (x86)/atmel/studio/7.0/toolchain/arm/arm-gnu-toolchain/bin/../lib/gcc/arm-none-eabi/6.3.1/../../../../arm-none-eabi/lib/thumb/v7e-m\libc.a(lib_a-sbrkr.o)
 .ARM.attributes
                0x000005da       0x2e c:/program files (x86)/atmel/studio/7.0/toolchain/arm/arm-gnu-toolchain/bin/../lib/gcc/arm-none-eabi/6.3.1/../../../../arm-none-eabi/lib/thumb/v7e-m\libc.a(lib_a-setbuf.o)
 .ARM.attributes
                0x00000608       0x2e c:/program files (x86)/atmel/studio/7.0/toolchain/arm/arm-gnu-toolchain/bin/../lib/gcc/arm-none-eabi/6.3.1/../../../../arm-none-eabi/lib/thumb/v7e-m\libc.a(lib_a-setvbuf.o)
 .ARM.attributes
                0x00000636       0x2e c:/program files (x86)/atmel/studio/7.0/toolchain/arm/arm-gnu-toolchain/bin/../lib/gcc/arm-none-eabi/6.3.1/../../../../arm-none-eabi/lib/thumb/v7e-m\libc.a(lib_a-__call_atexit.o)
 .ARM.attributes
                0x00000664       0x2e c:/program files (x86)/atmel/studio/7.0/toolchain/arm/arm-gnu-toolchain/bin/../lib/gcc/arm-none-eabi/6.3.1/../../../../arm-none-eabi/lib/thumb/v7e-m\libc.a(lib_a-atexit.o)
 .ARM.attributes
                0x00000692       0x2e c:/program files (x86)/atmel/studio/7.0/toolchain/arm/arm-gnu-toolchain/bin/../lib/gcc/arm-none-eabi/6.3.1/../../../../arm-none-eabi/lib/thumb/v7e-m\libc.a(lib_a-fflush.o)
 .ARM.attributes
                0x000006c0       0x2e c:/program files (x86)/atmel/studio/7.0/toolchain/arm/arm-gnu-toolchain/bin/../lib/gcc/arm-none-eabi/6.3.1/../../../../arm-none-eabi/lib/thumb/v7e-m\libc.a(lib_a-findfp.o)
 .ARM.attributes
                0x000006ee       0x2e c:/program files (x86)/atmel/studio/7.0/toolchain/arm/arm-gnu-toolchain/bin/../lib/gcc/arm-none-eabi/6.3.1/../../../../arm-none-eabi/lib/thumb/v7e-m\libc.a(lib_a-fini.o)
 .ARM.attributes
                0x0000071c       0x2e c:/program files (x86)/atmel/studio/7.0/toolchain/arm/arm-gnu-toolchain/bin/../lib/gcc/arm-none-eabi/6.3.1/../../../../arm-none-eabi/lib/thumb/v7e-m\libc.a(lib_a-freer.o)
 .ARM.attributes
                0x0000074a       0x2e c:/program files (x86)/atmel/studio/7.0/toolchain/arm/arm-gnu-toolchain/bin/../lib/gcc/arm-none-eabi/6.3.1/../../../../arm-none-eabi/lib/thumb/v7e-m\libc.a(lib_a-fwalk.o)
 .ARM.attributes
                0x00000778       0x2e c:/program files (x86)/atmel/studio/7.0/toolchain/arm/arm-gnu-toolchain/bin/../lib/gcc/arm-none-eabi/6.3.1/../../../../arm-none-eabi/lib/thumb/v7e-m\libc.a(lib_a-lock.o)
 .ARM.attributes
                0x000007a6       0x2e c:/program files (x86)/atmel/studio/7.0/toolchain/arm/arm-gnu-toolchain/bin/../lib/gcc/arm-none-eabi/6.3.1/../../../../arm-none-eabi/lib/thumb/v7e-m\libc.a(lib_a-makebuf.o)
 .ARM.attributes
                0x000007d4       0x2e c:/program files (x86)/atmel/studio/7.0/toolchain/arm/arm-gnu-toolchain/bin/../lib/gcc/arm-none-eabi/6.3.1/../../../../arm-none-eabi/lib/thumb/v7e-m\libc.a(lib_a-reent.o)
 .ARM.attributes
                0x00000802       0x2e c:/program files (x86)/atmel/studio/7.0/toolchain/arm/arm-gnu-toolchain/bin/../lib/gcc/arm-none-eabi/6.3.1/../../../../arm-none-eabi/lib/thumb/v7e-m\libc.a(lib_a-stdio.o)
 .ARM.attributes
                0x00000830       0x2e c:/program files (x86)/atmel/studio/7.0/toolchain/arm/arm-gnu-toolchain/bin/../lib/gcc/arm-none-eabi/6.3.1/../../../../arm-none-eabi/lib/thumb/v7e-m\libc.a(lib_a-writer.o)
 .ARM.attributes
                0x0000085e       0x2e c:/program files (x86)/atmel/studio/7.0/toolchain/arm/arm-gnu-toolchain/bin/../lib/gcc/arm-none-eabi/6.3.1/../../../../arm-none-eabi/lib/thumb/v7e-m\libc.a(lib_a-__atexit.o)
 .ARM.attributes
                0x0000088c       0x2e c:/program files (x86)/atmel/studio/7.0/toolchain/arm/arm-gnu-toolchain/bin/../lib/gcc/arm-none-eabi/6.3.1/../../../../arm-none-eabi/lib/thumb/v7e-m\libc.a(lib_a-closer.o)
 .ARM.attributes
                0x000008ba       0x2e c:/program files (x86)/atmel/studio/7.0/toolchain/arm/arm-gnu-toolchain/bin/../lib/gcc/arm-none-eabi/6.3.1/../../../../arm-none-eabi/lib/thumb/v7e-m\libc.a(lib_a-fclose.o)
 .ARM.attributes
                0x000008e8       0x2e c:/program files (x86)/atmel/studio/7.0/toolchain/arm/arm-gnu-toolchain/bin/../lib/gcc/arm-none-eabi/6.3.1/../../../../arm-none-eabi/lib/thumb/v7e-m\libc.a(lib_a-fstatr.o)
 .ARM.attributes
                0x00000916       0x2e c:/program files (x86)/atmel/studio/7.0/toolchain/arm/arm-gnu-toolchain/bin/../lib/gcc/arm-none-eabi/6.3.1/../../../../arm-none-eabi/lib/thumb/v7e-m\libc.a(lib_a-lseekr.o)
 .ARM.attributes
                0x00000944       0x2e c:/program files (x86)/atmel/studio/7.0/toolchain/arm/arm-gnu-toolchain/bin/../lib/gcc/arm-none-eabi/6.3.1/../../../../arm-none-eabi/lib/thumb/v7e-m\libc.a(lib_a-readr.o)
 .ARM.attributes
                0x00000972       0x1e c:/program files (x86)/atmel/studio/7.0/toolchain/arm/arm-gnu-toolchain/bin/../lib/gcc/arm-none-eabi/6.3.1/thumb/v7e-m/crtn.o

.comment        0x00000000       0x59
 .comment       0x00000000       0x59 src/ASF/common/components/touch/mxt/mxt_device_1.o
                                 0x5a (size before relaxing)
 .comment       0x00000059       0x5a src/ASF/common/services/clock/same70/sysclk.o
 .comment       0x00000059       0x5a src/ASF/common/services/delay/sam/cycle_counter.o
 .comment       0x00000059       0x5a src/ASF/common/services/spi/sam_spi/spi_master.o
 .comment       0x00000059       0x5a src/ASF/common/utils/interrupt/interrupt_sam_nvic.o
 .comment       0x00000059       0x5a src/ASF/common/utils/stdio/read.o
 .comment       0x00000059       0x5a src/ASF/common/utils/stdio/write.o
 .comment       0x00000059       0x5a src/ASF/sam/boards/same70_xplained/init.o
 .comment       0x00000059       0x5a src/ASF/sam/components/display/ili9488/ili9488.o
 .comment       0x00000059       0x5a src/ASF/sam/drivers/pio/pio.o
 .comment       0x00000059       0x5a src/ASF/sam/drivers/pio/pio_handler.o
 .comment       0x00000059       0x5a src/ASF/sam/drivers/pmc/pmc.o
 .comment       0x00000059       0x5a src/ASF/sam/drivers/spi/spi.o
 .comment       0x00000059       0x5a src/ASF/sam/drivers/twihs/twihs.o
 .comment       0x00000059       0x5a src/ASF/sam/drivers/uart/uart.o
 .comment       0x00000059       0x5a src/ASF/sam/drivers/usart/usart.o
 .comment       0x00000059       0x5a src/ASF/sam/utils/cmsis/same70/source/templates/gcc/startup_same70.o
 .comment       0x00000059       0x5a src/ASF/sam/utils/cmsis/same70/source/templates/system_same70.o
 .comment       0x00000059       0x5a src/ASF/sam/utils/syscalls/gcc/syscalls.o
 .comment       0x00000059       0x5a src/main.o

.debug_info     0x00000000    0x1c8cc
 .debug_info    0x00000000     0x240d src/ASF/common/components/touch/mxt/mxt_device_1.o
 .debug_info    0x0000240d     0x12a4 src/ASF/common/services/clock/same70/sysclk.o
 .debug_info    0x000036b1      0xa45 src/ASF/common/services/delay/sam/cycle_counter.o
 .debug_info    0x000040f6     0x15fe src/ASF/common/services/spi/sam_spi/spi_master.o
 .debug_info    0x000056f4      0xb01 src/ASF/common/utils/interrupt/interrupt_sam_nvic.o
 .debug_info    0x000061f5      0xac9 src/ASF/common/utils/stdio/read.o
 .debug_info    0x00006cbe      0xac6 src/ASF/common/utils/stdio/write.o
 .debug_info    0x00007784     0x24e7 src/ASF/sam/boards/same70_xplained/init.o
 .debug_info    0x00009c6b     0x28a4 src/ASF/sam/components/display/ili9488/ili9488.o
 .debug_info    0x0000c50f     0x2174 src/ASF/sam/drivers/pio/pio.o
 .debug_info    0x0000e683     0x1b7e src/ASF/sam/drivers/pio/pio_handler.o
 .debug_info    0x00010201     0x1f12 src/ASF/sam/drivers/pmc/pmc.o
 .debug_info    0x00012113     0x1181 src/ASF/sam/drivers/spi/spi.o
 .debug_info    0x00013294     0x1599 src/ASF/sam/drivers/twihs/twihs.o
 .debug_info    0x0001482d     0x1072 src/ASF/sam/drivers/uart/uart.o
 .debug_info    0x0001589f     0x23ac src/ASF/sam/drivers/usart/usart.o
 .debug_info    0x00017c4b     0x1600 src/ASF/sam/utils/cmsis/same70/source/templates/gcc/startup_same70.o
 .debug_info    0x0001924b      0x5d0 src/ASF/sam/utils/cmsis/same70/source/templates/system_same70.o
 .debug_info    0x0001981b      0xdb0 src/ASF/sam/utils/syscalls/gcc/syscalls.o
 .debug_info    0x0001a5cb     0x2301 src/main.o

.debug_abbrev   0x00000000     0x3d72
 .debug_abbrev  0x00000000      0x44d src/ASF/common/components/touch/mxt/mxt_device_1.o
 .debug_abbrev  0x0000044d      0x31f src/ASF/common/services/clock/same70/sysclk.o
 .debug_abbrev  0x0000076c      0x1b3 src/ASF/common/services/delay/sam/cycle_counter.o
 .debug_abbrev  0x0000091f      0x3c1 src/ASF/common/services/spi/sam_spi/spi_master.o
 .debug_abbrev  0x00000ce0      0x212 src/ASF/common/utils/interrupt/interrupt_sam_nvic.o
 .debug_abbrev  0x00000ef2      0x1fe src/ASF/common/utils/stdio/read.o
 .debug_abbrev  0x000010f0      0x1e9 src/ASF/common/utils/stdio/write.o
 .debug_abbrev  0x000012d9      0x37e src/ASF/sam/boards/same70_xplained/init.o
 .debug_abbrev  0x00001657      0x41d src/ASF/sam/components/display/ili9488/ili9488.o
 .debug_abbrev  0x00001a74      0x410 src/ASF/sam/drivers/pio/pio.o
 .debug_abbrev  0x00001e84      0x32f src/ASF/sam/drivers/pio/pio_handler.o
 .debug_abbrev  0x000021b3      0x398 src/ASF/sam/drivers/pmc/pmc.o
 .debug_abbrev  0x0000254b      0x3b2 src/ASF/sam/drivers/spi/spi.o
 .debug_abbrev  0x000028fd      0x39f src/ASF/sam/drivers/twihs/twihs.o
 .debug_abbrev  0x00002c9c      0x27b src/ASF/sam/drivers/uart/uart.o
 .debug_abbrev  0x00002f17      0x3ca src/ASF/sam/drivers/usart/usart.o
 .debug_abbrev  0x000032e1      0x2e4 src/ASF/sam/utils/cmsis/same70/source/templates/gcc/startup_same70.o
 .debug_abbrev  0x000035c5      0x102 src/ASF/sam/utils/cmsis/same70/source/templates/system_same70.o
 .debug_abbrev  0x000036c7      0x264 src/ASF/sam/utils/syscalls/gcc/syscalls.o
 .debug_abbrev  0x0000392b      0x447 src/main.o

.debug_loc      0x00000000     0x8655
 .debug_loc     0x00000000      0xfd8 src/ASF/common/components/touch/mxt/mxt_device_1.o
 .debug_loc     0x00000fd8      0x183 src/ASF/common/services/clock/same70/sysclk.o
 .debug_loc     0x0000115b      0xab0 src/ASF/common/services/spi/sam_spi/spi_master.o
 .debug_loc     0x00001c0b       0xb3 src/ASF/common/utils/stdio/read.o
 .debug_loc     0x00001cbe      0x12b src/ASF/common/utils/stdio/write.o
 .debug_loc     0x00001de9      0x2d9 src/ASF/sam/boards/same70_xplained/init.o
 .debug_loc     0x000020c2     0x18a1 src/ASF/sam/components/display/ili9488/ili9488.o
 .debug_loc     0x00003963      0xea4 src/ASF/sam/drivers/pio/pio.o
 .debug_loc     0x00004807      0x588 src/ASF/sam/drivers/pio/pio_handler.o
 .debug_loc     0x00004d8f      0xc33 src/ASF/sam/drivers/pmc/pmc.o
 .debug_loc     0x000059c2      0x610 src/ASF/sam/drivers/spi/spi.o
 .debug_loc     0x00005fd2      0xc59 src/ASF/sam/drivers/twihs/twihs.o
 .debug_loc     0x00006c2b      0x2a3 src/ASF/sam/drivers/uart/uart.o
 .debug_loc     0x00006ece      0xf35 src/ASF/sam/drivers/usart/usart.o
 .debug_loc     0x00007e03       0x77 src/ASF/sam/utils/cmsis/same70/source/templates/gcc/startup_same70.o
 .debug_loc     0x00007e7a       0xfd src/ASF/sam/utils/syscalls/gcc/syscalls.o
 .debug_loc     0x00007f77      0x6de src/main.o

.debug_aranges  0x00000000      0xd68
 .debug_aranges
                0x00000000       0x90 src/ASF/common/components/touch/mxt/mxt_device_1.o
 .debug_aranges
                0x00000090       0x40 src/ASF/common/services/clock/same70/sysclk.o
 .debug_aranges
                0x000000d0       0x20 src/ASF/common/services/delay/sam/cycle_counter.o
 .debug_aranges
                0x000000f0       0x50 src/ASF/common/services/spi/sam_spi/spi_master.o
 .debug_aranges
                0x00000140       0x28 src/ASF/common/utils/interrupt/interrupt_sam_nvic.o
 .debug_aranges
                0x00000168       0x20 src/ASF/common/utils/stdio/read.o
 .debug_aranges
                0x00000188       0x20 src/ASF/common/utils/stdio/write.o
 .debug_aranges
                0x000001a8       0x20 src/ASF/sam/boards/same70_xplained/init.o
 .debug_aranges
                0x000001c8      0x138 src/ASF/sam/components/display/ili9488/ili9488.o
 .debug_aranges
                0x00000300      0x1a8 src/ASF/sam/drivers/pio/pio.o
 .debug_aranges
                0x000004a8       0x60 src/ASF/sam/drivers/pio/pio_handler.o
 .debug_aranges
                0x00000508      0x250 src/ASF/sam/drivers/pmc/pmc.o
 .debug_aranges
                0x00000758       0x90 src/ASF/sam/drivers/spi/spi.o
 .debug_aranges
                0x000007e8       0xe8 src/ASF/sam/drivers/twihs/twihs.o
 .debug_aranges
                0x000008d0       0xd8 src/ASF/sam/drivers/uart/uart.o
 .debug_aranges
                0x000009a8      0x2a8 src/ASF/sam/drivers/usart/usart.o
 .debug_aranges
                0x00000c50       0x28 src/ASF/sam/utils/cmsis/same70/source/templates/gcc/startup_same70.o
 .debug_aranges
                0x00000c78       0x30 src/ASF/sam/utils/cmsis/same70/source/templates/system_same70.o
 .debug_aranges
                0x00000ca8       0x60 src/ASF/sam/utils/syscalls/gcc/syscalls.o
 .debug_aranges
                0x00000d08       0x60 src/main.o

.debug_ranges   0x00000000      0xea8
 .debug_ranges  0x00000000      0x148 src/ASF/common/components/touch/mxt/mxt_device_1.o
 .debug_ranges  0x00000148       0x30 src/ASF/common/services/clock/same70/sysclk.o
 .debug_ranges  0x00000178       0x10 src/ASF/common/services/delay/sam/cycle_counter.o
 .debug_ranges  0x00000188       0x88 src/ASF/common/services/spi/sam_spi/spi_master.o
 .debug_ranges  0x00000210       0x18 src/ASF/common/utils/interrupt/interrupt_sam_nvic.o
 .debug_ranges  0x00000228       0x10 src/ASF/common/utils/stdio/read.o
 .debug_ranges  0x00000238       0x10 src/ASF/common/utils/stdio/write.o
 .debug_ranges  0x00000248       0x10 src/ASF/sam/boards/same70_xplained/init.o
 .debug_ranges  0x00000258      0x160 src/ASF/sam/components/display/ili9488/ili9488.o
 .debug_ranges  0x000003b8      0x2a0 src/ASF/sam/drivers/pio/pio.o
 .debug_ranges  0x00000658       0x68 src/ASF/sam/drivers/pio/pio_handler.o
 .debug_ranges  0x000006c0      0x240 src/ASF/sam/drivers/pmc/pmc.o
 .debug_ranges  0x00000900       0x80 src/ASF/sam/drivers/spi/spi.o
 .debug_ranges  0x00000980       0xd8 src/ASF/sam/drivers/twihs/twihs.o
 .debug_ranges  0x00000a58       0xc8 src/ASF/sam/drivers/uart/uart.o
 .debug_ranges  0x00000b20      0x298 src/ASF/sam/drivers/usart/usart.o
 .debug_ranges  0x00000db8       0x18 src/ASF/sam/utils/cmsis/same70/source/templates/gcc/startup_same70.o
 .debug_ranges  0x00000dd0       0x20 src/ASF/sam/utils/cmsis/same70/source/templates/system_same70.o
 .debug_ranges  0x00000df0       0x50 src/ASF/sam/utils/syscalls/gcc/syscalls.o
 .debug_ranges  0x00000e40       0x68 src/main.o

.debug_macro    0x00000000    0x228b8
 .debug_macro   0x00000000      0x771 src/ASF/common/components/touch/mxt/mxt_device_1.o
 .debug_macro   0x00000771      0x8d4 src/ASF/common/components/touch/mxt/mxt_device_1.o
 .debug_macro   0x00001045      0x6d7 src/ASF/common/components/touch/mxt/mxt_device_1.o
 .debug_macro   0x0000171c      0x16d src/ASF/common/components/touch/mxt/mxt_device_1.o
 .debug_macro   0x00001889       0x76 src/ASF/common/components/touch/mxt/mxt_device_1.o
 .debug_macro   0x000018ff       0x16 src/ASF/common/components/touch/mxt/mxt_device_1.o
 .debug_macro   0x00001915      0x6da src/ASF/common/components/touch/mxt/mxt_device_1.o
 .debug_macro   0x00001fef       0x22 src/ASF/common/components/touch/mxt/mxt_device_1.o
 .debug_macro   0x00002011       0x87 src/ASF/common/components/touch/mxt/mxt_device_1.o
 .debug_macro   0x00002098       0x51 src/ASF/common/components/touch/mxt/mxt_device_1.o
 .debug_macro   0x000020e9       0xef src/ASF/common/components/touch/mxt/mxt_device_1.o
 .debug_macro   0x000021d8       0x6a src/ASF/common/components/touch/mxt/mxt_device_1.o
 .debug_macro   0x00002242      0x1df src/ASF/common/components/touch/mxt/mxt_device_1.o
 .debug_macro   0x00002421       0x51 src/ASF/common/components/touch/mxt/mxt_device_1.o
 .debug_macro   0x00002472       0x3b src/ASF/common/components/touch/mxt/mxt_device_1.o
 .debug_macro   0x000024ad       0x2d src/ASF/common/components/touch/mxt/mxt_device_1.o
 .debug_macro   0x000024da       0x26 src/ASF/common/components/touch/mxt/mxt_device_1.o
 .debug_macro   0x00002500      0xf9a src/ASF/common/components/touch/mxt/mxt_device_1.o
 .debug_macro   0x0000349a      0x191 src/ASF/common/components/touch/mxt/mxt_device_1.o
 .debug_macro   0x0000362b      0x2ee src/ASF/common/components/touch/mxt/mxt_device_1.o
 .debug_macro   0x00003919      0xa23 src/ASF/common/components/touch/mxt/mxt_device_1.o
 .debug_macro   0x0000433c      0x1b4 src/ASF/common/components/touch/mxt/mxt_device_1.o
 .debug_macro   0x000044f0      0x35f src/ASF/common/components/touch/mxt/mxt_device_1.o
 .debug_macro   0x0000484f      0x15a src/ASF/common/components/touch/mxt/mxt_device_1.o
 .debug_macro   0x000049a9     0x18b3 src/ASF/common/components/touch/mxt/mxt_device_1.o
 .debug_macro   0x0000625c       0x1c src/ASF/common/components/touch/mxt/mxt_device_1.o
 .debug_macro   0x00006278      0x6a2 src/ASF/common/components/touch/mxt/mxt_device_1.o
 .debug_macro   0x0000691a      0x27f src/ASF/common/components/touch/mxt/mxt_device_1.o
 .debug_macro   0x00006b99      0x3ba src/ASF/common/components/touch/mxt/mxt_device_1.o
 .debug_macro   0x00006f53      0x4f0 src/ASF/common/components/touch/mxt/mxt_device_1.o
 .debug_macro   0x00007443      0x5cb src/ASF/common/components/touch/mxt/mxt_device_1.o
 .debug_macro   0x00007a0e     0x1527 src/ASF/common/components/touch/mxt/mxt_device_1.o
 .debug_macro   0x00008f35     0x2a40 src/ASF/common/components/touch/mxt/mxt_device_1.o
 .debug_macro   0x0000b975     0x113e src/ASF/common/components/touch/mxt/mxt_device_1.o
 .debug_macro   0x0000cab3      0xcdb src/ASF/common/components/touch/mxt/mxt_device_1.o
 .debug_macro   0x0000d78e      0x3c6 src/ASF/common/components/touch/mxt/mxt_device_1.o
 .debug_macro   0x0000db54       0xa0 src/ASF/common/components/touch/mxt/mxt_device_1.o
 .debug_macro   0x0000dbf4       0x76 src/ASF/common/components/touch/mxt/mxt_device_1.o
 .debug_macro   0x0000dc6a      0x442 src/ASF/common/components/touch/mxt/mxt_device_1.o
 .debug_macro   0x0000e0ac       0x64 src/ASF/common/components/touch/mxt/mxt_device_1.o
 .debug_macro   0x0000e110      0x299 src/ASF/common/components/touch/mxt/mxt_device_1.o
 .debug_macro   0x0000e3a9      0x201 src/ASF/common/components/touch/mxt/mxt_device_1.o
 .debug_macro   0x0000e5aa      0x280 src/ASF/common/components/touch/mxt/mxt_device_1.o
 .debug_macro   0x0000e82a      0x539 src/ASF/common/components/touch/mxt/mxt_device_1.o
 .debug_macro   0x0000ed63      0x64f src/ASF/common/components/touch/mxt/mxt_device_1.o
 .debug_macro   0x0000f3b2      0x6cc src/ASF/common/components/touch/mxt/mxt_device_1.o
 .debug_macro   0x0000fa7e       0x64 src/ASF/common/components/touch/mxt/mxt_device_1.o
 .debug_macro   0x0000fae2      0x4c4 src/ASF/common/components/touch/mxt/mxt_device_1.o
 .debug_macro   0x0000ffa6      0x237 src/ASF/common/components/touch/mxt/mxt_device_1.o
 .debug_macro   0x000101dd      0xa06 src/ASF/common/components/touch/mxt/mxt_device_1.o
 .debug_macro   0x00010be3     0x14ec src/ASF/common/components/touch/mxt/mxt_device_1.o
 .debug_macro   0x000120cf       0x40 src/ASF/common/components/touch/mxt/mxt_device_1.o
 .debug_macro   0x0001210f       0x76 src/ASF/common/components/touch/mxt/mxt_device_1.o
 .debug_macro   0x00012185      0xdd1 src/ASF/common/components/touch/mxt/mxt_device_1.o
 .debug_macro   0x00012f56       0x88 src/ASF/common/components/touch/mxt/mxt_device_1.o
 .debug_macro   0x00012fde       0x7c src/ASF/common/components/touch/mxt/mxt_device_1.o
 .debug_macro   0x0001305a       0x52 src/ASF/common/components/touch/mxt/mxt_device_1.o
 .debug_macro   0x000130ac      0x133 src/ASF/common/components/touch/mxt/mxt_device_1.o
 .debug_macro   0x000131df      0x133 src/ASF/common/components/touch/mxt/mxt_device_1.o
 .debug_macro   0x00013312      0x133 src/ASF/common/components/touch/mxt/mxt_device_1.o
 .debug_macro   0x00013445       0x76 src/ASF/common/components/touch/mxt/mxt_device_1.o
 .debug_macro   0x000134bb       0x76 src/ASF/common/components/touch/mxt/mxt_device_1.o
 .debug_macro   0x00013531      0x2fe src/ASF/common/components/touch/mxt/mxt_device_1.o
 .debug_macro   0x0001382f       0xca src/ASF/common/components/touch/mxt/mxt_device_1.o
 .debug_macro   0x000138f9       0xca src/ASF/common/components/touch/mxt/mxt_device_1.o
 .debug_macro   0x000139c3       0xca src/ASF/common/components/touch/mxt/mxt_device_1.o
 .debug_macro   0x00013a8d      0x13b src/ASF/common/components/touch/mxt/mxt_device_1.o
 .debug_macro   0x00013bc8      0x13b src/ASF/common/components/touch/mxt/mxt_device_1.o
 .debug_macro   0x00013d03      0x2cd src/ASF/common/components/touch/mxt/mxt_device_1.o
 .debug_macro   0x00013fd0       0xbe src/ASF/common/components/touch/mxt/mxt_device_1.o
 .debug_macro   0x0001408e       0x64 src/ASF/common/components/touch/mxt/mxt_device_1.o
 .debug_macro   0x000140f2       0x46 src/ASF/common/components/touch/mxt/mxt_device_1.o
 .debug_macro   0x00014138       0x64 src/ASF/common/components/touch/mxt/mxt_device_1.o
 .debug_macro   0x0001419c       0xa6 src/ASF/common/components/touch/mxt/mxt_device_1.o
 .debug_macro   0x00014242      0x4b7 src/ASF/common/components/touch/mxt/mxt_device_1.o
 .debug_macro   0x000146f9      0x133 src/ASF/common/components/touch/mxt/mxt_device_1.o
 .debug_macro   0x0001482c       0x52 src/ASF/common/components/touch/mxt/mxt_device_1.o
 .debug_macro   0x0001487e      0x2fe src/ASF/common/components/touch/mxt/mxt_device_1.o
 .debug_macro   0x00014b7c       0x76 src/ASF/common/components/touch/mxt/mxt_device_1.o
 .debug_macro   0x00014bf2       0xbe src/ASF/common/components/touch/mxt/mxt_device_1.o
 .debug_macro   0x00014cb0       0x70 src/ASF/common/components/touch/mxt/mxt_device_1.o
 .debug_macro   0x00014d20       0x34 src/ASF/common/components/touch/mxt/mxt_device_1.o
 .debug_macro   0x00014d54      0x9b8 src/ASF/common/components/touch/mxt/mxt_device_1.o
 .debug_macro   0x0001570c       0x70 src/ASF/common/components/touch/mxt/mxt_device_1.o
 .debug_macro   0x0001577c       0x8e src/ASF/common/components/touch/mxt/mxt_device_1.o
 .debug_macro   0x0001580a       0x5e src/ASF/common/components/touch/mxt/mxt_device_1.o
 .debug_macro   0x00015868       0xfa src/ASF/common/components/touch/mxt/mxt_device_1.o
 .debug_macro   0x00015962       0x4c src/ASF/common/components/touch/mxt/mxt_device_1.o
 .debug_macro   0x000159ae       0x4c src/ASF/common/components/touch/mxt/mxt_device_1.o
 .debug_macro   0x000159fa       0x16 src/ASF/common/components/touch/mxt/mxt_device_1.o
 .debug_macro   0x00015a10       0xfa src/ASF/common/components/touch/mxt/mxt_device_1.o
 .debug_macro   0x00015b0a       0x52 src/ASF/common/components/touch/mxt/mxt_device_1.o
 .debug_macro   0x00015b5c       0x16 src/ASF/common/components/touch/mxt/mxt_device_1.o
 .debug_macro   0x00015b72       0x52 src/ASF/common/components/touch/mxt/mxt_device_1.o
 .debug_macro   0x00015bc4       0x2e src/ASF/common/components/touch/mxt/mxt_device_1.o
 .debug_macro   0x00015bf2      0x1b3 src/ASF/common/components/touch/mxt/mxt_device_1.o
 .debug_macro   0x00015da5      0x1b3 src/ASF/common/components/touch/mxt/mxt_device_1.o
 .debug_macro   0x00015f58      0x1b3 src/ASF/common/components/touch/mxt/mxt_device_1.o
 .debug_macro   0x0001610b      0x1b3 src/ASF/common/components/touch/mxt/mxt_device_1.o
 .debug_macro   0x000162be      0x1b3 src/ASF/common/components/touch/mxt/mxt_device_1.o
 .debug_macro   0x00016471       0x1c src/ASF/common/components/touch/mxt/mxt_device_1.o
 .debug_macro   0x0001648d       0x34 src/ASF/common/components/touch/mxt/mxt_device_1.o
 .debug_macro   0x000164c1       0x22 src/ASF/common/components/touch/mxt/mxt_device_1.o
 .debug_macro   0x000164e3       0x1c src/ASF/common/components/touch/mxt/mxt_device_1.o
 .debug_macro   0x000164ff       0x5e src/ASF/common/components/touch/mxt/mxt_device_1.o
 .debug_macro   0x0001655d       0x10 src/ASF/common/components/touch/mxt/mxt_device_1.o
 .debug_macro   0x0001656d       0x1c src/ASF/common/components/touch/mxt/mxt_device_1.o
 .debug_macro   0x00016589       0x52 src/ASF/common/components/touch/mxt/mxt_device_1.o
 .debug_macro   0x000165db       0x52 src/ASF/common/components/touch/mxt/mxt_device_1.o
 .debug_macro   0x0001662d       0x52 src/ASF/common/components/touch/mxt/mxt_device_1.o
 .debug_macro   0x0001667f      0x33e src/ASF/common/components/touch/mxt/mxt_device_1.o
 .debug_macro   0x000169bd     0x10ab src/ASF/common/components/touch/mxt/mxt_device_1.o
 .debug_macro   0x00017a68      0x107 src/ASF/common/components/touch/mxt/mxt_device_1.o
 .debug_macro   0x00017b6f       0x58 src/ASF/common/components/touch/mxt/mxt_device_1.o
 .debug_macro   0x00017bc7       0x35 src/ASF/common/components/touch/mxt/mxt_device_1.o
 .debug_macro   0x00017bfc       0x9c src/ASF/common/components/touch/mxt/mxt_device_1.o
 .debug_macro   0x00017c98       0x16 src/ASF/common/components/touch/mxt/mxt_device_1.o
 .debug_macro   0x00017cae       0x35 src/ASF/common/components/touch/mxt/mxt_device_1.o
 .debug_macro   0x00017ce3      0x353 src/ASF/common/components/touch/mxt/mxt_device_1.o
 .debug_macro   0x00018036       0x10 src/ASF/common/components/touch/mxt/mxt_device_1.o
 .debug_macro   0x00018046       0x58 src/ASF/common/components/touch/mxt/mxt_device_1.o
 .debug_macro   0x0001809e       0x1f src/ASF/common/components/touch/mxt/mxt_device_1.o
 .debug_macro   0x000180bd       0x43 src/ASF/common/components/touch/mxt/mxt_device_1.o
 .debug_macro   0x00018100       0x20 src/ASF/common/components/touch/mxt/mxt_device_1.o
 .debug_macro   0x00018120      0x187 src/ASF/common/components/touch/mxt/mxt_device_1.o
 .debug_macro   0x000182a7       0x10 src/ASF/common/components/touch/mxt/mxt_device_1.o
 .debug_macro   0x000182b7       0x1c src/ASF/common/components/touch/mxt/mxt_device_1.o
 .debug_macro   0x000182d3       0x52 src/ASF/common/components/touch/mxt/mxt_device_1.o
 .debug_macro   0x00018325       0x40 src/ASF/common/components/touch/mxt/mxt_device_1.o
 .debug_macro   0x00018365       0x10 src/ASF/common/components/touch/mxt/mxt_device_1.o
 .debug_macro   0x00018375       0x40 src/ASF/common/components/touch/mxt/mxt_device_1.o
 .debug_macro   0x000183b5       0xd7 src/ASF/common/components/touch/mxt/mxt_device_1.o
 .debug_macro   0x0001848c       0x16 src/ASF/common/components/touch/mxt/mxt_device_1.o
 .debug_macro   0x000184a2      0x18b src/ASF/common/components/touch/mxt/mxt_device_1.o
 .debug_macro   0x0001862d       0x22 src/ASF/common/components/touch/mxt/mxt_device_1.o
 .debug_macro   0x0001864f       0x16 src/ASF/common/components/touch/mxt/mxt_device_1.o
 .debug_macro   0x00018665       0x16 src/ASF/common/components/touch/mxt/mxt_device_1.o
 .debug_macro   0x0001867b       0x29 src/ASF/common/components/touch/mxt/mxt_device_1.o
 .debug_macro   0x000186a4       0x73 src/ASF/common/components/touch/mxt/mxt_device_1.o
 .debug_macro   0x00018717       0x3e src/ASF/common/components/touch/mxt/mxt_device_1.o
 .debug_macro   0x00018755      0x3ca src/ASF/common/components/touch/mxt/mxt_device_1.o
 .debug_macro   0x00018b1f       0x4c src/ASF/common/components/touch/mxt/mxt_device_1.o
 .debug_macro   0x00018b6b       0x3a src/ASF/common/components/touch/mxt/mxt_device_1.o
 .debug_macro   0x00018ba5      0x2c3 src/ASF/common/components/touch/mxt/mxt_device_1.o
 .debug_macro   0x00018e68      0xa91 src/ASF/common/components/touch/mxt/mxt_device_1.o
 .debug_macro   0x000198f9       0x70 src/ASF/common/components/touch/mxt/mxt_device_1.o
 .debug_macro   0x00019969       0x64 src/ASF/common/components/touch/mxt/mxt_device_1.o
 .debug_macro   0x000199cd       0x5f src/ASF/common/components/touch/mxt/mxt_device_1.o
 .debug_macro   0x00019a2c       0xac src/ASF/common/components/touch/mxt/mxt_device_1.o
 .debug_macro   0x00019ad8       0x10 src/ASF/common/components/touch/mxt/mxt_device_1.o
 .debug_macro   0x00019ae8       0x88 src/ASF/common/components/touch/mxt/mxt_device_1.o
 .debug_macro   0x00019b70       0x10 src/ASF/common/components/touch/mxt/mxt_device_1.o
 .debug_macro   0x00019b80       0x7d src/ASF/common/components/touch/mxt/mxt_device_1.o
 .debug_macro   0x00019bfd      0x6f2 src/ASF/common/services/clock/same70/sysclk.o
 .debug_macro   0x0001a2ef      0x2bd src/ASF/common/services/clock/same70/sysclk.o
 .debug_macro   0x0001a5ac      0x686 src/ASF/common/services/delay/sam/cycle_counter.o
 .debug_macro   0x0001ac32       0x22 src/ASF/common/services/delay/sam/cycle_counter.o
 .debug_macro   0x0001ac54      0x733 src/ASF/common/services/spi/sam_spi/spi_master.o
 .debug_macro   0x0001b387       0x16 src/ASF/common/services/spi/sam_spi/spi_master.o
 .debug_macro   0x0001b39d       0x28 src/ASF/common/services/spi/sam_spi/spi_master.o
 .debug_macro   0x0001b3c5       0x2e src/ASF/common/services/spi/sam_spi/spi_master.o
 .debug_macro   0x0001b3f3      0x676 src/ASF/common/utils/interrupt/interrupt_sam_nvic.o
 .debug_macro   0x0001ba69      0x676 src/ASF/common/utils/stdio/read.o
 .debug_macro   0x0001c0df      0x676 src/ASF/common/utils/stdio/write.o
 .debug_macro   0x0001c755      0x72e src/ASF/sam/boards/same70_xplained/init.o
 .debug_macro   0x0001ce83       0x28 src/ASF/sam/boards/same70_xplained/init.o
 .debug_macro   0x0001ceab       0x82 src/ASF/sam/boards/same70_xplained/init.o
 .debug_macro   0x0001cf2d       0x94 src/ASF/sam/boards/same70_xplained/init.o
 .debug_macro   0x0001cfc1      0x772 src/ASF/sam/components/display/ili9488/ili9488.o
 .debug_macro   0x0001d733       0x16 src/ASF/sam/components/display/ili9488/ili9488.o
 .debug_macro   0x0001d749      0x41e src/ASF/sam/components/display/ili9488/ili9488.o
 .debug_macro   0x0001db67       0x16 src/ASF/sam/components/display/ili9488/ili9488.o
 .debug_macro   0x0001db7d       0x16 src/ASF/sam/components/display/ili9488/ili9488.o
 .debug_macro   0x0001db93      0x68c src/ASF/sam/drivers/pio/pio.o
 .debug_macro   0x0001e21f       0x8e src/ASF/sam/drivers/pio/pio.o
 .debug_macro   0x0001e2ad      0x697 src/ASF/sam/drivers/pio/pio_handler.o
 .debug_macro   0x0001e944      0x68c src/ASF/sam/drivers/pmc/pmc.o
 .debug_macro   0x0001efd0       0x6a src/ASF/sam/drivers/pmc/pmc.o
 .debug_macro   0x0001f03a      0x6fb src/ASF/sam/drivers/spi/spi.o
 .debug_macro   0x0001f735       0x10 src/ASF/sam/drivers/spi/spi.o
 .debug_macro   0x0001f745      0x6aa src/ASF/sam/drivers/twihs/twihs.o
 .debug_macro   0x0001fdef       0x46 src/ASF/sam/drivers/twihs/twihs.o
 .debug_macro   0x0001fe35      0x686 src/ASF/sam/drivers/uart/uart.o
 .debug_macro   0x000204bb       0x16 src/ASF/sam/drivers/uart/uart.o
 .debug_macro   0x000204d1      0x6bc src/ASF/sam/drivers/usart/usart.o
 .debug_macro   0x00020b8d       0x28 src/ASF/sam/drivers/usart/usart.o
 .debug_macro   0x00020bb5      0x685 src/ASF/sam/utils/cmsis/same70/source/templates/gcc/startup_same70.o
 .debug_macro   0x0002123a       0x10 src/ASF/sam/utils/cmsis/same70/source/templates/gcc/startup_same70.o
 .debug_macro   0x0002124a      0x473 src/ASF/sam/utils/cmsis/same70/source/templates/system_same70.o
 .debug_macro   0x000216bd      0x1d6 src/ASF/sam/utils/syscalls/gcc/syscalls.o
 .debug_macro   0x00021893       0x52 src/ASF/sam/utils/syscalls/gcc/syscalls.o
 .debug_macro   0x000218e5       0x8d src/ASF/sam/utils/syscalls/gcc/syscalls.o
 .debug_macro   0x00021972       0x57 src/ASF/sam/utils/syscalls/gcc/syscalls.o
 .debug_macro   0x000219c9       0x97 src/ASF/sam/utils/syscalls/gcc/syscalls.o
 .debug_macro   0x00021a60       0xf6 src/ASF/sam/utils/syscalls/gcc/syscalls.o
 .debug_macro   0x00021b56       0x4c src/ASF/sam/utils/syscalls/gcc/syscalls.o
 .debug_macro   0x00021ba2       0x16 src/ASF/sam/utils/syscalls/gcc/syscalls.o
 .debug_macro   0x00021bb8       0x10 src/ASF/sam/utils/syscalls/gcc/syscalls.o
 .debug_macro   0x00021bc8       0x10 src/ASF/sam/utils/syscalls/gcc/syscalls.o
 .debug_macro   0x00021bd8       0x35 src/ASF/sam/utils/syscalls/gcc/syscalls.o
 .debug_macro   0x00021c0d      0x122 src/ASF/sam/utils/syscalls/gcc/syscalls.o
 .debug_macro   0x00021d2f      0x8c3 src/main.o
 .debug_macro   0x000225f2       0x28 src/main.o
 .debug_macro   0x0002261a       0x22 src/main.o
 .debug_macro   0x0002263c       0x40 src/main.o
 .debug_macro   0x0002267c      0x1c8 src/main.o
 .debug_macro   0x00022844       0x16 src/main.o
 .debug_macro   0x0002285a       0x1c src/main.o
 .debug_macro   0x00022876       0x16 src/main.o
 .debug_macro   0x0002288c       0x16 src/main.o
 .debug_macro   0x000228a2       0x16 src/main.o

.debug_line     0x00000000     0xf3db
 .debug_line    0x00000000      0xe92 src/ASF/common/components/touch/mxt/mxt_device_1.o
 .debug_line    0x00000e92      0xb71 src/ASF/common/services/clock/same70/sysclk.o
 .debug_line    0x00001a03      0xa0f src/ASF/common/services/delay/sam/cycle_counter.o
 .debug_line    0x00002412      0xcf7 src/ASF/common/services/spi/sam_spi/spi_master.o
 .debug_line    0x00003109      0xa22 src/ASF/common/utils/interrupt/interrupt_sam_nvic.o
 .debug_line    0x00003b2b      0xa09 src/ASF/common/utils/stdio/read.o
 .debug_line    0x00004534      0xa01 src/ASF/common/utils/stdio/write.o
 .debug_line    0x00004f35      0xc8f src/ASF/sam/boards/same70_xplained/init.o
 .debug_line    0x00005bc4     0x1031 src/ASF/sam/components/display/ili9488/ili9488.o
 .debug_line    0x00006bf5      0xf05 src/ASF/sam/drivers/pio/pio.o
 .debug_line    0x00007afa      0xae1 src/ASF/sam/drivers/pio/pio_handler.o
 .debug_line    0x000085db     0x107f src/ASF/sam/drivers/pmc/pmc.o
 .debug_line    0x0000965a      0xc62 src/ASF/sam/drivers/spi/spi.o
 .debug_line    0x0000a2bc      0xca8 src/ASF/sam/drivers/twihs/twihs.o
 .debug_line    0x0000af64      0xb9b src/ASF/sam/drivers/uart/uart.o
 .debug_line    0x0000baff     0x1098 src/ASF/sam/drivers/usart/usart.o
 .debug_line    0x0000cb97      0xa95 src/ASF/sam/utils/cmsis/same70/source/templates/gcc/startup_same70.o
 .debug_line    0x0000d62c      0x80a src/ASF/sam/utils/cmsis/same70/source/templates/system_same70.o
 .debug_line    0x0000de36      0x40b src/ASF/sam/utils/syscalls/gcc/syscalls.o
 .debug_line    0x0000e241     0x119a src/main.o

.debug_str      0x00000000    0x95334
 .debug_str     0x00000000    0x8d224 src/ASF/common/components/touch/mxt/mxt_device_1.o
                              0x8da41 (size before relaxing)
 .debug_str     0x0008d224      0x4c3 src/ASF/common/services/clock/same70/sysclk.o
                              0x8cc09 (size before relaxing)
 .debug_str     0x0008d6e7      0x1b5 src/ASF/common/services/delay/sam/cycle_counter.o
                              0x886a9 (size before relaxing)
 .debug_str     0x0008d89c      0x61a src/ASF/common/services/spi/sam_spi/spi_master.o
                              0x8cf64 (size before relaxing)
 .debug_str     0x0008deb6       0x94 src/ASF/common/utils/interrupt/interrupt_sam_nvic.o
                              0x88579 (size before relaxing)
 .debug_str     0x0008df4a       0x3f src/ASF/common/utils/stdio/read.o
                              0x88522 (size before relaxing)
 .debug_str     0x0008df89       0x2e src/ASF/common/utils/stdio/write.o
                              0x88523 (size before relaxing)
 .debug_str     0x0008dfb7      0xb67 src/ASF/sam/boards/same70_xplained/init.o
                              0x8d906 (size before relaxing)
 .debug_str     0x0008eb1e     0x1cf8 src/ASF/sam/components/display/ili9488/ili9488.o
                              0x8eb3c (size before relaxing)
 .debug_str     0x00090816      0x54a src/ASF/sam/drivers/pio/pio.o
                              0x890db (size before relaxing)
 .debug_str     0x00090d60      0x4f4 src/ASF/sam/drivers/pio/pio_handler.o
                              0x892a2 (size before relaxing)
 .debug_str     0x00091254      0x6b7 src/ASF/sam/drivers/pmc/pmc.o
                              0x8926a (size before relaxing)
 .debug_str     0x0009190b      0x1c5 src/ASF/sam/drivers/spi/spi.o
                              0x8cb71 (size before relaxing)
 .debug_str     0x00091ad0      0x3ca src/ASF/sam/drivers/twihs/twihs.o
                              0x88b54 (size before relaxing)
 .debug_str     0x00091e9a      0x2fc src/ASF/sam/drivers/uart/uart.o
                              0x88840 (size before relaxing)
 .debug_str     0x00092196      0xaba src/ASF/sam/drivers/usart/usart.o
                              0x890b4 (size before relaxing)
 .debug_str     0x00092c50      0x76f src/ASF/sam/utils/cmsis/same70/source/templates/gcc/startup_same70.o
                              0x88e12 (size before relaxing)
 .debug_str     0x000933bf      0x137 src/ASF/sam/utils/cmsis/same70/source/templates/system_same70.o
                              0x784b2 (size before relaxing)
 .debug_str     0x000934f6      0x768 src/ASF/sam/utils/syscalls/gcc/syscalls.o
                               0x7497 (size before relaxing)
 .debug_str     0x00093c5e     0x16d6 src/main.o
                              0x90c02 (size before relaxing)

.debug_frame    0x00000000     0x2718
 .debug_frame   0x00000000      0x1d4 src/ASF/common/components/touch/mxt/mxt_device_1.o
 .debug_frame   0x000001d4       0x88 src/ASF/common/services/clock/same70/sysclk.o
 .debug_frame   0x0000025c       0x20 src/ASF/common/services/delay/sam/cycle_counter.o
 .debug_frame   0x0000027c      0x108 src/ASF/common/services/spi/sam_spi/spi_master.o
 .debug_frame   0x00000384       0x30 src/ASF/common/utils/interrupt/interrupt_sam_nvic.o
 .debug_frame   0x000003b4       0x30 src/ASF/common/utils/stdio/read.o
 .debug_frame   0x000003e4       0x48 src/ASF/common/utils/stdio/write.o
 .debug_frame   0x0000042c       0x30 src/ASF/sam/boards/same70_xplained/init.o
 .debug_frame   0x0000045c      0x474 src/ASF/sam/components/display/ili9488/ili9488.o
 .debug_frame   0x000008d0      0x390 src/ASF/sam/drivers/pio/pio.o
 .debug_frame   0x00000c60      0x110 src/ASF/sam/drivers/pio/pio_handler.o
 .debug_frame   0x00000d70      0x4ac src/ASF/sam/drivers/pmc/pmc.o
 .debug_frame   0x0000121c      0x140 src/ASF/sam/drivers/spi/spi.o
 .debug_frame   0x0000135c      0x248 src/ASF/sam/drivers/twihs/twihs.o
 .debug_frame   0x000015a4      0x19c src/ASF/sam/drivers/uart/uart.o
 .debug_frame   0x00001740      0x5c0 src/ASF/sam/drivers/usart/usart.o
 .debug_frame   0x00001d00       0x38 src/ASF/sam/utils/cmsis/same70/source/templates/gcc/startup_same70.o
 .debug_frame   0x00001d38       0x40 src/ASF/sam/utils/cmsis/same70/source/templates/system_same70.o
 .debug_frame   0x00001d78       0xa0 src/ASF/sam/utils/syscalls/gcc/syscalls.o
 .debug_frame   0x00001e18       0xf4 src/main.o
 .debug_frame   0x00001f0c       0x2c c:/program files (x86)/atmel/studio/7.0/toolchain/arm/arm-gnu-toolchain/bin/../lib/gcc/arm-none-eabi/6.3.1/../../../../arm-none-eabi/lib/thumb/v7e-m\libc.a(lib_a-init.o)
 .debug_frame   0x00001f38       0x30 c:/program files (x86)/atmel/studio/7.0/toolchain/arm/arm-gnu-toolchain/bin/../lib/gcc/arm-none-eabi/6.3.1/../../../../arm-none-eabi/lib/thumb/v7e-m\libc.a(lib_a-malloc.o)
 .debug_frame   0x00001f68       0x58 c:/program files (x86)/atmel/studio/7.0/toolchain/arm/arm-gnu-toolchain/bin/../lib/gcc/arm-none-eabi/6.3.1/../../../../arm-none-eabi/lib/thumb/v7e-m\libc.a(lib_a-mallocr.o)
 .debug_frame   0x00001fc0       0x34 c:/program files (x86)/atmel/studio/7.0/toolchain/arm/arm-gnu-toolchain/bin/../lib/gcc/arm-none-eabi/6.3.1/../../../../arm-none-eabi/lib/thumb/v7e-m\libc.a(lib_a-memset.o)
 .debug_frame   0x00001ff4       0x30 c:/program files (x86)/atmel/studio/7.0/toolchain/arm/arm-gnu-toolchain/bin/../lib/gcc/arm-none-eabi/6.3.1/../../../../arm-none-eabi/lib/thumb/v7e-m\libc.a(lib_a-mlock.o)
 .debug_frame   0x00002024       0x2c c:/program files (x86)/atmel/studio/7.0/toolchain/arm/arm-gnu-toolchain/bin/../lib/gcc/arm-none-eabi/6.3.1/../../../../arm-none-eabi/lib/thumb/v7e-m\libc.a(lib_a-sbrkr.o)
 .debug_frame   0x00002050       0x20 c:/program files (x86)/atmel/studio/7.0/toolchain/arm/arm-gnu-toolchain/bin/../lib/gcc/arm-none-eabi/6.3.1/../../../../arm-none-eabi/lib/thumb/v7e-m\libc.a(lib_a-setbuf.o)
 .debug_frame   0x00002070       0x48 c:/program files (x86)/atmel/studio/7.0/toolchain/arm/arm-gnu-toolchain/bin/../lib/gcc/arm-none-eabi/6.3.1/../../../../arm-none-eabi/lib/thumb/v7e-m\libc.a(lib_a-setvbuf.o)
 .debug_frame   0x000020b8       0x5c c:/program files (x86)/atmel/studio/7.0/toolchain/arm/arm-gnu-toolchain/bin/../lib/gcc/arm-none-eabi/6.3.1/../../../../arm-none-eabi/lib/thumb/v7e-m\libc.a(lib_a-__call_atexit.o)
 .debug_frame   0x00002114       0x20 c:/program files (x86)/atmel/studio/7.0/toolchain/arm/arm-gnu-toolchain/bin/../lib/gcc/arm-none-eabi/6.3.1/../../../../arm-none-eabi/lib/thumb/v7e-m\libc.a(lib_a-atexit.o)
 .debug_frame   0x00002134       0x5c c:/program files (x86)/atmel/studio/7.0/toolchain/arm/arm-gnu-toolchain/bin/../lib/gcc/arm-none-eabi/6.3.1/../../../../arm-none-eabi/lib/thumb/v7e-m\libc.a(lib_a-fflush.o)
 .debug_frame   0x00002190      0x148 c:/program files (x86)/atmel/studio/7.0/toolchain/arm/arm-gnu-toolchain/bin/../lib/gcc/arm-none-eabi/6.3.1/../../../../arm-none-eabi/lib/thumb/v7e-m\libc.a(lib_a-findfp.o)
 .debug_frame   0x000022d8       0x34 c:/program files (x86)/atmel/studio/7.0/toolchain/arm/arm-gnu-toolchain/bin/../lib/gcc/arm-none-eabi/6.3.1/../../../../arm-none-eabi/lib/thumb/v7e-m\libc.a(lib_a-fini.o)
 .debug_frame   0x0000230c       0x74 c:/program files (x86)/atmel/studio/7.0/toolchain/arm/arm-gnu-toolchain/bin/../lib/gcc/arm-none-eabi/6.3.1/../../../../arm-none-eabi/lib/thumb/v7e-m\libc.a(lib_a-freer.o)
 .debug_frame   0x00002380       0x54 c:/program files (x86)/atmel/studio/7.0/toolchain/arm/arm-gnu-toolchain/bin/../lib/gcc/arm-none-eabi/6.3.1/../../../../arm-none-eabi/lib/thumb/v7e-m\libc.a(lib_a-fwalk.o)
 .debug_frame   0x000023d4       0xb0 c:/program files (x86)/atmel/studio/7.0/toolchain/arm/arm-gnu-toolchain/bin/../lib/gcc/arm-none-eabi/6.3.1/../../../../arm-none-eabi/lib/thumb/v7e-m\libc.a(lib_a-lock.o)
 .debug_frame   0x00002484       0x68 c:/program files (x86)/atmel/studio/7.0/toolchain/arm/arm-gnu-toolchain/bin/../lib/gcc/arm-none-eabi/6.3.1/../../../../arm-none-eabi/lib/thumb/v7e-m\libc.a(lib_a-makebuf.o)
 .debug_frame   0x000024ec       0x58 c:/program files (x86)/atmel/studio/7.0/toolchain/arm/arm-gnu-toolchain/bin/../lib/gcc/arm-none-eabi/6.3.1/../../../../arm-none-eabi/lib/thumb/v7e-m\libc.a(lib_a-reent.o)
 .debug_frame   0x00002544       0x88 c:/program files (x86)/atmel/studio/7.0/toolchain/arm/arm-gnu-toolchain/bin/../lib/gcc/arm-none-eabi/6.3.1/../../../../arm-none-eabi/lib/thumb/v7e-m\libc.a(lib_a-stdio.o)
 .debug_frame   0x000025cc       0x2c c:/program files (x86)/atmel/studio/7.0/toolchain/arm/arm-gnu-toolchain/bin/../lib/gcc/arm-none-eabi/6.3.1/../../../../arm-none-eabi/lib/thumb/v7e-m\libc.a(lib_a-writer.o)
 .debug_frame   0x000025f8       0x34 c:/program files (x86)/atmel/studio/7.0/toolchain/arm/arm-gnu-toolchain/bin/../lib/gcc/arm-none-eabi/6.3.1/../../../../arm-none-eabi/lib/thumb/v7e-m\libc.a(lib_a-__atexit.o)
 .debug_frame   0x0000262c       0x2c c:/program files (x86)/atmel/studio/7.0/toolchain/arm/arm-gnu-toolchain/bin/../lib/gcc/arm-none-eabi/6.3.1/../../../../arm-none-eabi/lib/thumb/v7e-m\libc.a(lib_a-closer.o)
 .debug_frame   0x00002658       0x3c c:/program files (x86)/atmel/studio/7.0/toolchain/arm/arm-gnu-toolchain/bin/../lib/gcc/arm-none-eabi/6.3.1/../../../../arm-none-eabi/lib/thumb/v7e-m\libc.a(lib_a-fclose.o)
 .debug_frame   0x00002694       0x2c c:/program files (x86)/atmel/studio/7.0/toolchain/arm/arm-gnu-toolchain/bin/../lib/gcc/arm-none-eabi/6.3.1/../../../../arm-none-eabi/lib/thumb/v7e-m\libc.a(lib_a-fstatr.o)
 .debug_frame   0x000026c0       0x2c c:/program files (x86)/atmel/studio/7.0/toolchain/arm/arm-gnu-toolchain/bin/../lib/gcc/arm-none-eabi/6.3.1/../../../../arm-none-eabi/lib/thumb/v7e-m\libc.a(lib_a-lseekr.o)
 .debug_frame   0x000026ec       0x2c c:/program files (x86)/atmel/studio/7.0/toolchain/arm/arm-gnu-toolchain/bin/../lib/gcc/arm-none-eabi/6.3.1/../../../../arm-none-eabi/lib/thumb/v7e-m\libc.a(lib_a-readr.o)

Cross Reference Table

Symbol                                            File
ACC_Handler                                       src/ASF/sam/utils/cmsis/same70/source/templates/gcc/startup_same70.o
AES_Handler                                       src/ASF/sam/utils/cmsis/same70/source/templates/gcc/startup_same70.o
AFEC0_Handler                                     src/ASF/sam/utils/cmsis/same70/source/templates/gcc/startup_same70.o
AFEC1_Handler                                     src/ASF/sam/utils/cmsis/same70/source/templates/gcc/startup_same70.o
BUTTON_BORDER                                     src/main.o
BUTTON_H                                          src/main.o
BUTTON_W                                          src/main.o
BUTTON_X                                          src/main.o
BUTTON_Y                                          src/main.o
BusFault_Handler                                  src/ASF/sam/utils/cmsis/same70/source/templates/gcc/startup_same70.o
CCF_Handler                                       src/ASF/sam/utils/cmsis/same70/source/templates/gcc/startup_same70.o
CCW_Handler                                       src/ASF/sam/utils/cmsis/same70/source/templates/gcc/startup_same70.o
DACC_Handler                                      src/ASF/sam/utils/cmsis/same70/source/templates/gcc/startup_same70.o
DebugMon_Handler                                  src/ASF/sam/utils/cmsis/same70/source/templates/gcc/startup_same70.o
Dummy_Handler                                     src/ASF/sam/utils/cmsis/same70/source/templates/gcc/startup_same70.o
EFC_Handler                                       src/ASF/sam/utils/cmsis/same70/source/templates/gcc/startup_same70.o
FPU_Handler                                       src/ASF/sam/utils/cmsis/same70/source/templates/gcc/startup_same70.o
GMAC_Handler                                      src/ASF/sam/utils/cmsis/same70/source/templates/gcc/startup_same70.o
GMAC_Q1_Handler                                   src/ASF/sam/utils/cmsis/same70/source/templates/gcc/startup_same70.o
GMAC_Q2_Handler                                   src/ASF/sam/utils/cmsis/same70/source/templates/gcc/startup_same70.o
GMAC_Q3_Handler                                   src/ASF/sam/utils/cmsis/same70/source/templates/gcc/startup_same70.o
GMAC_Q4_Handler                                   src/ASF/sam/utils/cmsis/same70/source/templates/gcc/startup_same70.o
GMAC_Q5_Handler                                   src/ASF/sam/utils/cmsis/same70/source/templates/gcc/startup_same70.o
HSMCI_Handler                                     src/ASF/sam/utils/cmsis/same70/source/templates/gcc/startup_same70.o
HardFault_Handler                                 src/ASF/sam/utils/cmsis/same70/source/templates/gcc/startup_same70.o
I2SC0_Handler                                     src/ASF/sam/utils/cmsis/same70/source/templates/gcc/startup_same70.o
I2SC1_Handler                                     src/ASF/sam/utils/cmsis/same70/source/templates/gcc/startup_same70.o
ICM_Handler                                       src/ASF/sam/utils/cmsis/same70/source/templates/gcc/startup_same70.o
ISI_Handler                                       src/ASF/sam/utils/cmsis/same70/source/templates/gcc/startup_same70.o
IXC_Handler                                       src/ASF/sam/utils/cmsis/same70/source/templates/gcc/startup_same70.o